[INFO] [launch]: All log files can be found below /home/desh/.ros/log/2026-10-05-13-10-43-166622-desh-Nitro-AN515-58-153926
[INFO] [launch]: Default logging verbosity is set to INFO
[yoru] mode:=auto resolved to "localization" (map found: /home/desh/Yoru_bot_publication/maps/sim/main_map.yaml)
[yoru] server profile: SIMULATION (yoru_sim.yaml)
[INFO] [ros2-1]: process started with pid [153930]
[INFO] [robot_state_publisher-2]: process started with pid [153932]
[INFO] [twist_mux-3]: process started with pid [153934]
[INFO] [gzserver-4]: process started with pid [153936]
[INFO] [spawn_entity.py-5]: process started with pid [153938]
[INFO] [spawner-6]: process started with pid [153940]
[INFO] [spawner-7]: process started with pid [153942]
[INFO] [static_transform_publisher-8]: process started with pid [153944]
[INFO] [static_transform_publisher-9]: process started with pid [153946]
[INFO] [yolo_detector_node-10]: process started with pid [153948]
[INFO] [scenario_publisher_node-11]: process started with pid [153950]
[INFO] [tracking_node-12]: process started with pid [153952]
[INFO] [event_confirmation_node-13]: process started with pid [153954]
[INFO] [camera_target_node-14]: process started with pid [153956]
[INFO] [yolo_detector_node-15]: process started with pid [153960]
[INFO] [tracking_node-16]: process started with pid [153962]
[INFO] [event_confirmation_node-17]: process started with pid [153977]
[INFO] [camera_target_node-18]: process started with pid [153989]
[INFO] [nav2_goal_sender_node-19]: process started with pid [154000]
[INFO] [compliance_fsm_node-20]: process started with pid [154005]
[INFO] [audio_warning_node-21]: process started with pid [154007]
[INFO] [incident_logger_node-22]: process started with pid [154009]
[INFO] [incident_emailer_node-23]: process started with pid [154012]
[INFO] [patrol_node-24]: process started with pid [154014]
[INFO] [return_to_base_node-25]: process started with pid [154016]
[INFO] [admin_joy_node-26]: process started with pid [154018]
[INFO] [dashboard_node-27]: process started with pid [154020]
[INFO] [human_actor_node-28]: process started with pid [154022]
[robot_state_publisher-2] [INFO] [1791202243.506818550] [robot_state_publisher]: got segment base_footprint
[robot_state_publisher-2] [INFO] [1791202243.506939075] [robot_state_publisher]: got segment base_link
[robot_state_publisher-2] [INFO] [1791202243.506949111] [robot_state_publisher]: got segment camera_link
[robot_state_publisher-2] [INFO] [1791202243.506953953] [robot_state_publisher]: got segment camera_link_optical
[robot_state_publisher-2] [INFO] [1791202243.506958526] [robot_state_publisher]: got segment caster_wheel
[robot_state_publisher-2] [INFO] [1791202243.506962834] [robot_state_publisher]: got segment chassis
[robot_state_publisher-2] [INFO] [1791202243.506966944] [robot_state_publisher]: got segment laser_frame
[robot_state_publisher-2] [INFO] [1791202243.506971196] [robot_state_publisher]: got segment left_wheel
[robot_state_publisher-2] [INFO] [1791202243.506975719] [robot_state_publisher]: got segment right_wheel
[twist_mux-3] [INFO] [1791202243.490191331] [twist_mux]: Topic handler 'topics.joystick' subscribed to topic 'cmd_vel_joy': timeout = 0.500000s , priority = 100.
[twist_mux-3] [INFO] [1791202243.491541026] [twist_mux]: Topic handler 'topics.navigation' subscribed to topic 'cmd_vel': timeout = 0.500000s , priority = 10.
[twist_mux-3] [INFO] [1791202243.491901964] [twist_mux]: Topic handler 'topics.tracker' subscribed to topic 'cmd_vel_tracker': timeout = 0.500000s , priority = 20.
[static_transform_publisher-8] [INFO] [1791202243.505648425] [cctv1_tf]: Spinning until stopped - publishing transform
[static_transform_publisher-8] translation: ('5.800000', '0.000000', '2.500000')
[static_transform_publisher-8] rotation: ('-0.271547', '0.000000', '0.962425', '0.000001')
[static_transform_publisher-8] from 'map' to 'cctv1_link'
[static_transform_publisher-9] [INFO] [1791202243.505305753] [cctv2_tf]: Spinning until stopped - publishing transform
[static_transform_publisher-9] translation: ('-5.800000', '0.000000', '2.500000')
[static_transform_publisher-9] rotation: ('0.000000', '0.271547', '0.000000', '0.962425')
[static_transform_publisher-9] from 'map' to 'cctv2_link'
[ros2-1] stdin is not a terminal device. Keyboard handling disabled.[INFO] [1791202243.822319244] [rosbag2_recorder]: Press SPACE for pausing/resuming
[ros2-1] [INFO] [1791202243.825730555] [rosbag2_storage]: Opened database '/home/desh/Yoru_bot_publication/evidence/phase3/runs/P3_C7/bag/bag_0.db3' for READ_WRITE.
[ros2-1] [INFO] [1791202243.828492029] [rosbag2_recorder]: Listening for topics...
[ros2-1] [INFO] [1791202243.831915110] [rosbag2_recorder]: Event publisher thread: Starting
[ros2-1] [INFO] [1791202243.833174567] [rosbag2_recorder]: Subscribed to topic '/tf_static'
[ros2-1] [INFO] [1791202243.835074911] [rosbag2_recorder]: Subscribed to topic '/diff_cont/cmd_vel_unstamped'
[ros2-1] [INFO] [1791202243.835184443] [rosbag2_recorder]: Recording...
[ros2-1] [INFO] [1791202243.938053121] [rosbag2_recorder]: Subscribed to topic '/compliance/audio_event'
[ros2-1] [INFO] [1791202243.943733499] [rosbag2_recorder]: Subscribed to topic '/compliance/autonomy_paused'
[ros2-1] [INFO] [1791202243.948406134] [rosbag2_recorder]: Subscribed to topic '/compliance/scenario_ground_truth'
[ros2-1] [INFO] [1791202243.949276708] [rosbag2_recorder]: Subscribed to topic '/tf'
[audio_warning_node-21] [INFO] [1791202244.007230609] [audio_warning_node]: Audio warning node ready - backend: log-only (use_audio: false)
[admin_joy_node-26] [INFO] [1791202244.028947519] [admin_joy_node]: Admin joystick ready: OPTIONS = pause/resume autonomy, TRIANGLE = return to base, L2 + left stick = drive
[spawner-6] [INFO] [1791202244.059204604] [spawner_diff_cont]: waiting for service /controller_manager/list_controllers to become available...
[ros2-1] [INFO] [1791202244.068703978] [rosbag2_recorder]: Subscribed to topic '/clock'
[scenario_publisher_node-11] [INFO] [1791202244.069102243] [scenario_publisher_node]: Scenario publisher: mode=world, scenario=c7_conflict, device appears after 30s -> /compliance/cctv1/detections
[ros2-1] [INFO] [1791202244.075030112] [rosbag2_recorder]: Subscribed to topic '/compliance/navigation_targets'
[camera_target_node-18] [INFO] [1791202244.143400118] [camera_target_cctv2]: Loaded 1 camera spot(s) from /home/desh/Yoru_bot_publication/maps/sim/cameras.json
[camera_target_node-18] [INFO] [1791202244.144810943] [camera_target_cctv2]: Camera target node ready (camera_id=cctv2, registry=/home/desh/Yoru_bot_publication/maps/sim/cameras.json)
[ros2-1] [INFO] [1791202244.183456926] [rosbag2_recorder]: Subscribed to topic '/compliance/pa_warning'
[ros2-1] [INFO] [1791202244.184451314] [rosbag2_recorder]: Subscribed to topic '/compliance/fsm_status'
[ros2-1] [INFO] [1791202244.185189161] [rosbag2_recorder]: Subscribed to topic '/compliance/event_metadata'
[ros2-1] [INFO] [1791202244.185872937] [rosbag2_recorder]: Subscribed to topic '/compliance/direct_warning'
[spawner-7] [INFO] [1791202244.187931255] [spawner_joint_broad]: waiting for service /controller_manager/list_controllers to become available...
[ros2-1] [INFO] [1791202244.197877177] [rosbag2_recorder]: Subscribed to topic '/compliance/confirmation_debug'
[ros2-1] [INFO] [1791202244.203275310] [rosbag2_recorder]: Subscribed to topic '/compliance/cctv1/confirmed'
[event_confirmation_node-13] [INFO] [1791202244.203833534] [confirm_cctv1]: Event confirmation node ready (criteria C1-C7, weights w_D=0.4, w_P=0.3, w_T=0.2, w_S=0.1, confirm>=0.6)
[compliance_fsm_node-20] [INFO] [1791202244.242730643] [compliance_fsm_node]: Compliance FSM ready (state: MONITORING)
[human_actor_node-28] [INFO] [1791202244.263037062] [human_actor_node]: Human actor node: seed=5, violator=person_1, layout=[('person_1', 2.3, -1.5, 'violator')]
[incident_emailer_node-23] [INFO] [1791202244.293754636] [incident_emailer_node]: Incident emailer ready (deshwind02@gmail.com -> deshwind02@gmail.com, rooms: ['room_a', 'room_b'], keyframes: /home/desh/compliance_robot_logs/keyframes)
[camera_target_node-14] [INFO] [1791202244.308902182] [camera_target_cctv1]: Loaded 1 camera spot(s) from /home/desh/Yoru_bot_publication/maps/sim/cameras.json
[ros2-1] [INFO] [1791202244.310985598] [rosbag2_recorder]: Subscribed to topic '/compliance/fsm_state'
[ros2-1] [INFO] [1791202244.317365010] [rosbag2_recorder]: Subscribed to topic '/cmd_vel_tracker'
[camera_target_node-14] [INFO] [1791202244.322710980] [camera_target_cctv1]: Camera target node ready (camera_id=cctv1, registry=/home/desh/Yoru_bot_publication/maps/sim/cameras.json)
[ros2-1] [INFO] [1791202244.323995689] [rosbag2_recorder]: Subscribed to topic '/compliance/tracking_info'
[tracking_node-12] [INFO] [1791202244.327608995] [tracking_cctv1]: SORT tracking node ready
[ros2-1] [INFO] [1791202244.331299277] [rosbag2_recorder]: Subscribed to topic '/compliance/incident_log_path'
[ros2-1] [INFO] [1791202244.335663439] [rosbag2_recorder]: Subscribed to topic '/compliance/incident_log'
[incident_logger_node-22] [INFO] [1791202244.340838178] [incident_logger_node]: Incident logger ready -> /home/desh/Yoru_bot_publication/evidence/phase3/runs/P3_C7/incident_logs/incidents.jsonl
[ros2-1] [INFO] [1791202244.349636073] [rosbag2_recorder]: Subscribed to topic '/compliance/actor_events'
[tracking_node-16] [INFO] [1791202244.364941743] [tracking_cctv2]: SORT tracking node ready
[spawn_entity.py-5] [INFO] [1791202244.372653647] [spawn_entity]: Spawn Entity started
[spawn_entity.py-5] [INFO] [1791202244.373091417] [spawn_entity]: Loading entity published on topic robot_description
[spawn_entity.py-5] [INFO] [1791202244.376579473] [spawn_entity]: Waiting for entity xml on robot_description
[event_confirmation_node-17] [INFO] [1791202244.380862255] [confirm_cctv2]: Event confirmation node ready (criteria C1-C7, weights w_D=0.4, w_P=0.3, w_T=0.2, w_S=0.1, confirm>=0.6)
[spawn_entity.py-5] [INFO] [1791202244.444454141] [spawn_entity]: Waiting for service /spawn_entity, timeout = 30
[spawn_entity.py-5] [INFO] [1791202244.445633712] [spawn_entity]: Waiting for service /spawn_entity
[ros2-1] [INFO] [1791202244.454340533] [rosbag2_recorder]: Subscribed to topic '/compliance/cctv2/confirmed'
[dashboard_node-27] [INFO] [1791202244.475611549] [dashboard_node]: Admin dashboard at http://localhost:8080  |  from your phone: http://192.168.1.28:8080 (same Wi-Fi; first run: you will be asked to CREATE the admin password)
[patrol_node-24] [INFO] [1791202244.501054654] [patrol_node]: Patrol node ready (1 waypoints, enabled=False)
[nav2_goal_sender_node-19] [INFO] [1791202244.523591596] [nav2_goal_sender_node]: Nav2 goal sender ready (waits for FSM APPROACH)
[return_to_base_node-25] [INFO] [1791202244.544193395] [return_to_base_node]: Return-to-base ready (1 base pose(s))
[spawn_entity.py-5] [INFO] [1791202245.204835248] [spawn_entity]: Calling service /spawn_entity
[ros2-1] [INFO] [1791202245.474300903] [rosbag2_recorder]: Subscribed to topic '/compliance/nav_status'
[gzserver-4] [INFO] [1791202245.503447252] [cctv1_controller]: Publishing camera info to [/cctv1/camera_info]
[gzserver-4] [INFO] [1791202245.516771930] [cctv2_controller]: Publishing camera info to [/cctv2/camera_info]
[gzserver-4] [INFO] [1791202245.541313863] [gazebo.gazebo_ros_state]: Publishing states of gazebo models at [/gazebo/model_states]
[gzserver-4] [INFO] [1791202245.541972359] [gazebo.gazebo_ros_state]: Publishing states of gazebo links at [/gazebo/link_states]
[yolo_detector_node-10] /home/desh/.local/lib/python3.10/site-packages/matplotlib/projections/__init__.py:63: UserWarning: Unable to import Axes3D. This may be due to multiple versions of Matplotlib being installed (e.g. as a system package and as a pip package). As a result, the 3D projection is not available.
[yolo_detector_node-10]   warnings.warn("Unable to import Axes3D. This may be due to multiple versions of "
[yolo_detector_node-15] /home/desh/.local/lib/python3.10/site-packages/matplotlib/projections/__init__.py:63: UserWarning: Unable to import Axes3D. This may be due to multiple versions of Matplotlib being installed (e.g. as a system package and as a pip package). As a result, the 3D projection is not available.
[yolo_detector_node-15]   warnings.warn("Unable to import Axes3D. This may be due to multiple versions of "
[gzserver-4] [INFO] [1791202245.570361471] [yoru_actor_person_1]: actor 'person_1' ready (body 'person_1_body', 0.60 m/s)
[ros2-1] [INFO] [1791202245.578980446] [rosbag2_recorder]: Subscribed to topic '/gazebo/model_states'
[gzserver-4] [INFO] [1791202245.581506883] [yoru_actor_person_2]: actor 'person_2' ready (body 'person_2_body', 0.60 m/s)
[gzserver-4] [INFO] [1791202245.593218002] [yoru_actor_person_3]: actor 'person_3' ready (body 'person_3_body', 0.60 m/s)
[gzserver-4] [INFO] [1791202245.604270211] [yoru_actor_intruder_1]: actor 'intruder_1' ready (body 'intruder_1_body', 1.20 m/s)
[spawn_entity.py-5] [INFO] [1791202245.712014230] [spawn_entity]: Spawn status: SpawnEntity: Successfully spawned entity [yoru_robot]
[INFO] [spawn_entity.py-5]: process has finished cleanly [pid 153938]
[gzserver-4] [INFO] [1791202245.960511017] [camera_controller]: Publishing camera info to [/camera/camera_info]
[ros2-1] [INFO] [1791202245.990219494] [rosbag2_recorder]: Subscribed to topic '/scan'
[gzserver-4] [INFO] [1791202246.025101939] [gazebo_ros2_control]: Loading gazebo_ros2_control plugin
[gzserver-4] [INFO] [1791202246.034620977] [gazebo_ros2_control]: Starting gazebo_ros2_control plugin in namespace: /
[gzserver-4] [INFO] [1791202246.034660736] [gazebo_ros2_control]: Starting gazebo_ros2_control plugin in ros 2 node: gazebo_ros2_control
[gzserver-4] [INFO] [1791202246.042595058] [gazebo_ros2_control]: connected to service!! robot_state_publisher
[gzserver-4] [INFO] [1791202246.043136879] [gazebo_ros2_control]: Received urdf from param server, parsing...
[gzserver-4] [INFO] [1791202246.043191414] [gazebo_ros2_control]: Loading parameter files /home/desh/Yoru_bot_publication/install/yoru_base/share/yoru_base/config/my_controllers.yaml
[gzserver-4] [INFO] [1791202246.043207853] [gazebo_ros2_control]: Loading parameter files /home/desh/Yoru_bot_publication/install/yoru_base/share/yoru_base/config/gaz_ros2_ctl_use_sim.yaml
[gzserver-4] [INFO] [1791202246.052769386] [gazebo_ros2_control]: Loading joint: left_wheel_joint
[gzserver-4] [INFO] [1791202246.052833655] [gazebo_ros2_control]: 	State:
[gzserver-4] [INFO] [1791202246.052849288] [gazebo_ros2_control]: 		 velocity
[gzserver-4] [INFO] [1791202246.052863246] [gazebo_ros2_control]: 		 position
[gzserver-4] [INFO] [1791202246.052874374] [gazebo_ros2_control]: 	Command:
[gzserver-4] [INFO] [1791202246.052930577] [gazebo_ros2_control]: 		 velocity
[gzserver-4] [INFO] [1791202246.053251076] [gazebo_ros2_control]: Loading joint: right_wheel_joint
[gzserver-4] [INFO] [1791202246.053280040] [gazebo_ros2_control]: 	State:
[gzserver-4] [INFO] [1791202246.053290887] [gazebo_ros2_control]: 		 velocity
[gzserver-4] [INFO] [1791202246.053301186] [gazebo_ros2_control]: 		 position
[gzserver-4] [INFO] [1791202246.053311096] [gazebo_ros2_control]: 	Command:
[gzserver-4] [INFO] [1791202246.053330233] [gazebo_ros2_control]: 		 velocity
[gzserver-4] [INFO] [1791202246.053836695] [resource_manager]: Initialize hardware 'GazeboSystem' 
[gzserver-4] [INFO] [1791202246.053986062] [resource_manager]: Successful initialization of hardware 'GazeboSystem'
[gzserver-4] [INFO] [1791202246.054050162] [resource_manager]: 'configure' hardware 'GazeboSystem' 
[gzserver-4] [INFO] [1791202246.054057157] [resource_manager]: Successful 'configure' of hardware 'GazeboSystem'
[gzserver-4] [INFO] [1791202246.054060947] [resource_manager]: 'activate' hardware 'GazeboSystem' 
[gzserver-4] [INFO] [1791202246.054064458] [resource_manager]: Successful 'activate' of hardware 'GazeboSystem'
[gzserver-4] [INFO] [1791202246.054122019] [gazebo_ros2_control]: Loading controller_manager
[gzserver-4] [WARN] [1791202246.087128322] [gazebo_ros2_control]:  Desired controller update period (0.0333333 s) is slower than the gazebo simulation period (0.001 s).
[gzserver-4] [INFO] [1791202246.087367674] [gazebo_ros2_control]: Loaded gazebo_ros2_control.
[gzserver-4] [INFO] [1791202246.194234631] [controller_manager]: Loading controller 'joint_broad'
[ros2-1] [INFO] [1791202246.196773556] [rosbag2_recorder]: Subscribed to topic '/person_1/cmd_pose'
[spawner-7] [INFO] [1791202246.228832602] [spawner_joint_broad]: [94mLoaded [1mjoint_broad[0m
[gzserver-4] [INFO] [1791202246.230698691] [controller_manager]: Configuring controller 'joint_broad'
[gzserver-4] [INFO] [1791202246.231035665] [joint_broad]: 'joints' or 'interfaces' parameter is empty. All available state interfaces will be published
[spawner-7] [INFO] [1791202246.332145673] [spawner_joint_broad]: [92mConfigured and activated [1mjoint_broad[0m
[gzserver-4] [INFO] [1791202246.333843230] [controller_manager]: Loading controller 'diff_cont'
[spawner-6] [INFO] [1791202246.366930489] [spawner_diff_cont]: [94mLoaded [1mdiff_cont[0m
[gzserver-4] [INFO] [1791202246.369110182] [controller_manager]: Configuring controller 'diff_cont'
[yolo_detector_node-15] [INFO] [1791202246.382934531] [yolo_cctv2]: Camera source: ROS topic /cctv2/image_raw
[yolo_detector_node-10] [INFO] [1791202246.383102948] [yolo_cctv1]: Camera source: ROS topic /cctv1/image_raw
[yolo_detector_node-15] [INFO] [1791202246.383243924] [yolo_cctv2]: YOLO detector ready (model=/home/desh/Yoru_bot_publication/yolov8n.pt, source=ros_topic, publishing /compliance/cctv2/detections)
[yolo_detector_node-10] [INFO] [1791202246.383387487] [yolo_cctv1]: YOLO detector ready (model=/home/desh/Yoru_bot_publication/yolov8n.pt, source=ros_topic, publishing /compliance/cctv1/detections_yolo)
[ros2-1] [INFO] [1791202246.404429200] [rosbag2_recorder]: Subscribed to topic '/diff_cont/odom'
[spawner-6] [INFO] [1791202246.471404326] [spawner_diff_cont]: [92mConfigured and activated [1mdiff_cont[0m
[INFO] [spawner-7]: process has finished cleanly [pid 153942]
[INFO] [spawner-6]: process has finished cleanly [pid 153940]
[yolo_detector_node-10] /home/desh/.local/lib/python3.10/site-packages/torch/cuda/__init__.py:187: UserWarning: CUDA initialization: Unexpected error from cudaGetDeviceCount(). Did you run some cuda functions before calling NumCudaDevices() that might have already set an error? Error 804: forward compatibility was attempted on non supported HW (Triggered internally at /pytorch/c10/cuda/CUDAFunctions.cpp:119.)
[yolo_detector_node-10]   return torch._C._cuda_getDeviceCount() > 0
[yolo_detector_node-15] /home/desh/.local/lib/python3.10/site-packages/torch/cuda/__init__.py:187: UserWarning: CUDA initialization: Unexpected error from cudaGetDeviceCount(). Did you run some cuda functions before calling NumCudaDevices() that might have already set an error? Error 804: forward compatibility was attempted on non supported HW (Triggered internally at /pytorch/c10/cuda/CUDAFunctions.cpp:119.)
[yolo_detector_node-15]   return torch._C._cuda_getDeviceCount() > 0
[INFO] [map_server-29]: process started with pid [154743]
[INFO] [amcl-30]: process started with pid [154745]
[INFO] [lifecycle_manager-31]: process started with pid [154747]
[amcl-30] [INFO] [1791202248.584140547] [amcl]: 
[amcl-30] 	amcl lifecycle node launched. 
[amcl-30] 	Waiting on external lifecycle transitions to activate
[amcl-30] 	See https://design.ros2.org/articles/node_lifecycle.html for more information.
[amcl-30] [INFO] [1791202248.584878374] [amcl]: Creating
[lifecycle_manager-31] [INFO] [1791202248.619468741] [lifecycle_manager_localization]: Creating
[map_server-29] [INFO] [1791202248.619818927] [map_server]: 
[map_server-29] 	map_server lifecycle node launched. 
[map_server-29] 	Waiting on external lifecycle transitions to activate
[map_server-29] 	See https://design.ros2.org/articles/node_lifecycle.html for more information.
[map_server-29] [INFO] [1791202248.619958717] [map_server]: Creating
[lifecycle_manager-31] [INFO] [1791202248.621032361] [lifecycle_manager_localization]: [34m[1mCreating and initializing lifecycle service clients[0m[0m
[lifecycle_manager-31] [INFO] [1791202248.808562609] [lifecycle_manager_localization]: [34m[1mStarting managed nodes bringup...[0m[0m
[lifecycle_manager-31] [INFO] [1791202248.809474574] [lifecycle_manager_localization]: [34m[1mConfiguring map_server[0m[0m
[map_server-29] [INFO] [1791202249.175052891] [map_server]: Configuring
[map_server-29] [INFO] [1791202249.175158011] [map_io]: Loading yaml file: /home/desh/Yoru_bot_publication/maps/sim/main_map.yaml
[map_server-29] [INFO] [1791202249.175417749] [map_io]: resolution: 0.05
[map_server-29] [INFO] [1791202249.175427782] [map_io]: origin[0]: -5.93
[map_server-29] [INFO] [1791202249.175434521] [map_io]: origin[1]: -3.95
[map_server-29] [INFO] [1791202249.175440112] [map_io]: origin[2]: 0
[map_server-29] [INFO] [1791202249.175446149] [map_io]: free_thresh: 0.25
[map_server-29] [INFO] [1791202249.175451885] [map_io]: occupied_thresh: 0.65
[map_server-29] [INFO] [1791202249.175458007] [map_io]: mode: trinary
[map_server-29] [INFO] [1791202249.175464066] [map_io]: negate: 0
[map_server-29] [INFO] [1791202249.175635120] [map_io]: Loading image_file: /home/desh/Yoru_bot_publication/maps/sim/main_map.pgm
[map_server-29] [INFO] [1791202249.182005665] [map_io]: Read map /home/desh/Yoru_bot_publication/maps/sim/main_map.pgm: 238 X 158 map @ 0.05 m/cell
[lifecycle_manager-31] [INFO] [1791202249.199048638] [lifecycle_manager_localization]: [34m[1mConfiguring amcl[0m[0m
[amcl-30] [INFO] [1791202249.670311375] [amcl]: Configuring
[amcl-30] [INFO] [1791202249.670417735] [amcl]: initTransforms
[amcl-30] [INFO] [1791202249.688188185] [amcl]: initPubSub
[amcl-30] [INFO] [1791202249.690718874] [amcl]: Subscribed to map topic.
[lifecycle_manager-31] [INFO] [1791202249.702276851] [lifecycle_manager_localization]: [34m[1mActivating map_server[0m[0m
[map_server-29] [INFO] [1791202249.702420557] [map_server]: Activating
[map_server-29] [INFO] [1791202249.702632563] [map_server]: Creating bond (map_server) to lifecycle manager.
[amcl-30] [INFO] [1791202249.702719979] [amcl]: Received a 238 X 158 map @ 0.050 m/pix
[ros2-1] [INFO] [1791202249.744379369] [rosbag2_recorder]: Subscribed to topic '/amcl_pose'
[lifecycle_manager-31] [INFO] [1791202249.818197104] [lifecycle_manager_localization]: Server map_server connected with bond.
[lifecycle_manager-31] [INFO] [1791202249.818241358] [lifecycle_manager_localization]: [34m[1mActivating amcl[0m[0m
[amcl-30] [INFO] [1791202249.818534713] [amcl]: Activating
[amcl-30] [INFO] [1791202249.818570976] [amcl]: initialPoseReceived
[amcl-30] [INFO] [1791202249.818595018] [amcl]: Setting pose (3.500000): -0.000 0.000 0.000
[amcl-30] [INFO] [1791202249.818952615] [amcl]: Creating bond (amcl) to lifecycle manager.
[amcl-30] [INFO] [1791202249.845217561] [amcl]: createLaserObject
[lifecycle_manager-31] [INFO] [1791202249.923524401] [lifecycle_manager_localization]: Server amcl connected with bond.
[lifecycle_manager-31] [INFO] [1791202249.923568953] [lifecycle_manager_localization]: [34m[1mManaged nodes are active[0m[0m
[lifecycle_manager-31] [INFO] [1791202249.923576085] [lifecycle_manager_localization]: [34m[1mCreating bond timer...[0m[0m
[INFO] [controller_server-32]: process started with pid [154783]
[INFO] [smoother_server-33]: process started with pid [154785]
[INFO] [planner_server-34]: process started with pid [154787]
[INFO] [behavior_server-35]: process started with pid [154789]
[INFO] [bt_navigator-36]: process started with pid [154791]
[INFO] [waypoint_follower-37]: process started with pid [154793]
[INFO] [velocity_smoother-38]: process started with pid [154795]
[behavior_server-35] [INFO] [1791202251.740528411] [behavior_server]: 
[behavior_server-35] 	behavior_server lifecycle node launched. 
[behavior_server-35] 	Waiting on external lifecycle transitions to activate
[behavior_server-35] 	See https://design.ros2.org/articles/node_lifecycle.html for more information.
[velocity_smoother-38] [INFO] [1791202251.771759328] [velocity_smoother]: 
[velocity_smoother-38] 	velocity_smoother lifecycle node launched. 
[velocity_smoother-38] 	Waiting on external lifecycle transitions to activate
[velocity_smoother-38] 	See https://design.ros2.org/articles/node_lifecycle.html for more information.
[controller_server-32] [INFO] [1791202251.801269926] [controller_server]: 
[controller_server-32] 	controller_server lifecycle node launched. 
[controller_server-32] 	Waiting on external lifecycle transitions to activate
[controller_server-32] 	See https://design.ros2.org/articles/node_lifecycle.html for more information.
[planner_server-34] [INFO] [1791202251.810379568] [planner_server]: 
[planner_server-34] 	planner_server lifecycle node launched. 
[planner_server-34] 	Waiting on external lifecycle transitions to activate
[planner_server-34] 	See https://design.ros2.org/articles/node_lifecycle.html for more information.
[planner_server-34] [INFO] [1791202251.811554534] [planner_server]: Creating
[controller_server-32] [INFO] [1791202251.812431191] [controller_server]: Creating controller server
[waypoint_follower-37] [INFO] [1791202251.817341741] [waypoint_follower]: 
[waypoint_follower-37] 	waypoint_follower lifecycle node launched. 
[waypoint_follower-37] 	Waiting on external lifecycle transitions to activate
[waypoint_follower-37] 	See https://design.ros2.org/articles/node_lifecycle.html for more information.
[waypoint_follower-37] [INFO] [1791202251.817904661] [waypoint_follower]: Creating
[smoother_server-33] [INFO] [1791202251.827403509] [smoother_server]: 
[smoother_server-33] 	smoother_server lifecycle node launched. 
[smoother_server-33] 	Waiting on external lifecycle transitions to activate
[smoother_server-33] 	See https://design.ros2.org/articles/node_lifecycle.html for more information.
[smoother_server-33] [INFO] [1791202251.838490818] [smoother_server]: Creating smoother server
[controller_server-32] [INFO] [1791202251.892235072] [local_costmap.local_costmap]: 
[controller_server-32] 	local_costmap lifecycle node launched. 
[controller_server-32] 	Waiting on external lifecycle transitions to activate
[controller_server-32] 	See https://design.ros2.org/articles/node_lifecycle.html for more information.
[controller_server-32] [INFO] [1791202251.893864279] [local_costmap.local_costmap]: Creating Costmap
[bt_navigator-36] [INFO] [1791202252.147055560] [bt_navigator]: 
[bt_navigator-36] 	bt_navigator lifecycle node launched. 
[bt_navigator-36] 	Waiting on external lifecycle transitions to activate
[bt_navigator-36] 	See https://design.ros2.org/articles/node_lifecycle.html for more information.
[bt_navigator-36] [INFO] [1791202252.147199785] [bt_navigator]: Creating
[planner_server-34] [INFO] [1791202252.160992995] [global_costmap.global_costmap]: 
[planner_server-34] 	global_costmap lifecycle node launched. 
[planner_server-34] 	Waiting on external lifecycle transitions to activate
[planner_server-34] 	See https://design.ros2.org/articles/node_lifecycle.html for more information.
[planner_server-34] [INFO] [1791202252.161401145] [global_costmap.global_costmap]: Creating Costmap
[INFO] [lifecycle_manager-39]: process started with pid [154871]
[lifecycle_manager-39] [INFO] [1791202259.751474290] [lifecycle_manager_navigation]: Creating
[lifecycle_manager-39] [INFO] [1791202259.756548906] [lifecycle_manager_navigation]: [34m[1mCreating and initializing lifecycle service clients[0m[0m
[lifecycle_manager-39] [INFO] [1791202261.826023320] [lifecycle_manager_navigation]: [34m[1mStarting managed nodes bringup...[0m[0m
[lifecycle_manager-39] [INFO] [1791202261.826081260] [lifecycle_manager_navigation]: [34m[1mConfiguring controller_server[0m[0m
[controller_server-32] [INFO] [1791202261.826455445] [controller_server]: Configuring controller interface
[controller_server-32] [INFO] [1791202261.827566755] [controller_server]: getting goal checker plugins..
[controller_server-32] [INFO] [1791202261.827757839] [controller_server]: Controller frequency set to 20.0000Hz
[controller_server-32] [INFO] [1791202261.827785157] [local_costmap.local_costmap]: Configuring
[controller_server-32] [INFO] [1791202261.842203891] [local_costmap.local_costmap]: Using plugin "voxel_layer"
[controller_server-32] [INFO] [1791202261.850568545] [local_costmap.local_costmap]: Subscribed to Topics: scan
[controller_server-32] [INFO] [1791202261.867712425] [local_costmap.local_costmap]: Initialized plugin "voxel_layer"
[controller_server-32] [INFO] [1791202261.867762065] [local_costmap.local_costmap]: Using plugin "inflation_layer"
[controller_server-32] [INFO] [1791202261.868832110] [local_costmap.local_costmap]: Initialized plugin "inflation_layer"
[controller_server-32] [INFO] [1791202261.895198182] [controller_server]: Created progress_checker : progress_checker of type nav2_controller::SimpleProgressChecker
[controller_server-32] [INFO] [1791202261.899541139] [controller_server]: Created goal checker : general_goal_checker of type nav2_controller::SimpleGoalChecker
[controller_server-32] [INFO] [1791202261.899728860] [controller_server]: Controller Server has general_goal_checker  goal checkers available.
[controller_server-32] [INFO] [1791202261.900742400] [controller_server]: Created controller : FollowPath of type dwb_core::DWBLocalPlanner
[controller_server-32] [INFO] [1791202261.901303848] [controller_server]: Setting transform_tolerance to 0.200000
[controller_server-32] [INFO] [1791202261.923147173] [controller_server]: Using critic "RotateToGoal" (dwb_critics::RotateToGoalCritic)
[controller_server-32] [INFO] [1791202261.926037296] [controller_server]: Critic plugin initialized
[controller_server-32] [INFO] [1791202261.926201568] [controller_server]: Using critic "Oscillation" (dwb_critics::OscillationCritic)
[controller_server-32] [INFO] [1791202261.926397972] [controller_server]: Critic plugin initialized
[controller_server-32] [INFO] [1791202261.926461662] [controller_server]: Using critic "BaseObstacle" (dwb_critics::BaseObstacleCritic)
[controller_server-32] [INFO] [1791202261.926521277] [controller_server]: Critic plugin initialized
[controller_server-32] [INFO] [1791202261.926554931] [controller_server]: Using critic "GoalAlign" (dwb_critics::GoalAlignCritic)
[controller_server-32] [INFO] [1791202261.926686699] [controller_server]: Critic plugin initialized
[controller_server-32] [INFO] [1791202261.926739820] [controller_server]: Using critic "PathAlign" (dwb_critics::PathAlignCritic)
[controller_server-32] [INFO] [1791202261.926839134] [controller_server]: Critic plugin initialized
[controller_server-32] [INFO] [1791202261.926889150] [controller_server]: Using critic "PathDist" (dwb_critics::PathDistCritic)
[controller_server-32] [INFO] [1791202261.927030586] [controller_server]: Critic plugin initialized
[controller_server-32] [INFO] [1791202261.927089957] [controller_server]: Using critic "GoalDist" (dwb_critics::GoalDistCritic)
[controller_server-32] [INFO] [1791202261.927226234] [controller_server]: Critic plugin initialized
[controller_server-32] [INFO] [1791202261.927247070] [controller_server]: Controller Server has FollowPath  controllers available.
[lifecycle_manager-39] [INFO] [1791202261.949199040] [lifecycle_manager_navigation]: [34m[1mConfiguring smoother_server[0m[0m
[smoother_server-33] [INFO] [1791202261.949412865] [smoother_server]: Configuring smoother server
[smoother_server-33] [INFO] [1791202261.966893281] [smoother_server]: Created smoother : simple_smoother of type nav2_smoother::SimpleSmoother
[smoother_server-33] [INFO] [1791202261.967499890] [smoother_server]: Smoother Server has simple_smoother  smoothers available.
[lifecycle_manager-39] [INFO] [1791202261.975346768] [lifecycle_manager_navigation]: [34m[1mConfiguring planner_server[0m[0m
[planner_server-34] [INFO] [1791202261.975564612] [planner_server]: Configuring
[planner_server-34] [INFO] [1791202261.975591740] [global_costmap.global_costmap]: Configuring
[planner_server-34] [INFO] [1791202261.981417186] [global_costmap.global_costmap]: Using plugin "static_layer"
[planner_server-34] [INFO] [1791202261.983504356] [global_costmap.global_costmap]: Subscribing to the map topic (/map) with transient local durability
[planner_server-34] [INFO] [1791202261.984675190] [global_costmap.global_costmap]: Initialized plugin "static_layer"
[planner_server-34] [INFO] [1791202261.984711901] [global_costmap.global_costmap]: Using plugin "obstacle_layer"
[planner_server-34] [INFO] [1791202261.985002149] [global_costmap.global_costmap]: Subscribed to Topics: scan
[planner_server-34] [INFO] [1791202261.987792899] [global_costmap.global_costmap]: Initialized plugin "obstacle_layer"
[planner_server-34] [INFO] [1791202261.987830027] [global_costmap.global_costmap]: Using plugin "inflation_layer"
[planner_server-34] [INFO] [1791202261.988343894] [global_costmap.global_costmap]: Initialized plugin "inflation_layer"
[planner_server-34] [INFO] [1791202262.000440637] [global_costmap.global_costmap]: StaticLayer: Resizing costmap to 238 X 158 at 0.050000 m/pix
[planner_server-34] [INFO] [1791202262.000524050] [planner_server]: Created global planner plugin GridBased of type nav2_navfn_planner/NavfnPlanner
[planner_server-34] [INFO] [1791202262.000556230] [planner_server]: Configuring plugin GridBased of type NavfnPlanner
[planner_server-34] [INFO] [1791202262.002161974] [planner_server]: Planner Server has GridBased  planners available.
[lifecycle_manager-39] [INFO] [1791202262.032390339] [lifecycle_manager_navigation]: [34m[1mConfiguring behavior_server[0m[0m
[behavior_server-35] [INFO] [1791202262.032665049] [behavior_server]: Configuring
[ros2-1] [INFO] [1791202262.036626461] [rosbag2_recorder]: Subscribed to topic '/plan'
[behavior_server-35] [INFO] [1791202262.067731892] [behavior_server]: Creating behavior plugin spin of type nav2_behaviors/Spin
[behavior_server-35] [INFO] [1791202262.071933547] [behavior_server]: Configuring spin
[behavior_server-35] [INFO] [1791202262.093342989] [behavior_server]: Creating behavior plugin backup of type nav2_behaviors/BackUp
[behavior_server-35] [INFO] [1791202262.094117555] [behavior_server]: Configuring backup
[behavior_server-35] [INFO] [1791202262.111038295] [behavior_server]: Creating behavior plugin drive_on_heading of type nav2_behaviors/DriveOnHeading
[behavior_server-35] [INFO] [1791202262.112469302] [behavior_server]: Configuring drive_on_heading
[behavior_server-35] [INFO] [1791202262.125153314] [behavior_server]: Creating behavior plugin assisted_teleop of type nav2_behaviors/AssistedTeleop
[behavior_server-35] [INFO] [1791202262.126563711] [behavior_server]: Configuring assisted_teleop
[behavior_server-35] [INFO] [1791202262.164467275] [behavior_server]: Creating behavior plugin wait of type nav2_behaviors/Wait
[behavior_server-35] [INFO] [1791202262.165355883] [behavior_server]: Configuring wait
[lifecycle_manager-39] [INFO] [1791202262.187606064] [lifecycle_manager_navigation]: [34m[1mConfiguring bt_navigator[0m[0m
[bt_navigator-36] [INFO] [1791202262.188021839] [bt_navigator]: Configuring
[ros2-1] [INFO] [1791202262.276153976] [rosbag2_recorder]: Subscribed to topic '/navigate_to_pose/_action/status'
[ros2-1] [INFO] [1791202262.286709755] [rosbag2_recorder]: Subscribed to topic '/navigate_to_pose/_action/feedback'
[lifecycle_manager-39] [INFO] [1791202262.337902339] [lifecycle_manager_navigation]: [34m[1mConfiguring waypoint_follower[0m[0m
[waypoint_follower-37] [INFO] [1791202262.338252912] [waypoint_follower]: Configuring
[waypoint_follower-37] [INFO] [1791202262.366820412] [waypoint_follower]: Created waypoint_task_executor : wait_at_waypoint of type nav2_waypoint_follower::WaitAtWaypoint
[lifecycle_manager-39] [INFO] [1791202262.373498538] [lifecycle_manager_navigation]: [34m[1mConfiguring velocity_smoother[0m[0m
[velocity_smoother-38] [INFO] [1791202262.374011016] [velocity_smoother]: Configuring velocity smoother
[lifecycle_manager-39] [INFO] [1791202262.397812262] [lifecycle_manager_navigation]: [34m[1mActivating controller_server[0m[0m
[controller_server-32] [INFO] [1791202262.398731875] [controller_server]: Activating
[controller_server-32] [INFO] [1791202262.398765986] [local_costmap.local_costmap]: Activating
[controller_server-32] [INFO] [1791202262.398774514] [local_costmap.local_costmap]: Checking transform
[controller_server-32] [INFO] [1791202262.398954209] [local_costmap.local_costmap]: start
[controller_server-32] [INFO] [1791202262.652207750] [controller_server]: Creating bond (controller_server) to lifecycle manager.
[lifecycle_manager-39] [INFO] [1791202262.757820825] [lifecycle_manager_navigation]: Server controller_server connected with bond.
[lifecycle_manager-39] [INFO] [1791202262.757911007] [lifecycle_manager_navigation]: [34m[1mActivating smoother_server[0m[0m
[smoother_server-33] [INFO] [1791202262.758806840] [smoother_server]: Activating
[smoother_server-33] [INFO] [1791202262.758844426] [smoother_server]: Creating bond (smoother_server) to lifecycle manager.
[lifecycle_manager-39] [INFO] [1791202262.870934779] [lifecycle_manager_navigation]: Server smoother_server connected with bond.
[lifecycle_manager-39] [INFO] [1791202262.870973516] [lifecycle_manager_navigation]: [34m[1mActivating planner_server[0m[0m
[planner_server-34] [INFO] [1791202262.871352027] [planner_server]: Activating
[planner_server-34] [INFO] [1791202262.871389786] [global_costmap.global_costmap]: Activating
[planner_server-34] [INFO] [1791202262.871403571] [global_costmap.global_costmap]: Checking transform
[planner_server-34] [INFO] [1791202262.871460979] [global_costmap.global_costmap]: Timed out waiting for transform from base_link to map to become available, tf error: Lookup would require extrapolation into the past.  Requested time 15.572000 but the earliest data is at time 15.833000, when looking up transform from frame [base_link] to frame [map]
[planner_server-34] [INFO] [1791202263.372010351] [global_costmap.global_costmap]: start
[planner_server-34] [INFO] [1791202264.426943381] [planner_server]: Activating plugin GridBased of type NavfnPlanner
[planner_server-34] [INFO] [1791202264.430939584] [planner_server]: Creating bond (planner_server) to lifecycle manager.
[lifecycle_manager-39] [INFO] [1791202264.549701002] [lifecycle_manager_navigation]: Server planner_server connected with bond.
[lifecycle_manager-39] [INFO] [1791202264.549742445] [lifecycle_manager_navigation]: [34m[1mActivating behavior_server[0m[0m
[behavior_server-35] [INFO] [1791202264.550136377] [behavior_server]: Activating
[behavior_server-35] [INFO] [1791202264.550162693] [behavior_server]: Activating spin
[behavior_server-35] [INFO] [1791202264.550171903] [behavior_server]: Activating backup
[behavior_server-35] [INFO] [1791202264.550178262] [behavior_server]: Activating drive_on_heading
[behavior_server-35] [INFO] [1791202264.550185058] [behavior_server]: Activating assisted_teleop
[behavior_server-35] [INFO] [1791202264.550191116] [behavior_server]: Activating wait
[behavior_server-35] [INFO] [1791202264.550200129] [behavior_server]: Creating bond (behavior_server) to lifecycle manager.
[lifecycle_manager-39] [INFO] [1791202264.655634393] [lifecycle_manager_navigation]: Server behavior_server connected with bond.
[lifecycle_manager-39] [INFO] [1791202264.655686498] [lifecycle_manager_navigation]: [34m[1mActivating bt_navigator[0m[0m
[bt_navigator-36] [INFO] [1791202264.656077758] [bt_navigator]: Activating
[bt_navigator-36] [INFO] [1791202264.789721440] [bt_navigator]: Creating bond (bt_navigator) to lifecycle manager.
[lifecycle_manager-39] [INFO] [1791202264.895556754] [lifecycle_manager_navigation]: Server bt_navigator connected with bond.
[lifecycle_manager-39] [INFO] [1791202264.895613672] [lifecycle_manager_navigation]: [34m[1mActivating waypoint_follower[0m[0m
[waypoint_follower-37] [INFO] [1791202264.896274915] [waypoint_follower]: Activating
[waypoint_follower-37] [INFO] [1791202264.896322449] [waypoint_follower]: Creating bond (waypoint_follower) to lifecycle manager.
[lifecycle_manager-39] [INFO] [1791202265.009707478] [lifecycle_manager_navigation]: Server waypoint_follower connected with bond.
[lifecycle_manager-39] [INFO] [1791202265.009755828] [lifecycle_manager_navigation]: [34m[1mActivating velocity_smoother[0m[0m
[velocity_smoother-38] [INFO] [1791202265.010155661] [velocity_smoother]: Activating
[velocity_smoother-38] [INFO] [1791202265.010204829] [velocity_smoother]: Creating bond (velocity_smoother) to lifecycle manager.
[lifecycle_manager-39] [INFO] [1791202265.115901452] [lifecycle_manager_navigation]: Server velocity_smoother connected with bond.
[lifecycle_manager-39] [INFO] [1791202265.115953230] [lifecycle_manager_navigation]: [34m[1mManaged nodes are active[0m[0m
[lifecycle_manager-39] [INFO] [1791202265.115967810] [lifecycle_manager_navigation]: [34m[1mCreating bond timer...[0m[0m
[lifecycle_manager-39] [INFO] [1791202353.014893578] [rclcpp]: signal_handler(SIGINT/SIGTERM)
[lifecycle_manager-39] [INFO] [1791202353.015048126] [lifecycle_manager_navigation]: Running Nav2 LifecycleManager rcl preshutdown (lifecycle_manager_navigation)
[lifecycle_manager-39] [INFO] [1791202353.015126928] [lifecycle_manager_navigation]: [34m[1mTerminating bond timer...[0m[0m
[planner_server-34] [INFO] [1791202353.014894316] [rclcpp]: signal_handler(SIGINT/SIGTERM)
[waypoint_follower-37] [INFO] [1791202353.014910040] [rclcpp]: signal_handler(SIGINT/SIGTERM)
[velocity_smoother-38] [INFO] [1791202353.014908672] [rclcpp]: signal_handler(SIGINT/SIGTERM)
[velocity_smoother-38] [INFO] [1791202353.015082227] [velocity_smoother]: Running Nav2 LifecycleNode rcl preshutdown (velocity_smoother)
[map_server-29] [INFO] [1791202353.014912923] [rclcpp]: signal_handler(SIGINT/SIGTERM)
[map_server-29] [INFO] [1791202353.015078390] [map_server]: Running Nav2 LifecycleNode rcl preshutdown (map_server)
[map_server-29] [INFO] [1791202353.015191948] [map_server]: Deactivating
[map_server-29] [INFO] [1791202353.015213019] [map_server]: Destroying bond (map_server) to lifecycle manager.
[amcl-30] [INFO] [1791202353.014922603] [rclcpp]: signal_handler(SIGINT/SIGTERM)
[amcl-30] [INFO] [1791202353.015073186] [amcl]: Running Nav2 LifecycleNode rcl preshutdown (amcl)
[amcl-30] [INFO] [1791202353.015192376] [amcl]: Deactivating
[amcl-30] [INFO] [1791202353.015219562] [amcl]: Destroying bond (amcl) to lifecycle manager.
[static_transform_publisher-9] [INFO] [1791202353.015047439] [rclcpp]: signal_handler(SIGINT/SIGTERM)
[static_transform_publisher-8] [INFO] [1791202353.015067463] [rclcpp]: signal_handler(SIGINT/SIGTERM)
[bt_navigator-36] [INFO] [1791202353.015352228] [rclcpp]: signal_handler(SIGINT/SIGTERM)
[bt_navigator-36] [INFO] [1791202353.015485032] [bt_navigator]: Running Nav2 LifecycleNode rcl preshutdown (bt_navigator)
[bt_navigator-36] [INFO] [1791202353.017989857] [bt_navigator]: Deactivating
[bt_navigator-36] [INFO] [1791202353.018037828] [bt_navigator]: Destroying bond (bt_navigator) to lifecycle manager.
[lifecycle_manager-31] [INFO] [1791202353.015533934] [rclcpp]: signal_handler(SIGINT/SIGTERM)
[lifecycle_manager-31] [INFO] [1791202353.015639426] [lifecycle_manager_localization]: Running Nav2 LifecycleManager rcl preshutdown (lifecycle_manager_localization)
[lifecycle_manager-31] [INFO] [1791202353.015714432] [lifecycle_manager_localization]: [34m[1mTerminating bond timer...[0m[0m
[smoother_server-33] [INFO] [1791202353.015760726] [rclcpp]: signal_handler(SIGINT/SIGTERM)
[smoother_server-33] [INFO] [1791202353.015972247] [smoother_server]: Running Nav2 LifecycleNode rcl preshutdown (smoother_server)
[smoother_server-33] [INFO] [1791202353.018054791] [smoother_server]: Deactivating
[smoother_server-33] [INFO] [1791202353.018109366] [smoother_server]: Destroying bond (smoother_server) to lifecycle manager.
[behavior_server-35] [INFO] [1791202353.016562629] [rclcpp]: signal_handler(SIGINT/SIGTERM)
[behavior_server-35] [INFO] [1791202353.016694378] [behavior_server]: Running Nav2 LifecycleNode rcl preshutdown (behavior_server)
[behavior_server-35] [INFO] [1791202353.016792708] [behavior_server]: Deactivating
[behavior_server-35] [INFO] [1791202353.016836178] [behavior_server]: Destroying bond (behavior_server) to lifecycle manager.
[controller_server-32] [INFO] [1791202353.016576617] [rclcpp]: signal_handler(SIGINT/SIGTERM)
[controller_server-32] [INFO] [1791202353.018491527] [controller_server]: Running Nav2 LifecycleNode rcl preshutdown (controller_server)
[controller_server-32] [INFO] [1791202353.018559166] [controller_server]: Deactivating
[controller_server-32] [INFO] [1791202353.018592561] [local_costmap.local_costmap]: Deactivating
[twist_mux-3] [INFO] [1791202353.016770884] [rclcpp]: signal_handler(SIGINT/SIGTERM)
[robot_state_publisher-2] [INFO] [1791202353.017143563] [rclcpp]: signal_handler(SIGINT/SIGTERM)
[velocity_smoother-38] [INFO] [1791202353.017875413] [velocity_smoother]: Deactivating
[velocity_smoother-38] [INFO] [1791202353.017990298] [velocity_smoother]: Destroying bond (velocity_smoother) to lifecycle manager.
[waypoint_follower-37] [INFO] [1791202353.018649204] [waypoint_follower]: Running Nav2 LifecycleNode rcl preshutdown (waypoint_follower)
[waypoint_follower-37] [INFO] [1791202353.018708100] [waypoint_follower]: Deactivating
[waypoint_follower-37] [INFO] [1791202353.018723625] [waypoint_follower]: Destroying bond (waypoint_follower) to lifecycle manager.
[ros2-1] [INFO] [1791202353.019204911] [rosbag2_cpp]: Writing remaining messages from cache to the bag. It may take a while
[planner_server-34] [INFO] [1791202353.019479491] [planner_server]: Running Nav2 LifecycleNode rcl preshutdown (planner_server)
[planner_server-34] [INFO] [1791202353.019559028] [planner_server]: Deactivating
[planner_server-34] [INFO] [1791202353.019586677] [global_costmap.global_costmap]: Deactivating
[map_server-29] [INFO] [1791202353.026695322] [map_server]: Cleaning up
[map_server-29] [INFO] [1791202353.026751585] [map_server]: Destroying bond (map_server) to lifecycle manager.
[smoother_server-33] [INFO] [1791202353.029219446] [smoother_server]: Cleaning up
[bt_navigator-36] [INFO] [1791202353.029548934] [bt_navigator]: Cleaning up
[velocity_smoother-38] [INFO] [1791202353.029795679] [velocity_smoother]: Cleaning up
[velocity_smoother-38] [INFO] [1791202353.029841056] [velocity_smoother]: Destroying bond (velocity_smoother) to lifecycle manager.
[ros2-1] [INFO] [1791202353.030745953] [rosbag2_recorder]: Event publisher thread: Exiting
[ros2-1] [INFO] [1791202353.030828803] [rosbag2_recorder]: Recording stopped
[behavior_server-35] [INFO] [1791202353.032631428] [behavior_server]: Cleaning up
[waypoint_follower-37] [INFO] [1791202353.033047904] [waypoint_follower]: Cleaning up
[amcl-30] [INFO] [1791202353.035680556] [amcl]: Cleaning up
[map_server-29] [INFO] [1791202353.037017291] [map_server]: Destroying
[velocity_smoother-38] [INFO] [1791202353.037570031] [velocity_smoother]: Destroying
[amcl-30] [INFO] [1791202353.045858611] [amcl]: Destroying bond (amcl) to lifecycle manager.
[waypoint_follower-37] [INFO] [1791202353.057246080] [waypoint_follower]: Destroying bond (waypoint_follower) to lifecycle manager.
[smoother_server-33] [INFO] [1791202353.068412699] [smoother_server]: Destroying bond (smoother_server) to lifecycle manager.
[smoother_server-33] [INFO] [1791202353.072515374] [smoother_server]: Destroying
[yolo_detector_node-15] Traceback (most recent call last):
[yolo_detector_node-15]   File "/home/desh/Yoru_bot_publication/install/yoru_core/lib/yoru_core/yolo_detector_node", line 33, in <module>
[yolo_detector_node-15]     sys.exit(load_entry_point('yoru-core', 'console_scripts', 'yolo_detector_node')())
[yolo_detector_node-15]   File "/home/desh/Yoru_bot_publication/build/yoru_core/yoru_core/yolo_detector_node.py", line 289, in main
[yolo_detector_node-15]     rclpy.spin(node)
[yolo_detector_node-15]   File "/opt/ros/humble/local/lib/python3.10/dist-packages/rclpy/__init__.py", line 229, in spin
[yolo_detector_node-15]     executor.spin_once()
[yolo_detector_node-15]   File "/opt/ros/humble/local/lib/python3.10/dist-packages/rclpy/executors.py", line 773, in spin_once
[yolo_detector_node-15]     self._spin_once_impl(timeout_sec)
[yolo_detector_node-15]   File "/opt/ros/humble/local/lib/python3.10/dist-packages/rclpy/executors.py", line 762, in _spin_once_impl
[yolo_detector_node-15]     handler, entity, node = self.wait_for_ready_callbacks(timeout_sec=timeout_sec)
[yolo_detector_node-15]   File "/opt/ros/humble/local/lib/python3.10/dist-packages/rclpy/executors.py", line 745, in wait_for_ready_callbacks
[yolo_detector_node-15]     return next(self._cb_iter)
[yolo_detector_node-15]   File "/opt/ros/humble/local/lib/python3.10/dist-packages/rclpy/executors.py", line 646, in _wait_for_ready_callbacks
[yolo_detector_node-15]     raise ExternalShutdownException()
[yolo_detector_node-15] rclpy.executors.ExternalShutdownException
[behavior_server-35] [INFO] [1791202353.101931942] [behavior_server]: Destroying bond (behavior_server) to lifecycle manager.
[lifecycle_manager-31] [INFO] [1791202353.110119498] [lifecycle_manager_localization]: Destroying lifecycle_manager_localization
[camera_target_node-18] Traceback (most recent call last):
[camera_target_node-18]   File "/home/desh/Yoru_bot_publication/install/yoru_core/lib/yoru_core/camera_target_node", line 33, in <module>
[camera_target_node-18]     sys.exit(load_entry_point('yoru-core', 'console_scripts', 'camera_target_node')())
[camera_target_node-18]   File "/home/desh/Yoru_bot_publication/build/yoru_core/yoru_core/camera_target_node.py", line 122, in main
[camera_target_node-18]     rclpy.spin(node)
[camera_target_node-18]   File "/opt/ros/humble/local/lib/python3.10/dist-packages/rclpy/__init__.py", line 229, in spin
[camera_target_node-18]     executor.spin_once()
[camera_target_node-18]   File "/opt/ros/humble/local/lib/python3.10/dist-packages/rclpy/executors.py", line 773, in spin_once
[camera_target_node-18]     self._spin_once_impl(timeout_sec)
[camera_target_node-18]   File "/opt/ros/humble/local/lib/python3.10/dist-packages/rclpy/executors.py", line 762, in _spin_once_impl
[camera_target_node-18]     handler, entity, node = self.wait_for_ready_callbacks(timeout_sec=timeout_sec)
[camera_target_node-18]   File "/opt/ros/humble/local/lib/python3.10/dist-packages/rclpy/executors.py", line 745, in wait_for_ready_callbacks
[camera_target_node-18]     return next(self._cb_iter)
[camera_target_node-18]   File "/opt/ros/humble/local/lib/python3.10/dist-packages/rclpy/executors.py", line 646, in _wait_for_ready_callbacks
[camera_target_node-18]     raise ExternalShutdownException()
[camera_target_node-18] rclpy.executors.ExternalShutdownException
[camera_target_node-14] Traceback (most recent call last):
[camera_target_node-14]   File "/home/desh/Yoru_bot_publication/install/yoru_core/lib/yoru_core/camera_target_node", line 33, in <module>
[camera_target_node-14]     sys.exit(load_entry_point('yoru-core', 'console_scripts', 'camera_target_node')())
[camera_target_node-14]   File "/home/desh/Yoru_bot_publication/build/yoru_core/yoru_core/camera_target_node.py", line 122, in main
[camera_target_node-14]     rclpy.spin(node)
[camera_target_node-14]   File "/opt/ros/humble/local/lib/python3.10/dist-packages/rclpy/__init__.py", line 229, in spin
[camera_target_node-14]     executor.spin_once()
[camera_target_node-14]   File "/opt/ros/humble/local/lib/python3.10/dist-packages/rclpy/executors.py", line 773, in spin_once
[camera_target_node-14]     self._spin_once_impl(timeout_sec)
[camera_target_node-14]   File "/opt/ros/humble/local/lib/python3.10/dist-packages/rclpy/executors.py", line 762, in _spin_once_impl
[camera_target_node-14]     handler, entity, node = self.wait_for_ready_callbacks(timeout_sec=timeout_sec)
[camera_target_node-14]   File "/opt/ros/humble/local/lib/python3.10/dist-packages/rclpy/executors.py", line 745, in wait_for_ready_callbacks
[camera_target_node-14]     return next(self._cb_iter)
[camera_target_node-14]   File "/opt/ros/humble/local/lib/python3.10/dist-packages/rclpy/executors.py", line 646, in _wait_for_ready_callbacks
[camera_target_node-14]     raise ExternalShutdownException()
[camera_target_node-14] rclpy.executors.ExternalShutdownException
[tracking_node-16] Traceback (most recent call last):
[tracking_node-16]   File "/home/desh/Yoru_bot_publication/install/yoru_core/lib/yoru_core/tracking_node", line 33, in <module>
[tracking_node-16]     sys.exit(load_entry_point('yoru-core', 'console_scripts', 'tracking_node')())
[tracking_node-16]   File "/home/desh/Yoru_bot_publication/build/yoru_core/yoru_core/tracking_node.py", line 104, in main
[tracking_node-16]     rclpy.spin(node)
[tracking_node-16]   File "/opt/ros/humble/local/lib/python3.10/dist-packages/rclpy/__init__.py", line 229, in spin
[tracking_node-16]     executor.spin_once()
[tracking_node-16]   File "/opt/ros/humble/local/lib/python3.10/dist-packages/rclpy/executors.py", line 773, in spin_once
[tracking_node-16]     self._spin_once_impl(timeout_sec)
[tracking_node-16]   File "/opt/ros/humble/local/lib/python3.10/dist-packages/rclpy/executors.py", line 762, in _spin_once_impl
[tracking_node-16]     handler, entity, node = self.wait_for_ready_callbacks(timeout_sec=timeout_sec)
[tracking_node-16]   File "/opt/ros/humble/local/lib/python3.10/dist-packages/rclpy/executors.py", line 745, in wait_for_ready_callbacks
[tracking_node-16]     return next(self._cb_iter)
[tracking_node-16]   File "/opt/ros/humble/local/lib/python3.10/dist-packages/rclpy/executors.py", line 646, in _wait_for_ready_callbacks
[tracking_node-16]     raise ExternalShutdownException()
[tracking_node-16] rclpy.executors.ExternalShutdownException
[scenario_publisher_node-11] Traceback (most recent call last):
[scenario_publisher_node-11]   File "/home/desh/Yoru_bot_publication/install/yoru_core/lib/yoru_core/scenario_publisher_node", line 33, in <module>
[scenario_publisher_node-11]     sys.exit(load_entry_point('yoru-core', 'console_scripts', 'scenario_publisher_node')())
[scenario_publisher_node-11]   File "/home/desh/Yoru_bot_publication/build/yoru_core/yoru_core/scenario_publisher_node.py", line 542, in main
[scenario_publisher_node-11]     rclpy.spin(node)
[scenario_publisher_node-11]   File "/opt/ros/humble/local/lib/python3.10/dist-packages/rclpy/__init__.py", line 229, in spin
[scenario_publisher_node-11]     executor.spin_once()
[scenario_publisher_node-11]   File "/opt/ros/humble/local/lib/python3.10/dist-packages/rclpy/executors.py", line 773, in spin_once
[scenario_publisher_node-11]     self._spin_once_impl(timeout_sec)
[scenario_publisher_node-11]   File "/opt/ros/humble/local/lib/python3.10/dist-packages/rclpy/executors.py", line 762, in _spin_once_impl
[scenario_publisher_node-11]     handler, entity, node = self.wait_for_ready_callbacks(timeout_sec=timeout_sec)
[scenario_publisher_node-11]   File "/opt/ros/humble/local/lib/python3.10/dist-packages/rclpy/executors.py", line 745, in wait_for_ready_callbacks
[scenario_publisher_node-11]     return next(self._cb_iter)
[scenario_publisher_node-11]   File "/opt/ros/humble/local/lib/python3.10/dist-packages/rclpy/executors.py", line 646, in _wait_for_ready_callbacks
[scenario_publisher_node-11]     raise ExternalShutdownException()
[scenario_publisher_node-11] rclpy.executors.ExternalShutdownException
[tracking_node-12] Traceback (most recent call last):
[tracking_node-12]   File "/home/desh/Yoru_bot_publication/install/yoru_core/lib/yoru_core/tracking_node", line 33, in <module>
[tracking_node-12]     sys.exit(load_entry_point('yoru-core', 'console_scripts', 'tracking_node')())
[tracking_node-12]   File "/home/desh/Yoru_bot_publication/build/yoru_core/yoru_core/tracking_node.py", line 104, in main
[tracking_node-12]     rclpy.spin(node)
[tracking_node-12]   File "/opt/ros/humble/local/lib/python3.10/dist-packages/rclpy/__init__.py", line 229, in spin
[tracking_node-12]     executor.spin_once()
[tracking_node-12]   File "/opt/ros/humble/local/lib/python3.10/dist-packages/rclpy/executors.py", line 773, in spin_once
[tracking_node-12]     self._spin_once_impl(timeout_sec)
[tracking_node-12]   File "/opt/ros/humble/local/lib/python3.10/dist-packages/rclpy/executors.py", line 762, in _spin_once_impl
[tracking_node-12]     handler, entity, node = self.wait_for_ready_callbacks(timeout_sec=timeout_sec)
[tracking_node-12]   File "/opt/ros/humble/local/lib/python3.10/dist-packages/rclpy/executors.py", line 745, in wait_for_ready_callbacks
[tracking_node-12]     return next(self._cb_iter)
[tracking_node-12]   File "/opt/ros/humble/local/lib/python3.10/dist-packages/rclpy/executors.py", line 646, in _wait_for_ready_callbacks
[tracking_node-12]     raise ExternalShutdownException()
[tracking_node-12] rclpy.executors.ExternalShutdownException
[waypoint_follower-37] [INFO] [1791202353.123470448] [waypoint_follower]: Destroying
[compliance_fsm_node-20] Traceback (most recent call last):
[compliance_fsm_node-20]   File "/home/desh/Yoru_bot_publication/install/yoru_core/lib/yoru_core/compliance_fsm_node", line 33, in <module>
[compliance_fsm_node-20]     sys.exit(load_entry_point('yoru-core', 'console_scripts', 'compliance_fsm_node')())
[compliance_fsm_node-20]   File "/home/desh/Yoru_bot_publication/build/yoru_core/yoru_core/compliance_fsm_node.py", line 473, in main
[compliance_fsm_node-20]     rclpy.spin(node)
[compliance_fsm_node-20]   File "/opt/ros/humble/local/lib/python3.10/dist-packages/rclpy/__init__.py", line 229, in spin
[compliance_fsm_node-20]     executor.spin_once()
[compliance_fsm_node-20]   File "/opt/ros/humble/local/lib/python3.10/dist-packages/rclpy/executors.py", line 773, in spin_once
[compliance_fsm_node-20]     self._spin_once_impl(timeout_sec)
[compliance_fsm_node-20]   File "/opt/ros/humble/local/lib/python3.10/dist-packages/rclpy/executors.py", line 762, in _spin_once_impl
[compliance_fsm_node-20]     handler, entity, node = self.wait_for_ready_callbacks(timeout_sec=timeout_sec)
[compliance_fsm_node-20]   File "/opt/ros/humble/local/lib/python3.10/dist-packages/rclpy/executors.py", line 745, in wait_for_ready_callbacks
[compliance_fsm_node-20]     return next(self._cb_iter)
[compliance_fsm_node-20]   File "/opt/ros/humble/local/lib/python3.10/dist-packages/rclpy/executors.py", line 646, in _wait_for_ready_callbacks
[compliance_fsm_node-20]     raise ExternalShutdownException()
[compliance_fsm_node-20] rclpy.executors.ExternalShutdownException
[amcl-30] [INFO] [1791202353.155269958] [amcl]: Destroying
[return_to_base_node-25] Traceback (most recent call last):
[return_to_base_node-25]   File "/home/desh/Yoru_bot_publication/install/yoru_core/lib/yoru_core/return_to_base_node", line 33, in <module>
[return_to_base_node-25]     sys.exit(load_entry_point('yoru-core', 'console_scripts', 'return_to_base_node')())
[return_to_base_node-25]   File "/home/desh/Yoru_bot_publication/build/yoru_core/yoru_core/return_to_base_node.py", line 198, in main
[return_to_base_node-25]     rclpy.spin(node)
[return_to_base_node-25]   File "/opt/ros/humble/local/lib/python3.10/dist-packages/rclpy/__init__.py", line 229, in spin
[return_to_base_node-25]     executor.spin_once()
[return_to_base_node-25]   File "/opt/ros/humble/local/lib/python3.10/dist-packages/rclpy/executors.py", line 773, in spin_once
[return_to_base_node-25]     self._spin_once_impl(timeout_sec)
[return_to_base_node-25]   File "/opt/ros/humble/local/lib/python3.10/dist-packages/rclpy/executors.py", line 762, in _spin_once_impl
[return_to_base_node-25]     handler, entity, node = self.wait_for_ready_callbacks(timeout_sec=timeout_sec)
[return_to_base_node-25]   File "/opt/ros/humble/local/lib/python3.10/dist-packages/rclpy/executors.py", line 745, in wait_for_ready_callbacks
[return_to_base_node-25]     return next(self._cb_iter)
[return_to_base_node-25]   File "/opt/ros/humble/local/lib/python3.10/dist-packages/rclpy/executors.py", line 646, in _wait_for_ready_callbacks
[return_to_base_node-25]     raise ExternalShutdownException()
[return_to_base_node-25] rclpy.executors.ExternalShutdownException
[behavior_server-35] [INFO] [1791202353.161512986] [behavior_server]: Destroying
[event_confirmation_node-17] Traceback (most recent call last):
[event_confirmation_node-17]   File "/home/desh/Yoru_bot_publication/install/yoru_core/lib/yoru_core/event_confirmation_node", line 33, in <module>
[event_confirmation_node-17]     sys.exit(load_entry_point('yoru-core', 'console_scripts', 'event_confirmation_node')())
[event_confirmation_node-17]   File "/home/desh/Yoru_bot_publication/build/yoru_core/yoru_core/event_confirmation_node.py", line 316, in main
[event_confirmation_node-17]     rclpy.spin(node)
[event_confirmation_node-17]   File "/opt/ros/humble/local/lib/python3.10/dist-packages/rclpy/__init__.py", line 229, in spin
[event_confirmation_node-17]     executor.spin_once()
[event_confirmation_node-17]   File "/opt/ros/humble/local/lib/python3.10/dist-packages/rclpy/executors.py", line 773, in spin_once
[event_confirmation_node-17]     self._spin_once_impl(timeout_sec)
[event_confirmation_node-17]   File "/opt/ros/humble/local/lib/python3.10/dist-packages/rclpy/executors.py", line 762, in _spin_once_impl
[event_confirmation_node-17]     handler, entity, node = self.wait_for_ready_callbacks(timeout_sec=timeout_sec)
[event_confirmation_node-17]   File "/opt/ros/humble/local/lib/python3.10/dist-packages/rclpy/executors.py", line 745, in wait_for_ready_callbacks
[event_confirmation_node-17]     return next(self._cb_iter)
[event_confirmation_node-17]   File "/opt/ros/humble/local/lib/python3.10/dist-packages/rclpy/executors.py", line 646, in _wait_for_ready_callbacks
[event_confirmation_node-17]     raise ExternalShutdownException()
[event_confirmation_node-17] rclpy.executors.ExternalShutdownException
[audio_warning_node-21] Traceback (most recent call last):
[audio_warning_node-21]   File "/home/desh/Yoru_bot_publication/install/yoru_core/lib/yoru_core/audio_warning_node", line 33, in <module>
[audio_warning_node-21]     sys.exit(load_entry_point('yoru-core', 'console_scripts', 'audio_warning_node')())
[audio_warning_node-21]   File "/home/desh/Yoru_bot_publication/build/yoru_core/yoru_core/audio_warning_node.py", line 174, in main
[audio_warning_node-21]     rclpy.spin(node)
[audio_warning_node-21]   File "/opt/ros/humble/local/lib/python3.10/dist-packages/rclpy/__init__.py", line 229, in spin
[audio_warning_node-21]     executor.spin_once()
[audio_warning_node-21]   File "/opt/ros/humble/local/lib/python3.10/dist-packages/rclpy/executors.py", line 773, in spin_once
[audio_warning_node-21]     self._spin_once_impl(timeout_sec)
[audio_warning_node-21]   File "/opt/ros/humble/local/lib/python3.10/dist-packages/rclpy/executors.py", line 762, in _spin_once_impl
[audio_warning_node-21]     handler, entity, node = self.wait_for_ready_callbacks(timeout_sec=timeout_sec)
[audio_warning_node-21]   File "/opt/ros/humble/local/lib/python3.10/dist-packages/rclpy/executors.py", line 745, in wait_for_ready_callbacks
[audio_warning_node-21]     return next(self._cb_iter)
[audio_warning_node-21]   File "/opt/ros/humble/local/lib/python3.10/dist-packages/rclpy/executors.py", line 646, in _wait_for_ready_callbacks
[audio_warning_node-21]     raise ExternalShutdownException()
[audio_warning_node-21] rclpy.executors.ExternalShutdownException
[INFO] [map_server-29]: process has finished cleanly [pid 154743]
[INFO] [twist_mux-3]: process has finished cleanly [pid 153934]
[event_confirmation_node-13] Traceback (most recent call last):
[event_confirmation_node-13]   File "/home/desh/Yoru_bot_publication/install/yoru_core/lib/yoru_core/event_confirmation_node", line 33, in <module>
[event_confirmation_node-13]     sys.exit(load_entry_point('yoru-core', 'console_scripts', 'event_confirmation_node')())
[event_confirmation_node-13]   File "/home/desh/Yoru_bot_publication/build/yoru_core/yoru_core/event_confirmation_node.py", line 316, in main
[event_confirmation_node-13]     rclpy.spin(node)
[event_confirmation_node-13]   File "/opt/ros/humble/local/lib/python3.10/dist-packages/rclpy/__init__.py", line 229, in spin
[event_confirmation_node-13]     executor.spin_once()
[event_confirmation_node-13]   File "/opt/ros/humble/local/lib/python3.10/dist-packages/rclpy/executors.py", line 773, in spin_once
[event_confirmation_node-13]     self._spin_once_impl(timeout_sec)
[event_confirmation_node-13]   File "/opt/ros/humble/local/lib/python3.10/dist-packages/rclpy/executors.py", line 762, in _spin_once_impl
[event_confirmation_node-13]     handler, entity, node = self.wait_for_ready_callbacks(timeout_sec=timeout_sec)
[event_confirmation_node-13]   File "/opt/ros/humble/local/lib/python3.10/dist-packages/rclpy/executors.py", line 745, in wait_for_ready_callbacks
[event_confirmation_node-13]     return next(self._cb_iter)
[event_confirmation_node-13]   File "/opt/ros/humble/local/lib/python3.10/dist-packages/rclpy/executors.py", line 646, in _wait_for_ready_callbacks
[event_confirmation_node-13]     raise ExternalShutdownException()
[event_confirmation_node-13] rclpy.executors.ExternalShutdownException
[INFO] [static_transform_publisher-9]: process has finished cleanly [pid 153946]
[INFO] [velocity_smoother-38]: process has finished cleanly [pid 154795]
[incident_emailer_node-23] Traceback (most recent call last):
[incident_emailer_node-23]   File "/home/desh/Yoru_bot_publication/install/yoru_core/lib/yoru_core/incident_emailer_node", line 33, in <module>
[incident_emailer_node-23]     sys.exit(load_entry_point('yoru-core', 'console_scripts', 'incident_emailer_node')())
[incident_emailer_node-23]   File "/home/desh/Yoru_bot_publication/build/yoru_core/yoru_core/incident_emailer_node.py", line 273, in main
[incident_emailer_node-23]     rclpy.spin(node)
[incident_emailer_node-23]   File "/opt/ros/humble/local/lib/python3.10/dist-packages/rclpy/__init__.py", line 229, in spin
[incident_emailer_node-23]     executor.spin_once()
[incident_emailer_node-23]   File "/opt/ros/humble/local/lib/python3.10/dist-packages/rclpy/executors.py", line 773, in spin_once
[incident_emailer_node-23]     self._spin_once_impl(timeout_sec)
[incident_emailer_node-23]   File "/opt/ros/humble/local/lib/python3.10/dist-packages/rclpy/executors.py", line 762, in _spin_once_impl
[incident_emailer_node-23]     handler, entity, node = self.wait_for_ready_callbacks(timeout_sec=timeout_sec)
[incident_emailer_node-23]   File "/opt/ros/humble/local/lib/python3.10/dist-packages/rclpy/executors.py", line 745, in wait_for_ready_callbacks
[incident_emailer_node-23]     return next(self._cb_iter)
[incident_emailer_node-23]   File "/opt/ros/humble/local/lib/python3.10/dist-packages/rclpy/executors.py", line 646, in _wait_for_ready_callbacks
[incident_emailer_node-23]     raise ExternalShutdownException()
[incident_emailer_node-23] rclpy.executors.ExternalShutdownException
[INFO] [robot_state_publisher-2]: process has finished cleanly [pid 153932]
[INFO] [static_transform_publisher-8]: process has finished cleanly [pid 153944]
[controller_server-32] [INFO] [1791202353.202197700] [controller_server]: Destroying bond (controller_server) to lifecycle manager.
[lifecycle_manager-39] [INFO] [1791202353.202462527] [lifecycle_manager_navigation]: Destroying lifecycle_manager_navigation
[admin_joy_node-26] Traceback (most recent call last):
[admin_joy_node-26]   File "/home/desh/Yoru_bot_publication/install/yoru_core/lib/yoru_core/admin_joy_node", line 33, in <module>
[admin_joy_node-26]     sys.exit(load_entry_point('yoru-core', 'console_scripts', 'admin_joy_node')())
[admin_joy_node-26]   File "/home/desh/Yoru_bot_publication/build/yoru_core/yoru_core/admin_joy_node.py", line 84, in main
[admin_joy_node-26]     rclpy.spin(node)
[admin_joy_node-26]   File "/opt/ros/humble/local/lib/python3.10/dist-packages/rclpy/__init__.py", line 229, in spin
[admin_joy_node-26]     executor.spin_once()
[admin_joy_node-26]   File "/opt/ros/humble/local/lib/python3.10/dist-packages/rclpy/executors.py", line 773, in spin_once
[admin_joy_node-26]     self._spin_once_impl(timeout_sec)
[admin_joy_node-26]   File "/opt/ros/humble/local/lib/python3.10/dist-packages/rclpy/executors.py", line 762, in _spin_once_impl
[admin_joy_node-26]     handler, entity, node = self.wait_for_ready_callbacks(timeout_sec=timeout_sec)
[admin_joy_node-26]   File "/opt/ros/humble/local/lib/python3.10/dist-packages/rclpy/executors.py", line 745, in wait_for_ready_callbacks
[admin_joy_node-26]     return next(self._cb_iter)
[admin_joy_node-26]   File "/opt/ros/humble/local/lib/python3.10/dist-packages/rclpy/executors.py", line 646, in _wait_for_ready_callbacks
[admin_joy_node-26]     raise ExternalShutdownException()
[admin_joy_node-26] rclpy.executors.ExternalShutdownException
[INFO] [smoother_server-33]: process has finished cleanly [pid 154785]
[controller_server-32] [INFO] [1791202353.212488485] [controller_server]: Cleaning up
[controller_server-32] [INFO] [1791202353.212677686] [local_costmap.local_costmap]: Cleaning up
[incident_logger_node-22] Traceback (most recent call last):
[incident_logger_node-22]   File "/home/desh/Yoru_bot_publication/install/yoru_core/lib/yoru_core/incident_logger_node", line 33, in <module>
[incident_logger_node-22]     sys.exit(load_entry_point('yoru-core', 'console_scripts', 'incident_logger_node')())
[incident_logger_node-22]   File "/home/desh/Yoru_bot_publication/build/yoru_core/yoru_core/incident_logger_node.py", line 101, in main
[incident_logger_node-22]     rclpy.spin(node)
[incident_logger_node-22]   File "/opt/ros/humble/local/lib/python3.10/dist-packages/rclpy/__init__.py", line 229, in spin
[incident_logger_node-22]     executor.spin_once()
[incident_logger_node-22]   File "/opt/ros/humble/local/lib/python3.10/dist-packages/rclpy/executors.py", line 773, in spin_once
[incident_logger_node-22]     self._spin_once_impl(timeout_sec)
[incident_logger_node-22]   File "/opt/ros/humble/local/lib/python3.10/dist-packages/rclpy/executors.py", line 762, in _spin_once_impl
[incident_logger_node-22]     handler, entity, node = self.wait_for_ready_callbacks(timeout_sec=timeout_sec)
[incident_logger_node-22]   File "/opt/ros/humble/local/lib/python3.10/dist-packages/rclpy/executors.py", line 745, in wait_for_ready_callbacks
[incident_logger_node-22]     return next(self._cb_iter)
[incident_logger_node-22]   File "/opt/ros/humble/local/lib/python3.10/dist-packages/rclpy/executors.py", line 646, in _wait_for_ready_callbacks
[incident_logger_node-22]     raise ExternalShutdownException()
[incident_logger_node-22] rclpy.executors.ExternalShutdownException
[yolo_detector_node-10] Traceback (most recent call last):
[yolo_detector_node-10]   File "/home/desh/Yoru_bot_publication/install/yoru_core/lib/yoru_core/yolo_detector_node", line 33, in <module>
[yolo_detector_node-10]     sys.exit(load_entry_point('yoru-core', 'console_scripts', 'yolo_detector_node')())
[yolo_detector_node-10]   File "/home/desh/Yoru_bot_publication/build/yoru_core/yoru_core/yolo_detector_node.py", line 289, in main
[yolo_detector_node-10]     rclpy.spin(node)
[yolo_detector_node-10]   File "/opt/ros/humble/local/lib/python3.10/dist-packages/rclpy/__init__.py", line 229, in spin
[yolo_detector_node-10]     executor.spin_once()
[yolo_detector_node-10]   File "/opt/ros/humble/local/lib/python3.10/dist-packages/rclpy/executors.py", line 773, in spin_once
[yolo_detector_node-10]     self._spin_once_impl(timeout_sec)
[yolo_detector_node-10]   File "/opt/ros/humble/local/lib/python3.10/dist-packages/rclpy/executors.py", line 762, in _spin_once_impl
[yolo_detector_node-10]     handler, entity, node = self.wait_for_ready_callbacks(timeout_sec=timeout_sec)
[yolo_detector_node-10]   File "/opt/ros/humble/local/lib/python3.10/dist-packages/rclpy/executors.py", line 745, in wait_for_ready_callbacks
[yolo_detector_node-10]     return next(self._cb_iter)
[yolo_detector_node-10]   File "/opt/ros/humble/local/lib/python3.10/dist-packages/rclpy/executors.py", line 646, in _wait_for_ready_callbacks
[yolo_detector_node-10]     raise ExternalShutdownException()
[yolo_detector_node-10] rclpy.executors.ExternalShutdownException
[INFO] [lifecycle_manager-31]: process has finished cleanly [pid 154747]
[controller_server-32] [INFO] [1791202353.264096316] [controller_server]: Destroying bond (controller_server) to lifecycle manager.
[patrol_node-24] Traceback (most recent call last):
[patrol_node-24]   File "/home/desh/Yoru_bot_publication/install/yoru_core/lib/yoru_core/patrol_node", line 33, in <module>
[patrol_node-24]     sys.exit(load_entry_point('yoru-core', 'console_scripts', 'patrol_node')())
[patrol_node-24]   File "/home/desh/Yoru_bot_publication/build/yoru_core/yoru_core/patrol_node.py", line 142, in main
[patrol_node-24]     rclpy.spin(node)
[patrol_node-24]   File "/opt/ros/humble/local/lib/python3.10/dist-packages/rclpy/__init__.py", line 229, in spin
[patrol_node-24]     executor.spin_once()
[patrol_node-24]   File "/opt/ros/humble/local/lib/python3.10/dist-packages/rclpy/executors.py", line 773, in spin_once
[patrol_node-24]     self._spin_once_impl(timeout_sec)
[patrol_node-24]   File "/opt/ros/humble/local/lib/python3.10/dist-packages/rclpy/executors.py", line 762, in _spin_once_impl
[patrol_node-24]     handler, entity, node = self.wait_for_ready_callbacks(timeout_sec=timeout_sec)
[patrol_node-24]   File "/opt/ros/humble/local/lib/python3.10/dist-packages/rclpy/executors.py", line 745, in wait_for_ready_callbacks
[patrol_node-24]     return next(self._cb_iter)
[patrol_node-24]   File "/opt/ros/humble/local/lib/python3.10/dist-packages/rclpy/executors.py", line 646, in _wait_for_ready_callbacks
[patrol_node-24]     raise ExternalShutdownException()
[patrol_node-24] rclpy.executors.ExternalShutdownException
[controller_server-32] [INFO] [1791202353.279198645] [local_costmap.local_costmap]: Destroying
[controller_server-32] [INFO] [1791202353.301545381] [controller_server]: Destroying
[INFO] [waypoint_follower-37]: process has finished cleanly [pid 154793]
[INFO] [amcl-30]: process has finished cleanly [pid 154745]
[INFO] [behavior_server-35]: process has finished cleanly [pid 154789]
[ERROR] [scenario_publisher_node-11]: process has died [pid 153950, exit code 1, cmd '/home/desh/Yoru_bot_publication/install/yoru_core/lib/yoru_core/scenario_publisher_node --ros-args --params-file /home/desh/Yoru_bot_publication/install/yoru_bringup/share/yoru_bringup/config/yoru_sim.yaml --params-file /tmp/launch_params_befiokpf --params-file /home/desh/Yoru_bot_publication/evidence/phase3/runs/P3_C7/overlay.yaml --params-file /tmp/launch_params_w_4ujw6o'].
[human_actor_node-28] Traceback (most recent call last):
[human_actor_node-28]   File "/home/desh/Yoru_bot_publication/install/yoru_core/lib/yoru_core/human_actor_node", line 33, in <module>
[human_actor_node-28]     sys.exit(load_entry_point('yoru-core', 'console_scripts', 'human_actor_node')())
[human_actor_node-28]   File "/home/desh/Yoru_bot_publication/build/yoru_core/yoru_core/human_actor_node.py", line 279, in main
[human_actor_node-28]     rclpy.spin(node)
[human_actor_node-28]   File "/opt/ros/humble/local/lib/python3.10/dist-packages/rclpy/__init__.py", line 229, in spin
[human_actor_node-28]     executor.spin_once()
[human_actor_node-28]   File "/opt/ros/humble/local/lib/python3.10/dist-packages/rclpy/executors.py", line 773, in spin_once
[human_actor_node-28]     self._spin_once_impl(timeout_sec)
[human_actor_node-28]   File "/opt/ros/humble/local/lib/python3.10/dist-packages/rclpy/executors.py", line 762, in _spin_once_impl
[human_actor_node-28]     handler, entity, node = self.wait_for_ready_callbacks(timeout_sec=timeout_sec)
[human_actor_node-28]   File "/opt/ros/humble/local/lib/python3.10/dist-packages/rclpy/executors.py", line 745, in wait_for_ready_callbacks
[human_actor_node-28]     return next(self._cb_iter)
[human_actor_node-28]   File "/opt/ros/humble/local/lib/python3.10/dist-packages/rclpy/executors.py", line 618, in _wait_for_ready_callbacks
[human_actor_node-28]     wait_set = _rclpy.WaitSet(
[human_actor_node-28] rclpy._rclpy_pybind11.RCLError: failed to initialize wait set: the given context is not valid, either rcl_init() was not called or rcl_shutdown() was called., at ./src/rcl/wait.c:130
[INFO] [lifecycle_manager-39]: process has finished cleanly [pid 154871]
[bt_navigator-36] [INFO] [1791202353.359436764] [bt_navigator]: Completed Cleaning up
[bt_navigator-36] [INFO] [1791202353.359559123] [bt_navigator]: Destroying bond (bt_navigator) to lifecycle manager.
[nav2_goal_sender_node-19] Traceback (most recent call last):
[nav2_goal_sender_node-19]   File "/home/desh/Yoru_bot_publication/install/yoru_core/lib/yoru_core/nav2_goal_sender_node", line 33, in <module>
[nav2_goal_sender_node-19]     sys.exit(load_entry_point('yoru-core', 'console_scripts', 'nav2_goal_sender_node')())
[nav2_goal_sender_node-19]   File "/home/desh/Yoru_bot_publication/build/yoru_core/yoru_core/nav2_goal_sender_node.py", line 195, in main
[nav2_goal_sender_node-19]     rclpy.spin(node)
[nav2_goal_sender_node-19]   File "/opt/ros/humble/local/lib/python3.10/dist-packages/rclpy/__init__.py", line 229, in spin
[nav2_goal_sender_node-19]     executor.spin_once()
[nav2_goal_sender_node-19]   File "/opt/ros/humble/local/lib/python3.10/dist-packages/rclpy/executors.py", line 773, in spin_once
[nav2_goal_sender_node-19]     self._spin_once_impl(timeout_sec)
[nav2_goal_sender_node-19]   File "/opt/ros/humble/local/lib/python3.10/dist-packages/rclpy/executors.py", line 762, in _spin_once_impl
[nav2_goal_sender_node-19]     handler, entity, node = self.wait_for_ready_callbacks(timeout_sec=timeout_sec)
[nav2_goal_sender_node-19]   File "/opt/ros/humble/local/lib/python3.10/dist-packages/rclpy/executors.py", line 745, in wait_for_ready_callbacks
[nav2_goal_sender_node-19]     return next(self._cb_iter)
[nav2_goal_sender_node-19]   File "/opt/ros/humble/local/lib/python3.10/dist-packages/rclpy/executors.py", line 646, in _wait_for_ready_callbacks
[nav2_goal_sender_node-19]     raise ExternalShutdownException()
[nav2_goal_sender_node-19] rclpy.executors.ExternalShutdownException
[dashboard_node-27] Traceback (most recent call last):
[dashboard_node-27]   File "/home/desh/Yoru_bot_publication/install/yoru_core/lib/yoru_core/dashboard_node", line 33, in <module>
[dashboard_node-27]     sys.exit(load_entry_point('yoru-core', 'console_scripts', 'dashboard_node')())
[dashboard_node-27]   File "/home/desh/Yoru_bot_publication/build/yoru_core/yoru_core/dashboard_node.py", line 852, in main
[dashboard_node-27]     rclpy.spin(node)
[dashboard_node-27]   File "/opt/ros/humble/local/lib/python3.10/dist-packages/rclpy/__init__.py", line 229, in spin
[dashboard_node-27]     executor.spin_once()
[dashboard_node-27]   File "/opt/ros/humble/local/lib/python3.10/dist-packages/rclpy/executors.py", line 773, in spin_once
[dashboard_node-27]     self._spin_once_impl(timeout_sec)
[dashboard_node-27]   File "/opt/ros/humble/local/lib/python3.10/dist-packages/rclpy/executors.py", line 762, in _spin_once_impl
[dashboard_node-27]     handler, entity, node = self.wait_for_ready_callbacks(timeout_sec=timeout_sec)
[dashboard_node-27]   File "/opt/ros/humble/local/lib/python3.10/dist-packages/rclpy/executors.py", line 745, in wait_for_ready_callbacks
[bt_navigator-36] [INFO] [1791202353.373369652] [bt_navigator]: Destroying
[dashboard_node-27]     return next(self._cb_iter)
[dashboard_node-27]   File "/opt/ros/humble/local/lib/python3.10/dist-packages/rclpy/executors.py", line 646, in _wait_for_ready_callbacks
[dashboard_node-27]     raise ExternalShutdownException()
[dashboard_node-27] rclpy.executors.ExternalShutdownException
[planner_server-34] [INFO] [1791202353.375110923] [planner_server]: Deactivating plugin GridBased of type NavfnPlanner
[planner_server-34] [INFO] [1791202353.375201846] [planner_server]: Destroying bond (planner_server) to lifecycle manager.
[planner_server-34] [INFO] [1791202353.385526987] [planner_server]: Cleaning up
[planner_server-34] [INFO] [1791202353.389513673] [global_costmap.global_costmap]: Cleaning up
[planner_server-34] [INFO] [1791202353.392659063] [planner_server]: Cleaning up plugin GridBased of type NavfnPlanner
[planner_server-34] [INFO] [1791202353.393049019] [planner_server]: Destroying plugin GridBased of type NavfnPlanner
[ERROR] [audio_warning_node-21]: process has died [pid 154007, exit code 1, cmd '/home/desh/Yoru_bot_publication/install/yoru_core/lib/yoru_core/audio_warning_node --ros-args -r __node:=audio_warning_node --params-file /home/desh/Yoru_bot_publication/install/yoru_bringup/share/yoru_bringup/config/yoru_sim.yaml --params-file /tmp/launch_params_hjyq82kf --params-file /home/desh/Yoru_bot_publication/evidence/phase3/runs/P3_C7/overlay.yaml'].
[planner_server-34] [INFO] [1791202353.397005723] [planner_server]: Destroying bond (planner_server) to lifecycle manager.
[ERROR] [camera_target_node-14]: process has died [pid 153956, exit code 1, cmd '/home/desh/Yoru_bot_publication/install/yoru_core/lib/yoru_core/camera_target_node --ros-args -r __node:=camera_target_cctv1 --params-file /home/desh/Yoru_bot_publication/install/yoru_bringup/share/yoru_bringup/config/yoru_sim.yaml --params-file /tmp/launch_params_tew8vskv --params-file /home/desh/Yoru_bot_publication/evidence/phase3/runs/P3_C7/overlay.yaml'].
[planner_server-34] [INFO] [1791202353.399989385] [global_costmap.global_costmap]: Destroying
[planner_server-34] [INFO] [1791202353.405386562] [planner_server]: Destroying
[ERROR] [event_confirmation_node-13]: process has died [pid 153954, exit code 1, cmd '/home/desh/Yoru_bot_publication/install/yoru_core/lib/yoru_core/event_confirmation_node --ros-args -r __node:=confirm_cctv1 --params-file /home/desh/Yoru_bot_publication/install/yoru_bringup/share/yoru_bringup/config/yoru_sim.yaml --params-file /tmp/launch_params__79her7g --params-file /home/desh/Yoru_bot_publication/evidence/phase3/runs/P3_C7/overlay.yaml'].
[INFO] [ros2-1]: process has finished cleanly [pid 153930]
[ERROR] [event_confirmation_node-17]: process has died [pid 153977, exit code 1, cmd '/home/desh/Yoru_bot_publication/install/yoru_core/lib/yoru_core/event_confirmation_node --ros-args -r __node:=confirm_cctv2 --params-file /home/desh/Yoru_bot_publication/install/yoru_bringup/share/yoru_bringup/config/yoru_sim.yaml --params-file /tmp/launch_params_llun9j77 --params-file /home/desh/Yoru_bot_publication/evidence/phase3/runs/P3_C7/overlay.yaml'].
[ERROR] [tracking_node-12]: process has died [pid 153952, exit code 1, cmd '/home/desh/Yoru_bot_publication/install/yoru_core/lib/yoru_core/tracking_node --ros-args -r __node:=tracking_cctv1 --params-file /home/desh/Yoru_bot_publication/install/yoru_bringup/share/yoru_bringup/config/yoru_sim.yaml --params-file /tmp/launch_params__mu97mr6 --params-file /home/desh/Yoru_bot_publication/evidence/phase3/runs/P3_C7/overlay.yaml'].
[INFO] [controller_server-32]: process has finished cleanly [pid 154783]
[ERROR] [tracking_node-16]: process has died [pid 153962, exit code 1, cmd '/home/desh/Yoru_bot_publication/install/yoru_core/lib/yoru_core/tracking_node --ros-args -r __node:=tracking_cctv2 --params-file /home/desh/Yoru_bot_publication/install/yoru_bringup/share/yoru_bringup/config/yoru_sim.yaml --params-file /tmp/launch_params_jdbbii8g --params-file /home/desh/Yoru_bot_publication/evidence/phase3/runs/P3_C7/overlay.yaml'].
[ERROR] [admin_joy_node-26]: process has died [pid 154018, exit code 1, cmd '/home/desh/Yoru_bot_publication/install/yoru_core/lib/yoru_core/admin_joy_node --ros-args --params-file /home/desh/Yoru_bot_publication/install/yoru_bringup/share/yoru_bringup/config/yoru_sim.yaml --params-file /tmp/launch_params_e4z36gh3 --params-file /home/desh/Yoru_bot_publication/evidence/phase3/runs/P3_C7/overlay.yaml'].
[ERROR] [incident_logger_node-22]: process has died [pid 154009, exit code 1, cmd '/home/desh/Yoru_bot_publication/install/yoru_core/lib/yoru_core/incident_logger_node --ros-args --params-file /home/desh/Yoru_bot_publication/install/yoru_bringup/share/yoru_bringup/config/yoru_sim.yaml --params-file /tmp/launch_params_ijor7b9w --params-file /home/desh/Yoru_bot_publication/evidence/phase3/runs/P3_C7/overlay.yaml'].
[INFO] [bt_navigator-36]: process has finished cleanly [pid 154791]
[ERROR] [compliance_fsm_node-20]: process has died [pid 154005, exit code 1, cmd '/home/desh/Yoru_bot_publication/install/yoru_core/lib/yoru_core/compliance_fsm_node --ros-args --params-file /home/desh/Yoru_bot_publication/install/yoru_bringup/share/yoru_bringup/config/yoru_sim.yaml --params-file /tmp/launch_params_cuqpvzps --params-file /home/desh/Yoru_bot_publication/evidence/phase3/runs/P3_C7/overlay.yaml --params-file /tmp/launch_params_x9a4nqx3'].
[ERROR] [return_to_base_node-25]: process has died [pid 154016, exit code 1, cmd '/home/desh/Yoru_bot_publication/install/yoru_core/lib/yoru_core/return_to_base_node --ros-args --params-file /home/desh/Yoru_bot_publication/install/yoru_bringup/share/yoru_bringup/config/yoru_sim.yaml --params-file /tmp/launch_params_wch3hd4j --params-file /home/desh/Yoru_bot_publication/evidence/phase3/runs/P3_C7/overlay.yaml'].
[ERROR] [camera_target_node-18]: process has died [pid 153989, exit code 1, cmd '/home/desh/Yoru_bot_publication/install/yoru_core/lib/yoru_core/camera_target_node --ros-args -r __node:=camera_target_cctv2 --params-file /home/desh/Yoru_bot_publication/install/yoru_bringup/share/yoru_bringup/config/yoru_sim.yaml --params-file /tmp/launch_params_gdkm5t2r --params-file /home/desh/Yoru_bot_publication/evidence/phase3/runs/P3_C7/overlay.yaml'].
[INFO] [planner_server-34]: process has finished cleanly [pid 154787]
[ERROR] [incident_emailer_node-23]: process has died [pid 154012, exit code 1, cmd '/home/desh/Yoru_bot_publication/install/yoru_core/lib/yoru_core/incident_emailer_node --ros-args --params-file /home/desh/Yoru_bot_publication/install/yoru_bringup/share/yoru_bringup/config/yoru_sim.yaml --params-file /tmp/launch_params_4d9jslts --params-file /home/desh/Yoru_bot_publication/evidence/phase3/runs/P3_C7/overlay.yaml'].
[ERROR] [patrol_node-24]: process has died [pid 154014, exit code 1, cmd '/home/desh/Yoru_bot_publication/install/yoru_core/lib/yoru_core/patrol_node --ros-args --params-file /home/desh/Yoru_bot_publication/install/yoru_bringup/share/yoru_bringup/config/yoru_sim.yaml --params-file /tmp/launch_params_894kb938 --params-file /home/desh/Yoru_bot_publication/evidence/phase3/runs/P3_C7/overlay.yaml'].
[ERROR] [human_actor_node-28]: process has died [pid 154022, exit code 1, cmd '/home/desh/Yoru_bot_publication/install/yoru_core/lib/yoru_core/human_actor_node --ros-args --params-file /home/desh/Yoru_bot_publication/install/yoru_bringup/share/yoru_bringup/config/yoru_sim.yaml --params-file /tmp/launch_params_wdpw7dl6 --params-file /home/desh/Yoru_bot_publication/evidence/phase3/runs/P3_C7/overlay.yaml'].
[ERROR] [nav2_goal_sender_node-19]: process has died [pid 154000, exit code 1, cmd '/home/desh/Yoru_bot_publication/install/yoru_core/lib/yoru_core/nav2_goal_sender_node --ros-args --params-file /home/desh/Yoru_bot_publication/install/yoru_bringup/share/yoru_bringup/config/yoru_sim.yaml --params-file /tmp/launch_params_dd0n22er --params-file /home/desh/Yoru_bot_publication/evidence/phase3/runs/P3_C7/overlay.yaml --params-file /tmp/launch_params_6hxb7jkb'].
[ERROR] [dashboard_node-27]: process has died [pid 154020, exit code 1, cmd '/home/desh/Yoru_bot_publication/install/yoru_core/lib/yoru_core/dashboard_node --ros-args --params-file /home/desh/Yoru_bot_publication/install/yoru_bringup/share/yoru_bringup/config/yoru_sim.yaml --params-file /tmp/launch_params_e39j93no --params-file /home/desh/Yoru_bot_publication/evidence/phase3/runs/P3_C7/overlay.yaml'].
[INFO] [gzserver-4]: process has finished cleanly [pid 153936]
[ERROR] [yolo_detector_node-15]: process has died [pid 153960, exit code 1, cmd '/home/desh/Yoru_bot_publication/install/yoru_core/lib/yoru_core/yolo_detector_node --ros-args -r __node:=yolo_cctv2 --params-file /home/desh/Yoru_bot_publication/install/yoru_bringup/share/yoru_bringup/config/yoru_sim.yaml --params-file /tmp/launch_params_s97afxkz --params-file /home/desh/Yoru_bot_publication/evidence/phase3/runs/P3_C7/overlay.yaml'].
[ERROR] [yolo_detector_node-10]: process has died [pid 153948, exit code 1, cmd '/home/desh/Yoru_bot_publication/install/yoru_core/lib/yoru_core/yolo_detector_node --ros-args -r __node:=yolo_cctv1 --params-file /home/desh/Yoru_bot_publication/install/yoru_bringup/share/yoru_bringup/config/yoru_sim.yaml --params-file /tmp/launch_params_ma63fe69 --params-file /home/desh/Yoru_bot_publication/evidence/phase3/runs/P3_C7/overlay.yaml'].
