[INFO] [launch]: All log files can be found below /home/desh/.ros/log/2026-10-05-13-05-57-304003-desh-Nitro-AN515-58-151652
[INFO] [launch]: Default logging verbosity is set to INFO
[yoru] mode:=auto resolved to "localization" (map found: /home/desh/Yoru_bot_publication/maps/sim/main_map.yaml)
[yoru] server profile: SIMULATION (yoru_sim.yaml)
[INFO] [ros2-1]: process started with pid [151655]
[INFO] [robot_state_publisher-2]: process started with pid [151657]
[INFO] [twist_mux-3]: process started with pid [151659]
[INFO] [gzserver-4]: process started with pid [151661]
[INFO] [spawn_entity.py-5]: process started with pid [151663]
[INFO] [spawner-6]: process started with pid [151665]
[INFO] [spawner-7]: process started with pid [151667]
[INFO] [static_transform_publisher-8]: process started with pid [151669]
[INFO] [static_transform_publisher-9]: process started with pid [151671]
[INFO] [yolo_detector_node-10]: process started with pid [151673]
[INFO] [scenario_publisher_node-11]: process started with pid [151675]
[INFO] [tracking_node-12]: process started with pid [151677]
[INFO] [event_confirmation_node-13]: process started with pid [151679]
[INFO] [camera_target_node-14]: process started with pid [151681]
[INFO] [yolo_detector_node-15]: process started with pid [151683]
[INFO] [tracking_node-16]: process started with pid [151685]
[INFO] [event_confirmation_node-17]: process started with pid [151690]
[INFO] [camera_target_node-18]: process started with pid [151711]
[INFO] [nav2_goal_sender_node-19]: process started with pid [151719]
[INFO] [compliance_fsm_node-20]: process started with pid [151726]
[INFO] [audio_warning_node-21]: process started with pid [151729]
[INFO] [incident_logger_node-22]: process started with pid [151732]
[INFO] [incident_emailer_node-23]: process started with pid [151735]
[INFO] [patrol_node-24]: process started with pid [151739]
[INFO] [return_to_base_node-25]: process started with pid [151741]
[INFO] [admin_joy_node-26]: process started with pid [151743]
[INFO] [dashboard_node-27]: process started with pid [151745]
[INFO] [human_actor_node-28]: process started with pid [151747]
[robot_state_publisher-2] [INFO] [1791201957.669860859] [robot_state_publisher]: got segment base_footprint
[robot_state_publisher-2] [INFO] [1791201957.670008664] [robot_state_publisher]: got segment base_link
[robot_state_publisher-2] [INFO] [1791201957.670024235] [robot_state_publisher]: got segment camera_link
[robot_state_publisher-2] [INFO] [1791201957.670033207] [robot_state_publisher]: got segment camera_link_optical
[robot_state_publisher-2] [INFO] [1791201957.670041091] [robot_state_publisher]: got segment caster_wheel
[robot_state_publisher-2] [INFO] [1791201957.670049016] [robot_state_publisher]: got segment chassis
[robot_state_publisher-2] [INFO] [1791201957.670056606] [robot_state_publisher]: got segment laser_frame
[robot_state_publisher-2] [INFO] [1791201957.670064302] [robot_state_publisher]: got segment left_wheel
[robot_state_publisher-2] [INFO] [1791201957.670071594] [robot_state_publisher]: got segment right_wheel
[twist_mux-3] [INFO] [1791201957.652412999] [twist_mux]: Topic handler 'topics.joystick' subscribed to topic 'cmd_vel_joy': timeout = 0.500000s , priority = 100.
[twist_mux-3] [INFO] [1791201957.657295523] [twist_mux]: Topic handler 'topics.navigation' subscribed to topic 'cmd_vel': timeout = 0.500000s , priority = 10.
[twist_mux-3] [INFO] [1791201957.657776611] [twist_mux]: Topic handler 'topics.tracker' subscribed to topic 'cmd_vel_tracker': timeout = 0.500000s , priority = 20.
[static_transform_publisher-8] [INFO] [1791201957.647026333] [cctv1_tf]: Spinning until stopped - publishing transform
[static_transform_publisher-8] translation: ('5.800000', '0.000000', '2.500000')
[static_transform_publisher-8] rotation: ('-0.271547', '0.000000', '0.962425', '0.000001')
[static_transform_publisher-8] from 'map' to 'cctv1_link'
[static_transform_publisher-9] [INFO] [1791201957.662720670] [cctv2_tf]: Spinning until stopped - publishing transform
[static_transform_publisher-9] translation: ('-5.800000', '0.000000', '2.500000')
[static_transform_publisher-9] rotation: ('0.000000', '0.271547', '0.000000', '0.962425')
[static_transform_publisher-9] from 'map' to 'cctv2_link'
[audio_warning_node-21] [INFO] [1791201958.023657212] [audio_warning_node]: Audio warning node ready - backend: log-only (use_audio: false)
[event_confirmation_node-13] [INFO] [1791201958.138081529] [confirm_cctv1]: Event confirmation node ready (criteria C1-C7, weights w_D=0.4, w_P=0.3, w_T=0.2, w_S=0.1, confirm>=0.6)
[camera_target_node-18] [INFO] [1791201958.260940680] [camera_target_cctv2]: Loaded 1 camera spot(s) from /home/desh/Yoru_bot_publication/maps/sim/cameras.json
[camera_target_node-18] [INFO] [1791201958.262448277] [camera_target_cctv2]: Camera target node ready (camera_id=cctv2, registry=/home/desh/Yoru_bot_publication/maps/sim/cameras.json)
[ros2-1] stdin is not a terminal device. Keyboard handling disabled.[INFO] [1791201958.357584544] [rosbag2_recorder]: Press SPACE for pausing/resuming
[ros2-1] [INFO] [1791201958.376388019] [rosbag2_storage]: Opened database '/home/desh/Yoru_bot_publication/evidence/phase3/runs/P3_JK/bag/bag_0.db3' for READ_WRITE.
[spawn_entity.py-5] [INFO] [1791201958.386886600] [spawn_entity]: Spawn Entity started
[spawn_entity.py-5] [INFO] [1791201958.388321890] [spawn_entity]: Loading entity published on topic robot_description
[spawn_entity.py-5] [INFO] [1791201958.398850336] [spawn_entity]: Waiting for entity xml on robot_description
[ros2-1] [INFO] [1791201958.404844372] [rosbag2_recorder]: Listening for topics...
[ros2-1] [INFO] [1791201958.404852058] [rosbag2_recorder]: Event publisher thread: Starting
[ros2-1] [INFO] [1791201958.406287151] [rosbag2_recorder]: Subscribed to topic '/clock'
[ros2-1] [INFO] [1791201958.406406059] [rosbag2_recorder]: Recording...
[incident_logger_node-22] [INFO] [1791201958.422899325] [incident_logger_node]: Incident logger ready -> /home/desh/Yoru_bot_publication/evidence/phase3/runs/P3_JK/incident_logs/incidents.jsonl
[camera_target_node-14] [INFO] [1791201958.461459297] [camera_target_cctv1]: Loaded 1 camera spot(s) from /home/desh/Yoru_bot_publication/maps/sim/cameras.json
[camera_target_node-14] [INFO] [1791201958.462048200] [camera_target_cctv1]: Camera target node ready (camera_id=cctv1, registry=/home/desh/Yoru_bot_publication/maps/sim/cameras.json)
[event_confirmation_node-17] [INFO] [1791201958.491925038] [confirm_cctv2]: Event confirmation node ready (criteria C1-C7, weights w_D=0.4, w_P=0.3, w_T=0.2, w_S=0.1, confirm>=0.6)
[spawn_entity.py-5] [INFO] [1791201958.505024750] [spawn_entity]: Waiting for service /spawn_entity, timeout = 30
[spawn_entity.py-5] [INFO] [1791201958.505404394] [spawn_entity]: Waiting for service /spawn_entity
[ros2-1] [INFO] [1791201958.511422406] [rosbag2_recorder]: Subscribed to topic '/diff_cont/cmd_vel_unstamped'
[ros2-1] [INFO] [1791201958.542556038] [rosbag2_recorder]: Subscribed to topic '/compliance/audio_event'
[nav2_goal_sender_node-19] [INFO] [1791201958.544837858] [nav2_goal_sender_node]: Nav2 goal sender ready (waits for FSM APPROACH)
[spawner-7] [INFO] [1791201958.553185562] [spawner_joint_broad]: waiting for service /controller_manager/list_controllers to become available...
[ros2-1] [INFO] [1791201958.556067308] [rosbag2_recorder]: Subscribed to topic '/compliance/cctv2/confirmed'
[ros2-1] [INFO] [1791201958.566729876] [rosbag2_recorder]: Subscribed to topic '/compliance/confirmation_debug'
[ros2-1] [INFO] [1791201958.581561233] [rosbag2_recorder]: Subscribed to topic '/compliance/event_metadata'
[incident_emailer_node-23] [INFO] [1791201958.597544697] [incident_emailer_node]: Incident emailer ready (deshwind02@gmail.com -> deshwind02@gmail.com, rooms: ['room_a', 'room_b'], keyframes: /home/desh/compliance_robot_logs/keyframes)
[ros2-1] [INFO] [1791201958.601648963] [rosbag2_recorder]: Subscribed to topic '/compliance/navigation_targets'
[spawner-6] [INFO] [1791201958.614421067] [spawner_diff_cont]: waiting for service /controller_manager/list_controllers to become available...
[ros2-1] [INFO] [1791201958.615245468] [rosbag2_recorder]: Subscribed to topic '/tf_static'
[compliance_fsm_node-20] [INFO] [1791201958.627727692] [compliance_fsm_node]: Compliance FSM ready (state: MONITORING)
[tracking_node-12] [INFO] [1791201958.632877301] [tracking_cctv1]: SORT tracking node ready
[tracking_node-16] [INFO] [1791201958.633855325] [tracking_cctv2]: SORT tracking node ready
[patrol_node-24] [INFO] [1791201958.653801796] [patrol_node]: Patrol node ready (1 waypoints, enabled=False)
[admin_joy_node-26] [INFO] [1791201958.658787362] [admin_joy_node]: Admin joystick ready: OPTIONS = pause/resume autonomy, TRIANGLE = return to base, L2 + left stick = drive
[human_actor_node-28] [INFO] [1791201958.660713607] [human_actor_node]: Human actor node: seed=2, violator=person_2, layout=[('person_1', 3.0, 0.3, 'bystander'), ('person_2', 3.9, -0.4, 'violator'), ('person_3', 2.3, -1.5, 'bystander')]
[scenario_publisher_node-11] [INFO] [1791201958.699351641] [scenario_publisher_node]: Scenario publisher: mode=world, scenario=smoking, device appears after 30s -> /compliance/cctv1/detections
[ros2-1] [INFO] [1791201958.718572039] [rosbag2_recorder]: Subscribed to topic '/compliance/fsm_status'
[ros2-1] [INFO] [1791201958.719948176] [rosbag2_recorder]: Subscribed to topic '/cmd_vel_tracker'
[ros2-1] [INFO] [1791201958.721269556] [rosbag2_recorder]: Subscribed to topic '/compliance/nav_status'
[ros2-1] [INFO] [1791201958.722768007] [rosbag2_recorder]: Subscribed to topic '/compliance/direct_warning'
[ros2-1] [INFO] [1791201958.724296664] [rosbag2_recorder]: Subscribed to topic '/compliance/tracking_info'
[ros2-1] [INFO] [1791201958.725214734] [rosbag2_recorder]: Subscribed to topic '/compliance/cctv1/confirmed'
[ros2-1] [INFO] [1791201958.725945994] [rosbag2_recorder]: Subscribed to topic '/compliance/fsm_state'
[ros2-1] [INFO] [1791201958.727036027] [rosbag2_recorder]: Subscribed to topic '/compliance/pa_warning'
[ros2-1] [INFO] [1791201958.728020094] [rosbag2_recorder]: Subscribed to topic '/compliance/incident_log_path'
[ros2-1] [INFO] [1791201958.728849227] [rosbag2_recorder]: Subscribed to topic '/compliance/incident_log'
[ros2-1] [INFO] [1791201958.729972709] [rosbag2_recorder]: Subscribed to topic '/compliance/autonomy_paused'
[ros2-1] [INFO] [1791201958.730769214] [rosbag2_recorder]: Subscribed to topic '/compliance/scenario_ground_truth'
[ros2-1] [INFO] [1791201958.731504910] [rosbag2_recorder]: Subscribed to topic '/tf'
[dashboard_node-27] [INFO] [1791201958.742664090] [dashboard_node]: Admin dashboard at http://localhost:8080  |  from your phone: http://192.168.1.28:8080 (same Wi-Fi; first run: you will be asked to CREATE the admin password)
[return_to_base_node-25] [INFO] [1791201958.810483525] [return_to_base_node]: Return-to-base ready (1 base pose(s))
[ros2-1] [INFO] [1791201958.833601568] [rosbag2_recorder]: Subscribed to topic '/compliance/actor_events'
[spawn_entity.py-5] [INFO] [1791201959.511489937] [spawn_entity]: Calling service /spawn_entity
[yolo_detector_node-10] /home/desh/.local/lib/python3.10/site-packages/matplotlib/projections/__init__.py:63: UserWarning: Unable to import Axes3D. This may be due to multiple versions of Matplotlib being installed (e.g. as a system package and as a pip package). As a result, the 3D projection is not available.
[yolo_detector_node-10]   warnings.warn("Unable to import Axes3D. This may be due to multiple versions of "
[yolo_detector_node-15] /home/desh/.local/lib/python3.10/site-packages/matplotlib/projections/__init__.py:63: UserWarning: Unable to import Axes3D. This may be due to multiple versions of Matplotlib being installed (e.g. as a system package and as a pip package). As a result, the 3D projection is not available.
[yolo_detector_node-15]   warnings.warn("Unable to import Axes3D. This may be due to multiple versions of "
[gzserver-4] [INFO] [1791201959.808135145] [cctv1_controller]: Publishing camera info to [/cctv1/camera_info]
[gzserver-4] [INFO] [1791201959.820986431] [cctv2_controller]: Publishing camera info to [/cctv2/camera_info]
[gzserver-4] [INFO] [1791201959.843073118] [gazebo.gazebo_ros_state]: Publishing states of gazebo models at [/gazebo/model_states]
[gzserver-4] [INFO] [1791201959.844042447] [gazebo.gazebo_ros_state]: Publishing states of gazebo links at [/gazebo/link_states]
[ros2-1] [INFO] [1791201959.851019228] [rosbag2_recorder]: Subscribed to topic '/gazebo/model_states'
[gzserver-4] [INFO] [1791201959.872192814] [yoru_actor_person_1]: actor 'person_1' ready (body 'person_1_body', 0.60 m/s)
[gzserver-4] [INFO] [1791201959.882685846] [yoru_actor_person_2]: actor 'person_2' ready (body 'person_2_body', 0.60 m/s)
[gzserver-4] [INFO] [1791201959.892949923] [yoru_actor_person_3]: actor 'person_3' ready (body 'person_3_body', 0.60 m/s)
[gzserver-4] [INFO] [1791201959.903330569] [yoru_actor_intruder_1]: actor 'intruder_1' ready (body 'intruder_1_body', 1.20 m/s)
[spawn_entity.py-5] [INFO] [1791201959.988815047] [spawn_entity]: Spawn status: SpawnEntity: Successfully spawned entity [yoru_robot]
[INFO] [spawn_entity.py-5]: process has finished cleanly [pid 151663]
[gzserver-4] [INFO] [1791201960.270043692] [camera_controller]: Publishing camera info to [/camera/camera_info]
[ros2-1] [INFO] [1791201960.364230155] [rosbag2_recorder]: Subscribed to topic '/scan'
[gzserver-4] [INFO] [1791201960.400957673] [gazebo_ros2_control]: Loading gazebo_ros2_control plugin
[gzserver-4] [INFO] [1791201960.409343737] [gazebo_ros2_control]: Starting gazebo_ros2_control plugin in namespace: /
[gzserver-4] [INFO] [1791201960.409399334] [gazebo_ros2_control]: Starting gazebo_ros2_control plugin in ros 2 node: gazebo_ros2_control
[gzserver-4] [INFO] [1791201960.416164966] [gazebo_ros2_control]: connected to service!! robot_state_publisher
[gzserver-4] [INFO] [1791201960.416794231] [gazebo_ros2_control]: Received urdf from param server, parsing...
[gzserver-4] [INFO] [1791201960.418232969] [gazebo_ros2_control]: Loading parameter files /home/desh/Yoru_bot_publication/install/yoru_base/share/yoru_base/config/my_controllers.yaml
[gzserver-4] [INFO] [1791201960.418263314] [gazebo_ros2_control]: Loading parameter files /home/desh/Yoru_bot_publication/install/yoru_base/share/yoru_base/config/gaz_ros2_ctl_use_sim.yaml
[gzserver-4] [INFO] [1791201960.424060305] [gazebo_ros2_control]: Loading joint: left_wheel_joint
[gzserver-4] [INFO] [1791201960.424118682] [gazebo_ros2_control]: 	State:
[gzserver-4] [INFO] [1791201960.424126402] [gazebo_ros2_control]: 		 velocity
[gzserver-4] [INFO] [1791201960.424134309] [gazebo_ros2_control]: 		 position
[gzserver-4] [INFO] [1791201960.424140386] [gazebo_ros2_control]: 	Command:
[gzserver-4] [INFO] [1791201960.424174398] [gazebo_ros2_control]: 		 velocity
[gzserver-4] [INFO] [1791201960.424675595] [gazebo_ros2_control]: Loading joint: right_wheel_joint
[gzserver-4] [INFO] [1791201960.424715336] [gazebo_ros2_control]: 	State:
[gzserver-4] [INFO] [1791201960.424720885] [gazebo_ros2_control]: 		 velocity
[gzserver-4] [INFO] [1791201960.424724870] [gazebo_ros2_control]: 		 position
[gzserver-4] [INFO] [1791201960.424728165] [gazebo_ros2_control]: 	Command:
[gzserver-4] [INFO] [1791201960.424743367] [gazebo_ros2_control]: 		 velocity
[gzserver-4] [INFO] [1791201960.425110073] [resource_manager]: Initialize hardware 'GazeboSystem' 
[gzserver-4] [INFO] [1791201960.425233005] [resource_manager]: Successful initialization of hardware 'GazeboSystem'
[gzserver-4] [INFO] [1791201960.425289692] [resource_manager]: 'configure' hardware 'GazeboSystem' 
[gzserver-4] [INFO] [1791201960.425295587] [resource_manager]: Successful 'configure' of hardware 'GazeboSystem'
[gzserver-4] [INFO] [1791201960.425299284] [resource_manager]: 'activate' hardware 'GazeboSystem' 
[gzserver-4] [INFO] [1791201960.425302703] [resource_manager]: Successful 'activate' of hardware 'GazeboSystem'
[gzserver-4] [INFO] [1791201960.425350714] [gazebo_ros2_control]: Loading controller_manager
[gzserver-4] [WARN] [1791201960.453199145] [gazebo_ros2_control]:  Desired controller update period (0.0333333 s) is slower than the gazebo simulation period (0.001 s).
[gzserver-4] [INFO] [1791201960.453454015] [gazebo_ros2_control]: Loaded gazebo_ros2_control.
[yolo_detector_node-10] [INFO] [1791201960.483833907] [yolo_cctv1]: Camera source: ROS topic /cctv1/image_raw
[yolo_detector_node-10] [INFO] [1791201960.484164649] [yolo_cctv1]: YOLO detector ready (model=/home/desh/Yoru_bot_publication/yolov8n.pt, source=ros_topic, publishing /compliance/cctv1/detections_yolo)
[yolo_detector_node-15] [INFO] [1791201960.537063306] [yolo_cctv2]: Camera source: ROS topic /cctv2/image_raw
[yolo_detector_node-15] [INFO] [1791201960.537360348] [yolo_cctv2]: YOLO detector ready (model=/home/desh/Yoru_bot_publication/yolov8n.pt, source=ros_topic, publishing /compliance/cctv2/detections)
[gzserver-4] [INFO] [1791201960.562805538] [controller_manager]: Loading controller 'joint_broad'
[ros2-1] [INFO] [1791201960.571958189] [rosbag2_recorder]: Subscribed to topic '/person_2/cmd_pose'
[ros2-1] [INFO] [1791201960.573212693] [rosbag2_recorder]: Subscribed to topic '/person_1/cmd_pose'
[ros2-1] [INFO] [1791201960.575331775] [rosbag2_recorder]: Subscribed to topic '/person_3/cmd_pose'
[spawner-7] [INFO] [1791201960.594749919] [spawner_joint_broad]: [94mLoaded [1mjoint_broad[0m
[gzserver-4] [INFO] [1791201960.596498545] [controller_manager]: Configuring controller 'joint_broad'
[gzserver-4] [INFO] [1791201960.596773080] [joint_broad]: 'joints' or 'interfaces' parameter is empty. All available state interfaces will be published
[gzserver-4] [INFO] [1791201960.630086259] [controller_manager]: Loading controller 'diff_cont'
[spawner-6] [INFO] [1791201960.664651196] [spawner_diff_cont]: [94mLoaded [1mdiff_cont[0m
[gzserver-4] [INFO] [1791201960.733692854] [controller_manager]: Configuring controller 'diff_cont'
[spawner-7] [INFO] [1791201960.734903738] [spawner_joint_broad]: [92mConfigured and activated [1mjoint_broad[0m
[ros2-1] [INFO] [1791201960.781368730] [rosbag2_recorder]: Subscribed to topic '/diff_cont/odom'
[spawner-6] [INFO] [1791201960.840597039] [spawner_diff_cont]: [92mConfigured and activated [1mdiff_cont[0m
[INFO] [spawner-7]: process has finished cleanly [pid 151667]
[INFO] [spawner-6]: process has finished cleanly [pid 151665]
[yolo_detector_node-10] /home/desh/.local/lib/python3.10/site-packages/torch/cuda/__init__.py:187: UserWarning: CUDA initialization: Unexpected error from cudaGetDeviceCount(). Did you run some cuda functions before calling NumCudaDevices() that might have already set an error? Error 804: forward compatibility was attempted on non supported HW (Triggered internally at /pytorch/c10/cuda/CUDAFunctions.cpp:119.)
[yolo_detector_node-10]   return torch._C._cuda_getDeviceCount() > 0
[yolo_detector_node-15] /home/desh/.local/lib/python3.10/site-packages/torch/cuda/__init__.py:187: UserWarning: CUDA initialization: Unexpected error from cudaGetDeviceCount(). Did you run some cuda functions before calling NumCudaDevices() that might have already set an error? Error 804: forward compatibility was attempted on non supported HW (Triggered internally at /pytorch/c10/cuda/CUDAFunctions.cpp:119.)
[yolo_detector_node-15]   return torch._C._cuda_getDeviceCount() > 0
[INFO] [map_server-29]: process started with pid [152468]
[INFO] [amcl-30]: process started with pid [152470]
[INFO] [lifecycle_manager-31]: process started with pid [152472]
[lifecycle_manager-31] [INFO] [1791201962.812236718] [lifecycle_manager_localization]: Creating
[amcl-30] [INFO] [1791201962.812281834] [amcl]: 
[amcl-30] 	amcl lifecycle node launched. 
[amcl-30] 	Waiting on external lifecycle transitions to activate
[amcl-30] 	See https://design.ros2.org/articles/node_lifecycle.html for more information.
[amcl-30] [INFO] [1791201962.812631154] [amcl]: Creating
[map_server-29] [INFO] [1791201962.822071426] [map_server]: 
[map_server-29] 	map_server lifecycle node launched. 
[map_server-29] 	Waiting on external lifecycle transitions to activate
[map_server-29] 	See https://design.ros2.org/articles/node_lifecycle.html for more information.
[map_server-29] [INFO] [1791201962.822187008] [map_server]: Creating
[lifecycle_manager-31] [INFO] [1791201962.823183064] [lifecycle_manager_localization]: [34m[1mCreating and initializing lifecycle service clients[0m[0m
[lifecycle_manager-31] [INFO] [1791201962.882989893] [lifecycle_manager_localization]: [34m[1mStarting managed nodes bringup...[0m[0m
[lifecycle_manager-31] [INFO] [1791201962.883047643] [lifecycle_manager_localization]: [34m[1mConfiguring map_server[0m[0m
[map_server-29] [INFO] [1791201963.863042002] [map_server]: Configuring
[map_server-29] [INFO] [1791201963.863120464] [map_io]: Loading yaml file: /home/desh/Yoru_bot_publication/maps/sim/main_map.yaml
[map_server-29] [INFO] [1791201963.863343430] [map_io]: resolution: 0.05
[map_server-29] [INFO] [1791201963.863349587] [map_io]: origin[0]: -5.93
[map_server-29] [INFO] [1791201963.863352877] [map_io]: origin[1]: -3.95
[map_server-29] [INFO] [1791201963.863355867] [map_io]: origin[2]: 0
[map_server-29] [INFO] [1791201963.863359163] [map_io]: free_thresh: 0.25
[map_server-29] [INFO] [1791201963.863362353] [map_io]: occupied_thresh: 0.65
[map_server-29] [INFO] [1791201963.863365569] [map_io]: mode: trinary
[map_server-29] [INFO] [1791201963.863369200] [map_io]: negate: 0
[map_server-29] [INFO] [1791201963.863509382] [map_io]: Loading image_file: /home/desh/Yoru_bot_publication/maps/sim/main_map.pgm
[map_server-29] [INFO] [1791201963.871630409] [map_io]: Read map /home/desh/Yoru_bot_publication/maps/sim/main_map.pgm: 238 X 158 map @ 0.05 m/cell
[lifecycle_manager-31] [INFO] [1791201963.886975100] [lifecycle_manager_localization]: [34m[1mConfiguring amcl[0m[0m
[amcl-30] [INFO] [1791201963.891018763] [amcl]: Configuring
[amcl-30] [INFO] [1791201963.891104338] [amcl]: initTransforms
[amcl-30] [INFO] [1791201963.915492699] [amcl]: initPubSub
[amcl-30] [INFO] [1791201963.922854522] [amcl]: Subscribed to map topic.
[lifecycle_manager-31] [INFO] [1791201963.937301422] [lifecycle_manager_localization]: [34m[1mActivating map_server[0m[0m
[map_server-29] [INFO] [1791201963.937783961] [map_server]: Activating
[map_server-29] [INFO] [1791201963.938057120] [map_server]: Creating bond (map_server) to lifecycle manager.
[amcl-30] [INFO] [1791201963.938205455] [amcl]: Received a 238 X 158 map @ 0.050 m/pix
[ros2-1] [INFO] [1791201964.005395094] [rosbag2_recorder]: Subscribed to topic '/amcl_pose'
[lifecycle_manager-31] [INFO] [1791201964.054305839] [lifecycle_manager_localization]: Server map_server connected with bond.
[lifecycle_manager-31] [INFO] [1791201964.054399093] [lifecycle_manager_localization]: [34m[1mActivating amcl[0m[0m
[amcl-30] [INFO] [1791201964.055965648] [amcl]: Activating
[amcl-30] [INFO] [1791201964.056006783] [amcl]: initialPoseReceived
[amcl-30] [INFO] [1791201964.056031660] [amcl]: Setting pose (3.400000): -0.000 0.000 0.000
[amcl-30] [INFO] [1791201964.056699925] [amcl]: Creating bond (amcl) to lifecycle manager.
[amcl-30] [INFO] [1791201964.060926182] [amcl]: createLaserObject
[lifecycle_manager-31] [INFO] [1791201964.166328091] [lifecycle_manager_localization]: Server amcl connected with bond.
[lifecycle_manager-31] [INFO] [1791201964.166465212] [lifecycle_manager_localization]: [34m[1mManaged nodes are active[0m[0m
[lifecycle_manager-31] [INFO] [1791201964.166486682] [lifecycle_manager_localization]: [34m[1mCreating bond timer...[0m[0m
[INFO] [controller_server-32]: process started with pid [152508]
[INFO] [smoother_server-33]: process started with pid [152510]
[INFO] [planner_server-34]: process started with pid [152512]
[INFO] [behavior_server-35]: process started with pid [152514]
[INFO] [bt_navigator-36]: process started with pid [152516]
[INFO] [waypoint_follower-37]: process started with pid [152518]
[INFO] [velocity_smoother-38]: process started with pid [152520]
[behavior_server-35] [INFO] [1791201965.933875675] [behavior_server]: 
[behavior_server-35] 	behavior_server lifecycle node launched. 
[behavior_server-35] 	Waiting on external lifecycle transitions to activate
[behavior_server-35] 	See https://design.ros2.org/articles/node_lifecycle.html for more information.
[waypoint_follower-37] [INFO] [1791201965.940604625] [waypoint_follower]: 
[waypoint_follower-37] 	waypoint_follower lifecycle node launched. 
[waypoint_follower-37] 	Waiting on external lifecycle transitions to activate
[waypoint_follower-37] 	See https://design.ros2.org/articles/node_lifecycle.html for more information.
[waypoint_follower-37] [INFO] [1791201965.941624280] [waypoint_follower]: Creating
[smoother_server-33] [INFO] [1791201965.952139508] [smoother_server]: 
[smoother_server-33] 	smoother_server lifecycle node launched. 
[smoother_server-33] 	Waiting on external lifecycle transitions to activate
[smoother_server-33] 	See https://design.ros2.org/articles/node_lifecycle.html for more information.
[smoother_server-33] [INFO] [1791201965.957486438] [smoother_server]: Creating smoother server
[planner_server-34] [INFO] [1791201965.980802099] [planner_server]: 
[planner_server-34] 	planner_server lifecycle node launched. 
[planner_server-34] 	Waiting on external lifecycle transitions to activate
[planner_server-34] 	See https://design.ros2.org/articles/node_lifecycle.html for more information.
[planner_server-34] [INFO] [1791201965.982056048] [planner_server]: Creating
[controller_server-32] [INFO] [1791201965.985553930] [controller_server]: 
[controller_server-32] 	controller_server lifecycle node launched. 
[controller_server-32] 	Waiting on external lifecycle transitions to activate
[controller_server-32] 	See https://design.ros2.org/articles/node_lifecycle.html for more information.
[controller_server-32] [INFO] [1791201965.989252297] [controller_server]: Creating controller server
[bt_navigator-36] [INFO] [1791201965.990682500] [bt_navigator]: 
[bt_navigator-36] 	bt_navigator lifecycle node launched. 
[bt_navigator-36] 	Waiting on external lifecycle transitions to activate
[bt_navigator-36] 	See https://design.ros2.org/articles/node_lifecycle.html for more information.
[bt_navigator-36] [INFO] [1791201965.990799390] [bt_navigator]: Creating
[velocity_smoother-38] [INFO] [1791201966.014458839] [velocity_smoother]: 
[velocity_smoother-38] 	velocity_smoother lifecycle node launched. 
[velocity_smoother-38] 	Waiting on external lifecycle transitions to activate
[velocity_smoother-38] 	See https://design.ros2.org/articles/node_lifecycle.html for more information.
[controller_server-32] [INFO] [1791201966.125941180] [local_costmap.local_costmap]: 
[controller_server-32] 	local_costmap lifecycle node launched. 
[controller_server-32] 	Waiting on external lifecycle transitions to activate
[controller_server-32] 	See https://design.ros2.org/articles/node_lifecycle.html for more information.
[controller_server-32] [INFO] [1791201966.127600156] [local_costmap.local_costmap]: Creating Costmap
[planner_server-34] [INFO] [1791201966.299301200] [global_costmap.global_costmap]: 
[planner_server-34] 	global_costmap lifecycle node launched. 
[planner_server-34] 	Waiting on external lifecycle transitions to activate
[planner_server-34] 	See https://design.ros2.org/articles/node_lifecycle.html for more information.
[planner_server-34] [INFO] [1791201966.299735374] [global_costmap.global_costmap]: Creating Costmap
[INFO] [lifecycle_manager-39]: process started with pid [152602]
[lifecycle_manager-39] [INFO] [1791201973.961144148] [lifecycle_manager_navigation]: Creating
[lifecycle_manager-39] [INFO] [1791201973.962173535] [lifecycle_manager_navigation]: [34m[1mCreating and initializing lifecycle service clients[0m[0m
[lifecycle_manager-39] [INFO] [1791201975.850204570] [lifecycle_manager_navigation]: [34m[1mStarting managed nodes bringup...[0m[0m
[lifecycle_manager-39] [INFO] [1791201975.850296810] [lifecycle_manager_navigation]: [34m[1mConfiguring controller_server[0m[0m
[controller_server-32] [INFO] [1791201975.855092934] [controller_server]: Configuring controller interface
[controller_server-32] [INFO] [1791201975.856013899] [controller_server]: getting goal checker plugins..
[controller_server-32] [INFO] [1791201975.856148809] [controller_server]: Controller frequency set to 20.0000Hz
[controller_server-32] [INFO] [1791201975.856190323] [local_costmap.local_costmap]: Configuring
[controller_server-32] [INFO] [1791201975.863286296] [local_costmap.local_costmap]: Using plugin "voxel_layer"
[controller_server-32] [INFO] [1791201975.868739908] [local_costmap.local_costmap]: Subscribed to Topics: scan
[controller_server-32] [INFO] [1791201975.888515542] [local_costmap.local_costmap]: Initialized plugin "voxel_layer"
[controller_server-32] [INFO] [1791201975.888555675] [local_costmap.local_costmap]: Using plugin "inflation_layer"
[controller_server-32] [INFO] [1791201975.891336326] [local_costmap.local_costmap]: Initialized plugin "inflation_layer"
[controller_server-32] [INFO] [1791201975.920432945] [controller_server]: Created progress_checker : progress_checker of type nav2_controller::SimpleProgressChecker
[controller_server-32] [INFO] [1791201975.925632369] [controller_server]: Created goal checker : general_goal_checker of type nav2_controller::SimpleGoalChecker
[controller_server-32] [INFO] [1791201975.926077169] [controller_server]: Controller Server has general_goal_checker  goal checkers available.
[controller_server-32] [INFO] [1791201975.927050707] [controller_server]: Created controller : FollowPath of type dwb_core::DWBLocalPlanner
[controller_server-32] [INFO] [1791201975.927844760] [controller_server]: Setting transform_tolerance to 0.200000
[controller_server-32] [INFO] [1791201975.948465957] [controller_server]: Using critic "RotateToGoal" (dwb_critics::RotateToGoalCritic)
[controller_server-32] [INFO] [1791201975.948955508] [controller_server]: Critic plugin initialized
[controller_server-32] [INFO] [1791201975.949068516] [controller_server]: Using critic "Oscillation" (dwb_critics::OscillationCritic)
[controller_server-32] [INFO] [1791201975.949423510] [controller_server]: Critic plugin initialized
[controller_server-32] [INFO] [1791201975.949516962] [controller_server]: Using critic "BaseObstacle" (dwb_critics::BaseObstacleCritic)
[controller_server-32] [INFO] [1791201975.949661190] [controller_server]: Critic plugin initialized
[controller_server-32] [INFO] [1791201975.949735139] [controller_server]: Using critic "GoalAlign" (dwb_critics::GoalAlignCritic)
[controller_server-32] [INFO] [1791201975.950105482] [controller_server]: Critic plugin initialized
[controller_server-32] [INFO] [1791201975.950221894] [controller_server]: Using critic "PathAlign" (dwb_critics::PathAlignCritic)
[controller_server-32] [INFO] [1791201975.950485934] [controller_server]: Critic plugin initialized
[controller_server-32] [INFO] [1791201975.950570514] [controller_server]: Using critic "PathDist" (dwb_critics::PathDistCritic)
[controller_server-32] [INFO] [1791201975.950729685] [controller_server]: Critic plugin initialized
[controller_server-32] [INFO] [1791201975.950804815] [controller_server]: Using critic "GoalDist" (dwb_critics::GoalDistCritic)
[controller_server-32] [INFO] [1791201975.950968349] [controller_server]: Critic plugin initialized
[controller_server-32] [INFO] [1791201975.950980324] [controller_server]: Controller Server has FollowPath  controllers available.
[lifecycle_manager-39] [INFO] [1791201975.973056668] [lifecycle_manager_navigation]: [34m[1mConfiguring smoother_server[0m[0m
[smoother_server-33] [INFO] [1791201975.975032996] [smoother_server]: Configuring smoother server
[smoother_server-33] [INFO] [1791201976.002653155] [smoother_server]: Created smoother : simple_smoother of type nav2_smoother::SimpleSmoother
[smoother_server-33] [INFO] [1791201976.003152479] [smoother_server]: Smoother Server has simple_smoother  smoothers available.
[lifecycle_manager-39] [INFO] [1791201976.026043004] [lifecycle_manager_navigation]: [34m[1mConfiguring planner_server[0m[0m
[planner_server-34] [INFO] [1791201976.028622893] [planner_server]: Configuring
[planner_server-34] [INFO] [1791201976.028674875] [global_costmap.global_costmap]: Configuring
[planner_server-34] [INFO] [1791201976.049028040] [global_costmap.global_costmap]: Using plugin "static_layer"
[planner_server-34] [INFO] [1791201976.053410743] [global_costmap.global_costmap]: Subscribing to the map topic (/map) with transient local durability
[planner_server-34] [INFO] [1791201976.054907472] [global_costmap.global_costmap]: Initialized plugin "static_layer"
[planner_server-34] [INFO] [1791201976.054944738] [global_costmap.global_costmap]: Using plugin "obstacle_layer"
[planner_server-34] [INFO] [1791201976.055170251] [global_costmap.global_costmap]: Subscribed to Topics: scan
[planner_server-34] [INFO] [1791201976.065486260] [global_costmap.global_costmap]: Initialized plugin "obstacle_layer"
[planner_server-34] [INFO] [1791201976.065540002] [global_costmap.global_costmap]: Using plugin "inflation_layer"
[planner_server-34] [INFO] [1791201976.067418353] [global_costmap.global_costmap]: Initialized plugin "inflation_layer"
[planner_server-34] [INFO] [1791201976.094724092] [planner_server]: Created global planner plugin GridBased of type nav2_navfn_planner/NavfnPlanner
[planner_server-34] [INFO] [1791201976.094776452] [planner_server]: Configuring plugin GridBased of type NavfnPlanner
[planner_server-34] [INFO] [1791201976.094813448] [global_costmap.global_costmap]: StaticLayer: Resizing costmap to 238 X 158 at 0.050000 m/pix
[planner_server-34] [INFO] [1791201976.095152031] [planner_server]: Planner Server has GridBased  planners available.
[ros2-1] [INFO] [1791201976.140817677] [rosbag2_recorder]: Subscribed to topic '/plan'
[lifecycle_manager-39] [INFO] [1791201976.141343700] [lifecycle_manager_navigation]: [34m[1mConfiguring behavior_server[0m[0m
[behavior_server-35] [INFO] [1791201976.147023662] [behavior_server]: Configuring
[behavior_server-35] [INFO] [1791201976.194277855] [behavior_server]: Creating behavior plugin spin of type nav2_behaviors/Spin
[behavior_server-35] [INFO] [1791201976.195159788] [behavior_server]: Configuring spin
[behavior_server-35] [INFO] [1791201976.214593914] [behavior_server]: Creating behavior plugin backup of type nav2_behaviors/BackUp
[behavior_server-35] [INFO] [1791201976.215284818] [behavior_server]: Configuring backup
[behavior_server-35] [INFO] [1791201976.229337098] [behavior_server]: Creating behavior plugin drive_on_heading of type nav2_behaviors/DriveOnHeading
[behavior_server-35] [INFO] [1791201976.233056725] [behavior_server]: Configuring drive_on_heading
[behavior_server-35] [INFO] [1791201976.256084689] [behavior_server]: Creating behavior plugin assisted_teleop of type nav2_behaviors/AssistedTeleop
[behavior_server-35] [INFO] [1791201976.257257272] [behavior_server]: Configuring assisted_teleop
[behavior_server-35] [INFO] [1791201976.286916679] [behavior_server]: Creating behavior plugin wait of type nav2_behaviors/Wait
[behavior_server-35] [INFO] [1791201976.287512437] [behavior_server]: Configuring wait
[lifecycle_manager-39] [INFO] [1791201976.315410013] [lifecycle_manager_navigation]: [34m[1mConfiguring bt_navigator[0m[0m
[bt_navigator-36] [INFO] [1791201976.315594299] [bt_navigator]: Configuring
[ros2-1] [INFO] [1791201976.485453526] [rosbag2_recorder]: Subscribed to topic '/navigate_to_pose/_action/status'
[ros2-1] [INFO] [1791201976.496778712] [rosbag2_recorder]: Subscribed to topic '/navigate_to_pose/_action/feedback'
[lifecycle_manager-39] [INFO] [1791201976.509379981] [lifecycle_manager_navigation]: [34m[1mConfiguring waypoint_follower[0m[0m
[waypoint_follower-37] [INFO] [1791201976.511353694] [waypoint_follower]: Configuring
[waypoint_follower-37] [INFO] [1791201976.562974711] [waypoint_follower]: Created waypoint_task_executor : wait_at_waypoint of type nav2_waypoint_follower::WaitAtWaypoint
[lifecycle_manager-39] [INFO] [1791201976.569646827] [lifecycle_manager_navigation]: [34m[1mConfiguring velocity_smoother[0m[0m
[velocity_smoother-38] [INFO] [1791201976.570635771] [velocity_smoother]: Configuring velocity smoother
[lifecycle_manager-39] [INFO] [1791201976.588280583] [lifecycle_manager_navigation]: [34m[1mActivating controller_server[0m[0m
[controller_server-32] [INFO] [1791201976.588567897] [controller_server]: Activating
[controller_server-32] [INFO] [1791201976.588609247] [local_costmap.local_costmap]: Activating
[controller_server-32] [INFO] [1791201976.588624559] [local_costmap.local_costmap]: Checking transform
[controller_server-32] [INFO] [1791201976.588773465] [local_costmap.local_costmap]: start
[controller_server-32] [INFO] [1791201976.797240365] [controller_server]: Creating bond (controller_server) to lifecycle manager.
[lifecycle_manager-39] [INFO] [1791201976.904561583] [lifecycle_manager_navigation]: Server controller_server connected with bond.
[lifecycle_manager-39] [INFO] [1791201976.904606317] [lifecycle_manager_navigation]: [34m[1mActivating smoother_server[0m[0m
[smoother_server-33] [INFO] [1791201976.904872626] [smoother_server]: Activating
[smoother_server-33] [INFO] [1791201976.904904467] [smoother_server]: Creating bond (smoother_server) to lifecycle manager.
[lifecycle_manager-39] [INFO] [1791201977.020078802] [lifecycle_manager_navigation]: Server smoother_server connected with bond.
[lifecycle_manager-39] [INFO] [1791201977.020129816] [lifecycle_manager_navigation]: [34m[1mActivating planner_server[0m[0m
[planner_server-34] [INFO] [1791201977.020662292] [planner_server]: Activating
[planner_server-34] [INFO] [1791201977.020754030] [global_costmap.global_costmap]: Activating
[planner_server-34] [INFO] [1791201977.020782911] [global_costmap.global_costmap]: Checking transform
[planner_server-34] [INFO] [1791201977.020926807] [global_costmap.global_costmap]: Timed out waiting for transform from base_link to map to become available, tf error: Lookup would require extrapolation into the past.  Requested time 15.130000 but the earliest data is at time 15.446000, when looking up transform from frame [base_link] to frame [map]
[planner_server-34] [INFO] [1791201977.521009161] [global_costmap.global_costmap]: start
[planner_server-34] [INFO] [1791201978.525417981] [planner_server]: Activating plugin GridBased of type NavfnPlanner
[planner_server-34] [INFO] [1791201978.530806602] [planner_server]: Creating bond (planner_server) to lifecycle manager.
[lifecycle_manager-39] [INFO] [1791201978.639284529] [lifecycle_manager_navigation]: Server planner_server connected with bond.
[lifecycle_manager-39] [INFO] [1791201978.639350939] [lifecycle_manager_navigation]: [34m[1mActivating behavior_server[0m[0m
[behavior_server-35] [INFO] [1791201978.639838383] [behavior_server]: Activating
[behavior_server-35] [INFO] [1791201978.639872384] [behavior_server]: Activating spin
[behavior_server-35] [INFO] [1791201978.639889046] [behavior_server]: Activating backup
[behavior_server-35] [INFO] [1791201978.639896714] [behavior_server]: Activating drive_on_heading
[behavior_server-35] [INFO] [1791201978.639904333] [behavior_server]: Activating assisted_teleop
[behavior_server-35] [INFO] [1791201978.639911486] [behavior_server]: Activating wait
[behavior_server-35] [INFO] [1791201978.639923816] [behavior_server]: Creating bond (behavior_server) to lifecycle manager.
[lifecycle_manager-39] [INFO] [1791201978.756180354] [lifecycle_manager_navigation]: Server behavior_server connected with bond.
[lifecycle_manager-39] [INFO] [1791201978.756229839] [lifecycle_manager_navigation]: [34m[1mActivating bt_navigator[0m[0m
[bt_navigator-36] [INFO] [1791201978.756868765] [bt_navigator]: Activating
[bt_navigator-36] [INFO] [1791201978.861306833] [bt_navigator]: Creating bond (bt_navigator) to lifecycle manager.
[lifecycle_manager-39] [INFO] [1791201978.975604334] [lifecycle_manager_navigation]: Server bt_navigator connected with bond.
[lifecycle_manager-39] [INFO] [1791201978.975656040] [lifecycle_manager_navigation]: [34m[1mActivating waypoint_follower[0m[0m
[waypoint_follower-37] [INFO] [1791201978.976080945] [waypoint_follower]: Activating
[waypoint_follower-37] [INFO] [1791201978.976135795] [waypoint_follower]: Creating bond (waypoint_follower) to lifecycle manager.
[lifecycle_manager-39] [INFO] [1791201979.089812828] [lifecycle_manager_navigation]: Server waypoint_follower connected with bond.
[lifecycle_manager-39] [INFO] [1791201979.089865301] [lifecycle_manager_navigation]: [34m[1mActivating velocity_smoother[0m[0m
[velocity_smoother-38] [INFO] [1791201979.094000670] [velocity_smoother]: Activating
[velocity_smoother-38] [INFO] [1791201979.094069274] [velocity_smoother]: Creating bond (velocity_smoother) to lifecycle manager.
[lifecycle_manager-39] [INFO] [1791201979.203769615] [lifecycle_manager_navigation]: Server velocity_smoother connected with bond.
[lifecycle_manager-39] [INFO] [1791201979.203812334] [lifecycle_manager_navigation]: [34m[1mManaged nodes are active[0m[0m
[lifecycle_manager-39] [INFO] [1791201979.203825331] [lifecycle_manager_navigation]: [34m[1mCreating bond timer...[0m[0m
[audio_warning_node-21] [WARN] [1791201997.585766957] [audio_warning_node]: [PA_WARNING] Attention. Smoking detected in room a. Smoking is not allowed here. Please stop immediately.
[compliance_fsm_node-20] [INFO] [1791201997.586745566] [compliance_fsm_node]: FSM: MONITORING -> PA_WARNING (track=c1_1000, after 34.1s)
[incident_emailer_node-23] [INFO] [1791201997.593082819] [incident_emailer_node]: Keyframe saved: /home/desh/compliance_robot_logs/keyframes/20261005_120637_cctv_room_a.jpg
[compliance_fsm_node-20] [INFO] [1791202008.421160586] [compliance_fsm_node]: FSM: PA_WARNING -> APPROACH (track=c1_1000, after 10.0s)
[nav2_goal_sender_node-19] [INFO] [1791202008.842017192] [nav2_goal_sender_node]: Approach goal (1.80,0.00), standoff 0.0 m from target (1.80,0.00)
[bt_navigator-36] [INFO] [1791202008.843233904] [bt_navigator]: Begin navigating from current location (0.00, 0.00) to (1.80, 0.00)
[controller_server-32] [INFO] [1791202008.864334931] [controller_server]: Received a goal, begin computing control effort.
[controller_server-32] [WARN] [1791202008.864407193] [controller_server]: No goal checker was specified in parameter 'current_goal_checker'. Server will use only plugin loaded general_goal_checker . This warning will appear once.
[controller_server-32] [INFO] [1791202009.917197038] [controller_server]: Passing new path to controller.
[ros2-1] [INFO] [1791202010.657137804] [rosbag2_recorder]: Subscribed to topic '/intruder_1/cmd_pose'
[controller_server-32] [INFO] [1791202010.964995611] [controller_server]: Passing new path to controller.
[controller_server-32] [INFO] [1791202011.965909178] [controller_server]: Passing new path to controller.
[controller_server-32] [INFO] [1791202013.016371358] [controller_server]: Passing new path to controller.
[compliance_fsm_node-20] [WARN] [1791202013.756160474] [compliance_fsm_node]: Obstacle at 0.30 m, 35 beams (persisted 0.4s): SAFE_STOP
[compliance_fsm_node-20] [INFO] [1791202013.756714644] [compliance_fsm_node]: FSM: APPROACH -> SAFE_STOP (track=c1_1000, after 4.8s)
[nav2_goal_sender_node-19] [INFO] [1791202013.852015959] [nav2_goal_sender_node]: Cancelling navigation goal (fsm_left_approach)
[controller_server-32] [INFO] [1791202013.864716135] [controller_server]: Goal was canceled. Stopping the robot.
[controller_server-32] [INFO] [1791202013.864857042] [controller_server]: [follow_path] [ActionServer] Client requested to cancel the goal. Cancelling.
[bt_navigator-36] [INFO] [1791202013.866105836] [bt_navigator]: [navigate_to_pose] [ActionServer] Client requested to cancel the goal. Cancelling.
[bt_navigator-36] [INFO] [1791202013.866381530] [bt_navigator]: Goal canceled
[compliance_fsm_node-20] [INFO] [1791202017.039409365] [compliance_fsm_node]: FSM: SAFE_STOP -> MONITORING (track=None, after 3.0s)
[incident_logger_node-22] [INFO] [1791202017.039792714] [incident_logger_node]: Incident logged: stage=S2 outcome=safety_stop track=c1_1000
[planner_server-34] [INFO] [1791202077.154119642] [rclcpp]: signal_handler(SIGINT/SIGTERM)
[planner_server-34] [INFO] [1791202077.154207821] [planner_server]: Running Nav2 LifecycleNode rcl preshutdown (planner_server)
[planner_server-34] [INFO] [1791202077.154294774] [planner_server]: Deactivating
[planner_server-34] [INFO] [1791202077.154336459] [global_costmap.global_costmap]: Deactivating
[controller_server-32] [INFO] [1791202077.154132458] [rclcpp]: signal_handler(SIGINT/SIGTERM)
[controller_server-32] [INFO] [1791202077.154234054] [controller_server]: Running Nav2 LifecycleNode rcl preshutdown (controller_server)
[controller_server-32] [INFO] [1791202077.154314209] [controller_server]: Deactivating
[controller_server-32] [INFO] [1791202077.154363185] [local_costmap.local_costmap]: Deactivating
[amcl-30] [INFO] [1791202077.154129935] [rclcpp]: signal_handler(SIGINT/SIGTERM)
[amcl-30] [INFO] [1791202077.154405845] [amcl]: Running Nav2 LifecycleNode rcl preshutdown (amcl)
[amcl-30] [INFO] [1791202077.154478891] [amcl]: Deactivating
[amcl-30] [INFO] [1791202077.154492349] [amcl]: Destroying bond (amcl) to lifecycle manager.
[smoother_server-33] [INFO] [1791202077.154122640] [rclcpp]: signal_handler(SIGINT/SIGTERM)
[smoother_server-33] [INFO] [1791202077.154248472] [smoother_server]: Running Nav2 LifecycleNode rcl preshutdown (smoother_server)
[smoother_server-33] [INFO] [1791202077.155017982] [smoother_server]: Deactivating
[smoother_server-33] [INFO] [1791202077.155047751] [smoother_server]: Destroying bond (smoother_server) to lifecycle manager.
[waypoint_follower-37] [INFO] [1791202077.154134265] [rclcpp]: signal_handler(SIGINT/SIGTERM)
[waypoint_follower-37] [INFO] [1791202077.154264273] [waypoint_follower]: Running Nav2 LifecycleNode rcl preshutdown (waypoint_follower)
[map_server-29] [INFO] [1791202077.154147414] [rclcpp]: signal_handler(SIGINT/SIGTERM)
[map_server-29] [INFO] [1791202077.154259430] [map_server]: Running Nav2 LifecycleNode rcl preshutdown (map_server)
[map_server-29] [INFO] [1791202077.154325023] [map_server]: Deactivating
[map_server-29] [INFO] [1791202077.154340677] [map_server]: Destroying bond (map_server) to lifecycle manager.
[lifecycle_manager-31] [INFO] [1791202077.154308216] [rclcpp]: signal_handler(SIGINT/SIGTERM)
[lifecycle_manager-31] [INFO] [1791202077.154364135] [lifecycle_manager_localization]: Running Nav2 LifecycleManager rcl preshutdown (lifecycle_manager_localization)
[lifecycle_manager-31] [INFO] [1791202077.154389610] [lifecycle_manager_localization]: [34m[1mTerminating bond timer...[0m[0m
[static_transform_publisher-8] [INFO] [1791202077.154312736] [rclcpp]: signal_handler(SIGINT/SIGTERM)
[static_transform_publisher-9] [INFO] [1791202077.154540168] [rclcpp]: signal_handler(SIGINT/SIGTERM)
[behavior_server-35] [INFO] [1791202077.154556778] [rclcpp]: signal_handler(SIGINT/SIGTERM)
[behavior_server-35] [INFO] [1791202077.154626470] [behavior_server]: Running Nav2 LifecycleNode rcl preshutdown (behavior_server)
[behavior_server-35] [INFO] [1791202077.154779177] [behavior_server]: Deactivating
[twist_mux-3] [INFO] [1791202077.155105678] [rclcpp]: signal_handler(SIGINT/SIGTERM)
[velocity_smoother-38] [INFO] [1791202077.155128036] [rclcpp]: signal_handler(SIGINT/SIGTERM)
[velocity_smoother-38] [INFO] [1791202077.155205403] [velocity_smoother]: Running Nav2 LifecycleNode rcl preshutdown (velocity_smoother)
[velocity_smoother-38] [INFO] [1791202077.155264677] [velocity_smoother]: Deactivating
[velocity_smoother-38] [INFO] [1791202077.155286459] [velocity_smoother]: Destroying bond (velocity_smoother) to lifecycle manager.
[lifecycle_manager-39] [INFO] [1791202077.155206641] [rclcpp]: signal_handler(SIGINT/SIGTERM)
[lifecycle_manager-39] [INFO] [1791202077.155287939] [lifecycle_manager_navigation]: Running Nav2 LifecycleManager rcl preshutdown (lifecycle_manager_navigation)
[lifecycle_manager-39] [INFO] [1791202077.155375822] [lifecycle_manager_navigation]: [34m[1mTerminating bond timer...[0m[0m
[robot_state_publisher-2] [INFO] [1791202077.155362985] [rclcpp]: signal_handler(SIGINT/SIGTERM)
[waypoint_follower-37] [INFO] [1791202077.155688740] [waypoint_follower]: Deactivating
[waypoint_follower-37] [INFO] [1791202077.155751370] [waypoint_follower]: Destroying bond (waypoint_follower) to lifecycle manager.
[behavior_server-35] [INFO] [1791202077.154820246] [behavior_server]: Destroying bond (behavior_server) to lifecycle manager.
[bt_navigator-36] [INFO] [1791202077.157302338] [rclcpp]: signal_handler(SIGINT/SIGTERM)
[bt_navigator-36] [INFO] [1791202077.157366024] [bt_navigator]: Running Nav2 LifecycleNode rcl preshutdown (bt_navigator)
[bt_navigator-36] [INFO] [1791202077.157423948] [bt_navigator]: Deactivating
[bt_navigator-36] [INFO] [1791202077.157443507] [bt_navigator]: Destroying bond (bt_navigator) to lifecycle manager.
[map_server-29] [INFO] [1791202077.164620678] [map_server]: Cleaning up
[map_server-29] [INFO] [1791202077.164678345] [map_server]: Destroying bond (map_server) to lifecycle manager.
[amcl-30] [INFO] [1791202077.165011861] [amcl]: Cleaning up
[velocity_smoother-38] [INFO] [1791202077.168581663] [velocity_smoother]: Cleaning up
[velocity_smoother-38] [INFO] [1791202077.168627870] [velocity_smoother]: Destroying bond (velocity_smoother) to lifecycle manager.
[smoother_server-33] [INFO] [1791202077.169312997] [smoother_server]: Cleaning up
[behavior_server-35] [INFO] [1791202077.169370725] [behavior_server]: Cleaning up
[bt_navigator-36] [INFO] [1791202077.169657818] [bt_navigator]: Cleaning up
[waypoint_follower-37] [INFO] [1791202077.170047303] [waypoint_follower]: Cleaning up
[map_server-29] [INFO] [1791202077.186420155] [map_server]: Destroying
[controller_server-32] [INFO] [1791202077.199362002] [controller_server]: Destroying bond (controller_server) to lifecycle manager.
[velocity_smoother-38] [INFO] [1791202077.214142764] [velocity_smoother]: Destroying
[waypoint_follower-37] [INFO] [1791202077.217750888] [waypoint_follower]: Destroying bond (waypoint_follower) to lifecycle manager.
[lifecycle_manager-31] [INFO] [1791202077.217916316] [lifecycle_manager_localization]: Destroying lifecycle_manager_localization
[behavior_server-35] [INFO] [1791202077.225023583] [behavior_server]: Destroying bond (behavior_server) to lifecycle manager.
[controller_server-32] [INFO] [1791202077.229656075] [controller_server]: Cleaning up
[controller_server-32] [INFO] [1791202077.229874206] [local_costmap.local_costmap]: Cleaning up
[waypoint_follower-37] [INFO] [1791202077.233738801] [waypoint_follower]: Destroying
[tracking_node-12] Traceback (most recent call last):
[tracking_node-12]   File "/home/desh/Yoru_bot_publication/install/yoru_core/lib/yoru_core/tracking_node", line 33, in <module>
[tracking_node-12]     sys.exit(load_entry_point('yoru-core', 'console_scripts', 'tracking_node')())
[tracking_node-12]   File "/home/desh/Yoru_bot_publication/build/yoru_core/yoru_core/tracking_node.py", line 104, in main
[tracking_node-12]     rclpy.spin(node)
[tracking_node-12]   File "/opt/ros/humble/local/lib/python3.10/dist-packages/rclpy/__init__.py", line 229, in spin
[tracking_node-12]     executor.spin_once()
[tracking_node-12]   File "/opt/ros/humble/local/lib/python3.10/dist-packages/rclpy/executors.py", line 773, in spin_once
[tracking_node-12]     self._spin_once_impl(timeout_sec)
[tracking_node-12]   File "/opt/ros/humble/local/lib/python3.10/dist-packages/rclpy/executors.py", line 762, in _spin_once_impl
[tracking_node-12]     handler, entity, node = self.wait_for_ready_callbacks(timeout_sec=timeout_sec)
[tracking_node-12]   File "/opt/ros/humble/local/lib/python3.10/dist-packages/rclpy/executors.py", line 745, in wait_for_ready_callbacks
[tracking_node-12]     return next(self._cb_iter)
[tracking_node-12]   File "/opt/ros/humble/local/lib/python3.10/dist-packages/rclpy/executors.py", line 646, in _wait_for_ready_callbacks
[tracking_node-12]     raise ExternalShutdownException()
[tracking_node-12] rclpy.executors.ExternalShutdownException
[ros2-1] [INFO] [1791202077.274211937] [rosbag2_cpp]: Writing remaining messages from cache to the bag. It may take a while
[ros2-1] [INFO] [1791202077.278947725] [rosbag2_recorder]: Event publisher thread: Exiting
[ros2-1] [INFO] [1791202077.279022905] [rosbag2_recorder]: Recording stopped
[smoother_server-33] [INFO] [1791202077.281373043] [smoother_server]: Destroying bond (smoother_server) to lifecycle manager.
[smoother_server-33] [INFO] [1791202077.290305472] [smoother_server]: Destroying
[event_confirmation_node-17] Traceback (most recent call last):
[event_confirmation_node-17]   File "/home/desh/Yoru_bot_publication/install/yoru_core/lib/yoru_core/event_confirmation_node", line 33, in <module>
[event_confirmation_node-17]     sys.exit(load_entry_point('yoru-core', 'console_scripts', 'event_confirmation_node')())
[event_confirmation_node-17]   File "/home/desh/Yoru_bot_publication/build/yoru_core/yoru_core/event_confirmation_node.py", line 316, in main
[event_confirmation_node-17]     rclpy.spin(node)
[event_confirmation_node-17]   File "/opt/ros/humble/local/lib/python3.10/dist-packages/rclpy/__init__.py", line 229, in spin
[event_confirmation_node-17]     executor.spin_once()
[event_confirmation_node-17]   File "/opt/ros/humble/local/lib/python3.10/dist-packages/rclpy/executors.py", line 773, in spin_once
[event_confirmation_node-17]     self._spin_once_impl(timeout_sec)
[event_confirmation_node-17]   File "/opt/ros/humble/local/lib/python3.10/dist-packages/rclpy/executors.py", line 762, in _spin_once_impl
[event_confirmation_node-17]     handler, entity, node = self.wait_for_ready_callbacks(timeout_sec=timeout_sec)
[event_confirmation_node-17]   File "/opt/ros/humble/local/lib/python3.10/dist-packages/rclpy/executors.py", line 745, in wait_for_ready_callbacks
[event_confirmation_node-17]     return next(self._cb_iter)
[event_confirmation_node-17]   File "/opt/ros/humble/local/lib/python3.10/dist-packages/rclpy/executors.py", line 646, in _wait_for_ready_callbacks
[event_confirmation_node-17]     raise ExternalShutdownException()
[event_confirmation_node-17] rclpy.executors.ExternalShutdownException
[amcl-30] [INFO] [1791202077.310449756] [amcl]: Destroying bond (amcl) to lifecycle manager.
[amcl-30] [INFO] [1791202077.326357006] [amcl]: Destroying
[behavior_server-35] [INFO] [1791202077.327094827] [behavior_server]: Destroying
[INFO] [static_transform_publisher-8]: process has finished cleanly [pid 151669]
[incident_emailer_node-23] Traceback (most recent call last):
[incident_emailer_node-23]   File "/home/desh/Yoru_bot_publication/install/yoru_core/lib/yoru_core/incident_emailer_node", line 33, in <module>
[incident_emailer_node-23]     sys.exit(load_entry_point('yoru-core', 'console_scripts', 'incident_emailer_node')())
[incident_emailer_node-23]   File "/home/desh/Yoru_bot_publication/build/yoru_core/yoru_core/incident_emailer_node.py", line 273, in main
[incident_emailer_node-23]     rclpy.spin(node)
[incident_emailer_node-23]   File "/opt/ros/humble/local/lib/python3.10/dist-packages/rclpy/__init__.py", line 229, in spin
[incident_emailer_node-23]     executor.spin_once()
[incident_emailer_node-23]   File "/opt/ros/humble/local/lib/python3.10/dist-packages/rclpy/executors.py", line 773, in spin_once
[INFO] [static_transform_publisher-9]: process has finished cleanly [pid 151671]
[camera_target_node-14] Traceback (most recent call last):
[camera_target_node-14]   File "/home/desh/Yoru_bot_publication/install/yoru_core/lib/yoru_core/camera_target_node", line 33, in <module>
[camera_target_node-14]     sys.exit(load_entry_point('yoru-core', 'console_scripts', 'camera_target_node')())
[camera_target_node-14]   File "/home/desh/Yoru_bot_publication/build/yoru_core/yoru_core/camera_target_node.py", line 122, in main
[camera_target_node-14]     rclpy.spin(node)
[camera_target_node-14]   File "/opt/ros/humble/local/lib/python3.10/dist-packages/rclpy/__init__.py", line 229, in spin
[camera_target_node-14]     executor.spin_once()
[camera_target_node-14]   File "/opt/ros/humble/local/lib/python3.10/dist-packages/rclpy/executors.py", line 773, in spin_once
[camera_target_node-14]     self._spin_once_impl(timeout_sec)
[camera_target_node-14]   File "/opt/ros/humble/local/lib/python3.10/dist-packages/rclpy/executors.py", line 762, in _spin_once_impl
[camera_target_node-14]     handler, entity, node = self.wait_for_ready_callbacks(timeout_sec=timeout_sec)
[camera_target_node-14]   File "/opt/ros/humble/local/lib/python3.10/dist-packages/rclpy/executors.py", line 745, in wait_for_ready_callbacks
[INFO] [twist_mux-3]: process has finished cleanly [pid 151659]
[camera_target_node-14]     return next(self._cb_iter)
[camera_target_node-14]   File "/opt/ros/humble/local/lib/python3.10/dist-packages/rclpy/executors.py", line 646, in _wait_for_ready_callbacks
[camera_target_node-14]     raise ExternalShutdownException()
[camera_target_node-14] rclpy.executors.ExternalShutdownException
[incident_emailer_node-23]     self._spin_once_impl(timeout_sec)
[incident_emailer_node-23]   File "/opt/ros/humble/local/lib/python3.10/dist-packages/rclpy/executors.py", line 762, in _spin_once_impl
[incident_emailer_node-23]     handler, entity, node = self.wait_for_ready_callbacks(timeout_sec=timeout_sec)
[incident_emailer_node-23]   File "/opt/ros/humble/local/lib/python3.10/dist-packages/rclpy/executors.py", line 745, in wait_for_ready_callbacks
[incident_emailer_node-23]     return next(self._cb_iter)
[incident_emailer_node-23]   File "/opt/ros/humble/local/lib/python3.10/dist-packages/rclpy/executors.py", line 646, in _wait_for_ready_callbacks
[incident_emailer_node-23]     raise ExternalShutdownException()
[incident_emailer_node-23] rclpy.executors.ExternalShutdownException
[patrol_node-24] Traceback (most recent call last):
[patrol_node-24]   File "/home/desh/Yoru_bot_publication/install/yoru_core/lib/yoru_core/patrol_node", line 33, in <module>
[patrol_node-24]     sys.exit(load_entry_point('yoru-core', 'console_scripts', 'patrol_node')())
[patrol_node-24]   File "/home/desh/Yoru_bot_publication/build/yoru_core/yoru_core/patrol_node.py", line 142, in main
[patrol_node-24]     rclpy.spin(node)
[patrol_node-24]   File "/opt/ros/humble/local/lib/python3.10/dist-packages/rclpy/__init__.py", line 229, in spin
[patrol_node-24]     executor.spin_once()
[patrol_node-24]   File "/opt/ros/humble/local/lib/python3.10/dist-packages/rclpy/executors.py", line 773, in spin_once
[patrol_node-24]     self._spin_once_impl(timeout_sec)
[patrol_node-24]   File "/opt/ros/humble/local/lib/python3.10/dist-packages/rclpy/executors.py", line 762, in _spin_once_impl
[patrol_node-24]     handler, entity, node = self.wait_for_ready_callbacks(timeout_sec=timeout_sec)
[patrol_node-24]   File "/opt/ros/humble/local/lib/python3.10/dist-packages/rclpy/executors.py", line 745, in wait_for_ready_callbacks
[patrol_node-24]     return next(self._cb_iter)
[patrol_node-24]   File "/opt/ros/humble/local/lib/python3.10/dist-packages/rclpy/executors.py", line 646, in _wait_for_ready_callbacks
[patrol_node-24]     raise ExternalShutdownException()
[patrol_node-24] rclpy.executors.ExternalShutdownException
[controller_server-32] [INFO] [1791202077.370543012] [controller_server]: Destroying bond (controller_server) to lifecycle manager.
[scenario_publisher_node-11] Traceback (most recent call last):
[scenario_publisher_node-11]   File "/home/desh/Yoru_bot_publication/install/yoru_core/lib/yoru_core/scenario_publisher_node", line 33, in <module>
[scenario_publisher_node-11]     sys.exit(load_entry_point('yoru-core', 'console_scripts', 'scenario_publisher_node')())
[scenario_publisher_node-11]   File "/home/desh/Yoru_bot_publication/build/yoru_core/yoru_core/scenario_publisher_node.py", line 542, in main
[scenario_publisher_node-11]     rclpy.spin(node)
[scenario_publisher_node-11]   File "/opt/ros/humble/local/lib/python3.10/dist-packages/rclpy/__init__.py", line 229, in spin
[scenario_publisher_node-11]     executor.spin_once()
[scenario_publisher_node-11]   File "/opt/ros/humble/local/lib/python3.10/dist-packages/rclpy/executors.py", line 773, in spin_once
[scenario_publisher_node-11]     self._spin_once_impl(timeout_sec)
[scenario_publisher_node-11]   File "/opt/ros/humble/local/lib/python3.10/dist-packages/rclpy/executors.py", line 762, in _spin_once_impl
[scenario_publisher_node-11]     handler, entity, node = self.wait_for_ready_callbacks(timeout_sec=timeout_sec)
[scenario_publisher_node-11]   File "/opt/ros/humble/local/lib/python3.10/dist-packages/rclpy/executors.py", line 745, in wait_for_ready_callbacks
[scenario_publisher_node-11]     return next(self._cb_iter)
[scenario_publisher_node-11]   File "/opt/ros/humble/local/lib/python3.10/dist-packages/rclpy/executors.py", line 646, in _wait_for_ready_callbacks
[scenario_publisher_node-11]     raise ExternalShutdownException()
[scenario_publisher_node-11] rclpy.executors.ExternalShutdownException
[controller_server-32] [INFO] [1791202077.387248523] [local_costmap.local_costmap]: Destroying
[lifecycle_manager-39] [INFO] [1791202077.388911565] [lifecycle_manager_navigation]: Destroying lifecycle_manager_navigation
[human_actor_node-28] Traceback (most recent call last):
[human_actor_node-28]   File "/home/desh/Yoru_bot_publication/install/yoru_core/lib/yoru_core/human_actor_node", line 33, in <module>
[human_actor_node-28]     sys.exit(load_entry_point('yoru-core', 'console_scripts', 'human_actor_node')())
[human_actor_node-28]   File "/home/desh/Yoru_bot_publication/build/yoru_core/yoru_core/human_actor_node.py", line 279, in main
[human_actor_node-28]     rclpy.spin(node)
[human_actor_node-28]   File "/opt/ros/humble/local/lib/python3.10/dist-packages/rclpy/__init__.py", line 229, in spin
[human_actor_node-28]     executor.spin_once()
[human_actor_node-28]   File "/opt/ros/humble/local/lib/python3.10/dist-packages/rclpy/executors.py", line 773, in spin_once
[tracking_node-16] Traceback (most recent call last):
[tracking_node-16]   File "/home/desh/Yoru_bot_publication/install/yoru_core/lib/yoru_core/tracking_node", line 33, in <module>
[tracking_node-16]     sys.exit(load_entry_point('yoru-core', 'console_scripts', 'tracking_node')())
[tracking_node-16]   File "/home/desh/Yoru_bot_publication/build/yoru_core/yoru_core/tracking_node.py", line 104, in main
[tracking_node-16]     rclpy.spin(node)
[tracking_node-16]   File "/opt/ros/humble/local/lib/python3.10/dist-packages/rclpy/__init__.py", line 229, in spin
[tracking_node-16]     executor.spin_once()
[tracking_node-16]   File "/opt/ros/humble/local/lib/python3.10/dist-packages/rclpy/executors.py", line 773, in spin_once
[tracking_node-16]     self._spin_once_impl(timeout_sec)
[tracking_node-16]   File "/opt/ros/humble/local/lib/python3.10/dist-packages/rclpy/executors.py", line 762, in _spin_once_impl
[tracking_node-16]     handler, entity, node = self.wait_for_ready_callbacks(timeout_sec=timeout_sec)
[tracking_node-16]   File "/opt/ros/humble/local/lib/python3.10/dist-packages/rclpy/executors.py", line 745, in wait_for_ready_callbacks
[tracking_node-16]     return next(self._cb_iter)
[tracking_node-16]   File "/opt/ros/humble/local/lib/python3.10/dist-packages/rclpy/executors.py", line 646, in _wait_for_ready_callbacks
[tracking_node-16]     raise ExternalShutdownException()
[tracking_node-16] rclpy.executors.ExternalShutdownException
[INFO] [robot_state_publisher-2]: process has finished cleanly [pid 151657]
[event_confirmation_node-13] Traceback (most recent call last):
[event_confirmation_node-13]   File "/home/desh/Yoru_bot_publication/install/yoru_core/lib/yoru_core/event_confirmation_node", line 33, in <module>
[event_confirmation_node-13]     sys.exit(load_entry_point('yoru-core', 'console_scripts', 'event_confirmation_node')())
[event_confirmation_node-13]   File "/home/desh/Yoru_bot_publication/build/yoru_core/yoru_core/event_confirmation_node.py", line 316, in main
[event_confirmation_node-13]     rclpy.spin(node)
[event_confirmation_node-13]   File "/opt/ros/humble/local/lib/python3.10/dist-packages/rclpy/__init__.py", line 229, in spin
[event_confirmation_node-13]     executor.spin_once()
[event_confirmation_node-13]   File "/opt/ros/humble/local/lib/python3.10/dist-packages/rclpy/executors.py", line 773, in spin_once
[event_confirmation_node-13]     self._spin_once_impl(timeout_sec)
[event_confirmation_node-13]   File "/opt/ros/humble/local/lib/python3.10/dist-packages/rclpy/executors.py", line 762, in _spin_once_impl
[event_confirmation_node-13]     handler, entity, node = self.wait_for_ready_callbacks(timeout_sec=timeout_sec)
[event_confirmation_node-13]   File "/opt/ros/humble/local/lib/python3.10/dist-packages/rclpy/executors.py", line 745, in wait_for_ready_callbacks
[event_confirmation_node-13]     return next(self._cb_iter)
[event_confirmation_node-13]   File "/opt/ros/humble/local/lib/python3.10/dist-packages/rclpy/executors.py", line 646, in _wait_for_ready_callbacks
[event_confirmation_node-13]     raise ExternalShutdownException()
[event_confirmation_node-13] rclpy.executors.ExternalShutdownException
[nav2_goal_sender_node-19] Traceback (most recent call last):
[nav2_goal_sender_node-19]   File "/home/desh/Yoru_bot_publication/install/yoru_core/lib/yoru_core/nav2_goal_sender_node", line 33, in <module>
[nav2_goal_sender_node-19]     sys.exit(load_entry_point('yoru-core', 'console_scripts', 'nav2_goal_sender_node')())
[nav2_goal_sender_node-19]   File "/home/desh/Yoru_bot_publication/build/yoru_core/yoru_core/nav2_goal_sender_node.py", line 195, in main
[nav2_goal_sender_node-19]     rclpy.spin(node)
[nav2_goal_sender_node-19]   File "/opt/ros/humble/local/lib/python3.10/dist-packages/rclpy/__init__.py", line 229, in spin
[nav2_goal_sender_node-19]     executor.spin_once()
[nav2_goal_sender_node-19]   File "/opt/ros/humble/local/lib/python3.10/dist-packages/rclpy/executors.py", line 773, in spin_once
[nav2_goal_sender_node-19]     self._spin_once_impl(timeout_sec)
[nav2_goal_sender_node-19]   File "/opt/ros/humble/local/lib/python3.10/dist-packages/rclpy/executors.py", line 762, in _spin_once_impl
[nav2_goal_sender_node-19]     handler, entity, node = self.wait_for_ready_callbacks(timeout_sec=timeout_sec)
[nav2_goal_sender_node-19]   File "/opt/ros/humble/local/lib/python3.10/dist-packages/rclpy/executors.py", line 745, in wait_for_ready_callbacks
[nav2_goal_sender_node-19]     return next(self._cb_iter)
[nav2_goal_sender_node-19]   File "/opt/ros/humble/local/lib/python3.10/dist-packages/rclpy/executors.py", line 646, in _wait_for_ready_callbacks
[nav2_goal_sender_node-19]     raise ExternalShutdownException()
[nav2_goal_sender_node-19] rclpy.executors.ExternalShutdownException
[INFO] [velocity_smoother-38]: process has finished cleanly [pid 152520]
[human_actor_node-28]     self._spin_once_impl(timeout_sec)
[human_actor_node-28]   File "/opt/ros/humble/local/lib/python3.10/dist-packages/rclpy/executors.py", line 762, in _spin_once_impl
[human_actor_node-28]     handler, entity, node = self.wait_for_ready_callbacks(timeout_sec=timeout_sec)
[human_actor_node-28]   File "/opt/ros/humble/local/lib/python3.10/dist-packages/rclpy/executors.py", line 745, in wait_for_ready_callbacks
[human_actor_node-28]     return next(self._cb_iter)
[human_actor_node-28]   File "/opt/ros/humble/local/lib/python3.10/dist-packages/rclpy/executors.py", line 646, in _wait_for_ready_callbacks
[human_actor_node-28]     raise ExternalShutdownException()
[human_actor_node-28] rclpy.executors.ExternalShutdownException
[INFO] [lifecycle_manager-31]: process has finished cleanly [pid 152472]
[return_to_base_node-25] Traceback (most recent call last):
[return_to_base_node-25]   File "/home/desh/Yoru_bot_publication/install/yoru_core/lib/yoru_core/return_to_base_node", line 33, in <module>
[return_to_base_node-25]     sys.exit(load_entry_point('yoru-core', 'console_scripts', 'return_to_base_node')())
[return_to_base_node-25]   File "/home/desh/Yoru_bot_publication/build/yoru_core/yoru_core/return_to_base_node.py", line 198, in main
[return_to_base_node-25]     rclpy.spin(node)
[return_to_base_node-25]   File "/opt/ros/humble/local/lib/python3.10/dist-packages/rclpy/__init__.py", line 229, in spin
[return_to_base_node-25]     executor.spin_once()
[return_to_base_node-25]   File "/opt/ros/humble/local/lib/python3.10/dist-packages/rclpy/executors.py", line 773, in spin_once
[return_to_base_node-25]     self._spin_once_impl(timeout_sec)
[return_to_base_node-25]   File "/opt/ros/humble/local/lib/python3.10/dist-packages/rclpy/executors.py", line 762, in _spin_once_impl
[return_to_base_node-25]     handler, entity, node = self.wait_for_ready_callbacks(timeout_sec=timeout_sec)
[return_to_base_node-25]   File "/opt/ros/humble/local/lib/python3.10/dist-packages/rclpy/executors.py", line 745, in wait_for_ready_callbacks
[return_to_base_node-25]     return next(self._cb_iter)
[return_to_base_node-25]   File "/opt/ros/humble/local/lib/python3.10/dist-packages/rclpy/executors.py", line 646, in _wait_for_ready_callbacks
[return_to_base_node-25]     raise ExternalShutdownException()
[return_to_base_node-25] rclpy.executors.ExternalShutdownException
[controller_server-32] [INFO] [1791202077.412926233] [controller_server]: Destroying
[compliance_fsm_node-20] Traceback (most recent call last):
[compliance_fsm_node-20]   File "/home/desh/Yoru_bot_publication/install/yoru_core/lib/yoru_core/compliance_fsm_node", line 33, in <module>
[compliance_fsm_node-20]     sys.exit(load_entry_point('yoru-core', 'console_scripts', 'compliance_fsm_node')())
[compliance_fsm_node-20]   File "/home/desh/Yoru_bot_publication/build/yoru_core/yoru_core/compliance_fsm_node.py", line 473, in main
[compliance_fsm_node-20]     rclpy.spin(node)
[compliance_fsm_node-20]   File "/opt/ros/humble/local/lib/python3.10/dist-packages/rclpy/__init__.py", line 229, in spin
[compliance_fsm_node-20]     executor.spin_once()
[compliance_fsm_node-20]   File "/opt/ros/humble/local/lib/python3.10/dist-packages/rclpy/executors.py", line 773, in spin_once
[compliance_fsm_node-20]     self._spin_once_impl(timeout_sec)
[compliance_fsm_node-20]   File "/opt/ros/humble/local/lib/python3.10/dist-packages/rclpy/executors.py", line 762, in _spin_once_impl
[compliance_fsm_node-20]     handler, entity, node = self.wait_for_ready_callbacks(timeout_sec=timeout_sec)
[compliance_fsm_node-20]   File "/opt/ros/humble/local/lib/python3.10/dist-packages/rclpy/executors.py", line 745, in wait_for_ready_callbacks
[compliance_fsm_node-20]     return next(self._cb_iter)
[compliance_fsm_node-20]   File "/opt/ros/humble/local/lib/python3.10/dist-packages/rclpy/executors.py", line 646, in _wait_for_ready_callbacks
[compliance_fsm_node-20]     raise ExternalShutdownException()
[compliance_fsm_node-20] rclpy.executors.ExternalShutdownException
[audio_warning_node-21] Traceback (most recent call last):
[audio_warning_node-21]   File "/home/desh/Yoru_bot_publication/install/yoru_core/lib/yoru_core/audio_warning_node", line 33, in <module>
[audio_warning_node-21]     sys.exit(load_entry_point('yoru-core', 'console_scripts', 'audio_warning_node')())
[audio_warning_node-21]   File "/home/desh/Yoru_bot_publication/build/yoru_core/yoru_core/audio_warning_node.py", line 174, in main
[audio_warning_node-21]     rclpy.spin(node)
[audio_warning_node-21]   File "/opt/ros/humble/local/lib/python3.10/dist-packages/rclpy/__init__.py", line 229, in spin
[audio_warning_node-21]     executor.spin_once()
[audio_warning_node-21]   File "/opt/ros/humble/local/lib/python3.10/dist-packages/rclpy/executors.py", line 773, in spin_once
[audio_warning_node-21]     self._spin_once_impl(timeout_sec)
[audio_warning_node-21]   File "/opt/ros/humble/local/lib/python3.10/dist-packages/rclpy/executors.py", line 762, in _spin_once_impl
[audio_warning_node-21]     handler, entity, node = self.wait_for_ready_callbacks(timeout_sec=timeout_sec)
[audio_warning_node-21]   File "/opt/ros/humble/local/lib/python3.10/dist-packages/rclpy/executors.py", line 745, in wait_for_ready_callbacks
[audio_warning_node-21]     return next(self._cb_iter)
[audio_warning_node-21]   File "/opt/ros/humble/local/lib/python3.10/dist-packages/rclpy/executors.py", line 646, in _wait_for_ready_callbacks
[audio_warning_node-21]     raise ExternalShutdownException()
[audio_warning_node-21] rclpy.executors.ExternalShutdownException
[incident_logger_node-22] Traceback (most recent call last):
[incident_logger_node-22]   File "/home/desh/Yoru_bot_publication/install/yoru_core/lib/yoru_core/incident_logger_node", line 33, in <module>
[incident_logger_node-22]     sys.exit(load_entry_point('yoru-core', 'console_scripts', 'incident_logger_node')())
[incident_logger_node-22]   File "/home/desh/Yoru_bot_publication/build/yoru_core/yoru_core/incident_logger_node.py", line 101, in main
[incident_logger_node-22]     rclpy.spin(node)
[incident_logger_node-22]   File "/opt/ros/humble/local/lib/python3.10/dist-packages/rclpy/__init__.py", line 229, in spin
[incident_logger_node-22]     executor.spin_once()
[incident_logger_node-22]   File "/opt/ros/humble/local/lib/python3.10/dist-packages/rclpy/executors.py", line 773, in spin_once
[incident_logger_node-22]     self._spin_once_impl(timeout_sec)
[incident_logger_node-22]   File "/opt/ros/humble/local/lib/python3.10/dist-packages/rclpy/executors.py", line 762, in _spin_once_impl
[incident_logger_node-22]     handler, entity, node = self.wait_for_ready_callbacks(timeout_sec=timeout_sec)
[incident_logger_node-22]   File "/opt/ros/humble/local/lib/python3.10/dist-packages/rclpy/executors.py", line 745, in wait_for_ready_callbacks
[incident_logger_node-22]     return next(self._cb_iter)
[incident_logger_node-22]   File "/opt/ros/humble/local/lib/python3.10/dist-packages/rclpy/executors.py", line 646, in _wait_for_ready_callbacks
[incident_logger_node-22]     raise ExternalShutdownException()
[incident_logger_node-22] rclpy.executors.ExternalShutdownException
[admin_joy_node-26] Traceback (most recent call last):
[admin_joy_node-26]   File "/home/desh/Yoru_bot_publication/install/yoru_core/lib/yoru_core/admin_joy_node", line 33, in <module>
[admin_joy_node-26]     sys.exit(load_entry_point('yoru-core', 'console_scripts', 'admin_joy_node')())
[admin_joy_node-26]   File "/home/desh/Yoru_bot_publication/build/yoru_core/yoru_core/admin_joy_node.py", line 84, in main
[admin_joy_node-26]     rclpy.spin(node)
[admin_joy_node-26]   File "/opt/ros/humble/local/lib/python3.10/dist-packages/rclpy/__init__.py", line 229, in spin
[admin_joy_node-26]     executor.spin_once()
[admin_joy_node-26]   File "/opt/ros/humble/local/lib/python3.10/dist-packages/rclpy/executors.py", line 773, in spin_once
[admin_joy_node-26]     self._spin_once_impl(timeout_sec)
[admin_joy_node-26]   File "/opt/ros/humble/local/lib/python3.10/dist-packages/rclpy/executors.py", line 762, in _spin_once_impl
[admin_joy_node-26]     handler, entity, node = self.wait_for_ready_callbacks(timeout_sec=timeout_sec)
[admin_joy_node-26]   File "/opt/ros/humble/local/lib/python3.10/dist-packages/rclpy/executors.py", line 745, in wait_for_ready_callbacks
[admin_joy_node-26]     return next(self._cb_iter)
[admin_joy_node-26]   File "/opt/ros/humble/local/lib/python3.10/dist-packages/rclpy/executors.py", line 646, in _wait_for_ready_callbacks
[admin_joy_node-26]     raise ExternalShutdownException()
[admin_joy_node-26] rclpy.executors.ExternalShutdownException
[camera_target_node-18] Traceback (most recent call last):
[camera_target_node-18]   File "/home/desh/Yoru_bot_publication/install/yoru_core/lib/yoru_core/camera_target_node", line 33, in <module>
[camera_target_node-18]     sys.exit(load_entry_point('yoru-core', 'console_scripts', 'camera_target_node')())
[camera_target_node-18]   File "/home/desh/Yoru_bot_publication/build/yoru_core/yoru_core/camera_target_node.py", line 122, in main
[camera_target_node-18]     rclpy.spin(node)
[camera_target_node-18]   File "/opt/ros/humble/local/lib/python3.10/dist-packages/rclpy/__init__.py", line 229, in spin
[camera_target_node-18]     executor.spin_once()
[camera_target_node-18]   File "/opt/ros/humble/local/lib/python3.10/dist-packages/rclpy/executors.py", line 773, in spin_once
[camera_target_node-18]     self._spin_once_impl(timeout_sec)
[camera_target_node-18]   File "/opt/ros/humble/local/lib/python3.10/dist-packages/rclpy/executors.py", line 762, in _spin_once_impl
[camera_target_node-18]     handler, entity, node = self.wait_for_ready_callbacks(timeout_sec=timeout_sec)
[camera_target_node-18]   File "/opt/ros/humble/local/lib/python3.10/dist-packages/rclpy/executors.py", line 745, in wait_for_ready_callbacks
[camera_target_node-18]     return next(self._cb_iter)
[camera_target_node-18]   File "/opt/ros/humble/local/lib/python3.10/dist-packages/rclpy/executors.py", line 646, in _wait_for_ready_callbacks
[camera_target_node-18]     raise ExternalShutdownException()
[camera_target_node-18] rclpy.executors.ExternalShutdownException
[INFO] [map_server-29]: process has finished cleanly [pid 152468]
[INFO] [waypoint_follower-37]: process has finished cleanly [pid 152518]
[INFO] [smoother_server-33]: process has finished cleanly [pid 152510]
[ERROR] [event_confirmation_node-17]: process has died [pid 151690, exit code 1, cmd '/home/desh/Yoru_bot_publication/install/yoru_core/lib/yoru_core/event_confirmation_node --ros-args -r __node:=confirm_cctv2 --params-file /home/desh/Yoru_bot_publication/install/yoru_bringup/share/yoru_bringup/config/yoru_sim.yaml --params-file /tmp/launch_params_lmlxo9jp --params-file /home/desh/Yoru_bot_publication/evidence/phase3/runs/P3_JK/overlay.yaml'].
[INFO] [amcl-30]: process has finished cleanly [pid 152470]
[INFO] [behavior_server-35]: process has finished cleanly [pid 152514]
[bt_navigator-36] [INFO] [1791202077.516289515] [bt_navigator]: Completed Cleaning up
[bt_navigator-36] [INFO] [1791202077.516390283] [bt_navigator]: Destroying bond (bt_navigator) to lifecycle manager.
[planner_server-34] [INFO] [1791202077.526036072] [planner_server]: Deactivating plugin GridBased of type NavfnPlanner
[planner_server-34] [INFO] [1791202077.526096459] [planner_server]: Destroying bond (planner_server) to lifecycle manager.
[bt_navigator-36] [INFO] [1791202077.531748521] [bt_navigator]: Destroying
[planner_server-34] [INFO] [1791202077.539028411] [planner_server]: Cleaning up
[planner_server-34] [INFO] [1791202077.557836551] [global_costmap.global_costmap]: Cleaning up
[INFO] [lifecycle_manager-39]: process has finished cleanly [pid 152602]
[planner_server-34] [INFO] [1791202077.562596867] [planner_server]: Cleaning up plugin GridBased of type NavfnPlanner
[planner_server-34] [INFO] [1791202077.562775687] [planner_server]: Destroying plugin GridBased of type NavfnPlanner
[dashboard_node-27] Traceback (most recent call last):
[dashboard_node-27]   File "/home/desh/Yoru_bot_publication/install/yoru_core/lib/yoru_core/dashboard_node", line 33, in <module>
[dashboard_node-27]     sys.exit(load_entry_point('yoru-core', 'console_scripts', 'dashboard_node')())
[dashboard_node-27]   File "/home/desh/Yoru_bot_publication/build/yoru_core/yoru_core/dashboard_node.py", line 852, in main
[dashboard_node-27]     rclpy.spin(node)
[dashboard_node-27]   File "/opt/ros/humble/local/lib/python3.10/dist-packages/rclpy/__init__.py", line 229, in spin
[dashboard_node-27]     executor.spin_once()
[dashboard_node-27]   File "/opt/ros/humble/local/lib/python3.10/dist-packages/rclpy/executors.py", line 773, in spin_once
[dashboard_node-27]     self._spin_once_impl(timeout_sec)
[dashboard_node-27]   File "/opt/ros/humble/local/lib/python3.10/dist-packages/rclpy/executors.py", line 762, in _spin_once_impl
[dashboard_node-27]     handler, entity, node = self.wait_for_ready_callbacks(timeout_sec=timeout_sec)
[dashboard_node-27]   File "/opt/ros/humble/local/lib/python3.10/dist-packages/rclpy/executors.py", line 745, in wait_for_ready_callbacks
[dashboard_node-27]     return next(self._cb_iter)
[dashboard_node-27]   File "/opt/ros/humble/local/lib/python3.10/dist-packages/rclpy/executors.py", line 646, in _wait_for_ready_callbacks
[dashboard_node-27]     raise ExternalShutdownException()
[dashboard_node-27] rclpy.executors.ExternalShutdownException
[planner_server-34] [INFO] [1791202077.578058324] [planner_server]: Destroying bond (planner_server) to lifecycle manager.
[planner_server-34] [INFO] [1791202077.584440173] [global_costmap.global_costmap]: Destroying
[INFO] [ros2-1]: process has finished cleanly [pid 151655]
[planner_server-34] [INFO] [1791202077.600720549] [planner_server]: Destroying
[ERROR] [event_confirmation_node-13]: process has died [pid 151679, exit code 1, cmd '/home/desh/Yoru_bot_publication/install/yoru_core/lib/yoru_core/event_confirmation_node --ros-args -r __node:=confirm_cctv1 --params-file /home/desh/Yoru_bot_publication/install/yoru_bringup/share/yoru_bringup/config/yoru_sim.yaml --params-file /tmp/launch_params_t8bevuvv --params-file /home/desh/Yoru_bot_publication/evidence/phase3/runs/P3_JK/overlay.yaml'].
[INFO] [controller_server-32]: process has finished cleanly [pid 152508]
[ERROR] [tracking_node-12]: process has died [pid 151677, exit code 1, cmd '/home/desh/Yoru_bot_publication/install/yoru_core/lib/yoru_core/tracking_node --ros-args -r __node:=tracking_cctv1 --params-file /home/desh/Yoru_bot_publication/install/yoru_bringup/share/yoru_bringup/config/yoru_sim.yaml --params-file /tmp/launch_params__216wc4i --params-file /home/desh/Yoru_bot_publication/evidence/phase3/runs/P3_JK/overlay.yaml'].
[ERROR] [incident_logger_node-22]: process has died [pid 151732, exit code 1, cmd '/home/desh/Yoru_bot_publication/install/yoru_core/lib/yoru_core/incident_logger_node --ros-args --params-file /home/desh/Yoru_bot_publication/install/yoru_bringup/share/yoru_bringup/config/yoru_sim.yaml --params-file /tmp/launch_params_4m9vg9uo --params-file /home/desh/Yoru_bot_publication/evidence/phase3/runs/P3_JK/overlay.yaml'].
[ERROR] [incident_emailer_node-23]: process has died [pid 151735, exit code 1, cmd '/home/desh/Yoru_bot_publication/install/yoru_core/lib/yoru_core/incident_emailer_node --ros-args --params-file /home/desh/Yoru_bot_publication/install/yoru_bringup/share/yoru_bringup/config/yoru_sim.yaml --params-file /tmp/launch_params_ncysxbk9 --params-file /home/desh/Yoru_bot_publication/evidence/phase3/runs/P3_JK/overlay.yaml'].
[ERROR] [patrol_node-24]: process has died [pid 151739, exit code 1, cmd '/home/desh/Yoru_bot_publication/install/yoru_core/lib/yoru_core/patrol_node --ros-args --params-file /home/desh/Yoru_bot_publication/install/yoru_bringup/share/yoru_bringup/config/yoru_sim.yaml --params-file /tmp/launch_params_sxcnx3eo --params-file /home/desh/Yoru_bot_publication/evidence/phase3/runs/P3_JK/overlay.yaml'].
[INFO] [bt_navigator-36]: process has finished cleanly [pid 152516]
[ERROR] [audio_warning_node-21]: process has died [pid 151729, exit code 1, cmd '/home/desh/Yoru_bot_publication/install/yoru_core/lib/yoru_core/audio_warning_node --ros-args -r __node:=audio_warning_node --params-file /home/desh/Yoru_bot_publication/install/yoru_bringup/share/yoru_bringup/config/yoru_sim.yaml --params-file /tmp/launch_params_nn37_yfj --params-file /home/desh/Yoru_bot_publication/evidence/phase3/runs/P3_JK/overlay.yaml'].
[ERROR] [camera_target_node-14]: process has died [pid 151681, exit code 1, cmd '/home/desh/Yoru_bot_publication/install/yoru_core/lib/yoru_core/camera_target_node --ros-args -r __node:=camera_target_cctv1 --params-file /home/desh/Yoru_bot_publication/install/yoru_bringup/share/yoru_bringup/config/yoru_sim.yaml --params-file /tmp/launch_params_vc7pwfef --params-file /home/desh/Yoru_bot_publication/evidence/phase3/runs/P3_JK/overlay.yaml'].
[yolo_detector_node-10] Traceback (most recent call last):
[yolo_detector_node-10]   File "/home/desh/Yoru_bot_publication/install/yoru_core/lib/yoru_core/yolo_detector_node", line 33, in <module>
[yolo_detector_node-10]     sys.exit(load_entry_point('yoru-core', 'console_scripts', 'yolo_detector_node')())
[yolo_detector_node-10]   File "/home/desh/Yoru_bot_publication/build/yoru_core/yoru_core/yolo_detector_node.py", line 289, in main
[yolo_detector_node-10]     rclpy.spin(node)
[yolo_detector_node-10]   File "/opt/ros/humble/local/lib/python3.10/dist-packages/rclpy/__init__.py", line 229, in spin
[yolo_detector_node-10]     executor.spin_once()
[yolo_detector_node-10]   File "/opt/ros/humble/local/lib/python3.10/dist-packages/rclpy/executors.py", line 773, in spin_once
[yolo_detector_node-10]     self._spin_once_impl(timeout_sec)
[yolo_detector_node-10]   File "/opt/ros/humble/local/lib/python3.10/dist-packages/rclpy/executors.py", line 770, in _spin_once_impl
[yolo_detector_node-10]     raise handler.exception()
[yolo_detector_node-10]   File "/opt/ros/humble/local/lib/python3.10/dist-packages/rclpy/task.py", line 254, in __call__
[yolo_detector_node-10]     self._handler.send(None)
[yolo_detector_node-10]   File "/opt/ros/humble/local/lib/python3.10/dist-packages/rclpy/executors.py", line 463, in handler
[yolo_detector_node-10]     await call_coroutine(entity, arg)
[yolo_detector_node-10]   File "/opt/ros/humble/local/lib/python3.10/dist-packages/rclpy/executors.py", line 371, in _execute_timer
[yolo_detector_node-10]     await await_or_execute(tmr.callback)
[yolo_detector_node-10]   File "/opt/ros/humble/local/lib/python3.10/dist-packages/rclpy/executors.py", line 107, in await_or_execute
[yolo_detector_node-10]     return callback(*args)
[yolo_detector_node-10]   File "/home/desh/Yoru_bot_publication/build/yoru_core/yoru_core/yolo_detector_node.py", line 239, in process_frame
[yolo_detector_node-10]     self.det_pub.publish(array)
[yolo_detector_node-10]   File "/opt/ros/humble/local/lib/python3.10/dist-packages/rclpy/publisher.py", line 70, in publish
[yolo_detector_node-10]     self.__publisher.publish(msg)
[yolo_detector_node-10] rclpy._rclpy_pybind11.RCLError: Failed to publish: publisher's context is invalid, at ./src/rcl/publisher.c:389
[INFO] [planner_server-34]: process has finished cleanly [pid 152512]
[ERROR] [return_to_base_node-25]: process has died [pid 151741, exit code 1, cmd '/home/desh/Yoru_bot_publication/install/yoru_core/lib/yoru_core/return_to_base_node --ros-args --params-file /home/desh/Yoru_bot_publication/install/yoru_bringup/share/yoru_bringup/config/yoru_sim.yaml --params-file /tmp/launch_params_jdzrurin --params-file /home/desh/Yoru_bot_publication/evidence/phase3/runs/P3_JK/overlay.yaml'].
[ERROR] [compliance_fsm_node-20]: process has died [pid 151726, exit code 1, cmd '/home/desh/Yoru_bot_publication/install/yoru_core/lib/yoru_core/compliance_fsm_node --ros-args --params-file /home/desh/Yoru_bot_publication/install/yoru_bringup/share/yoru_bringup/config/yoru_sim.yaml --params-file /tmp/launch_params_s384u2ih --params-file /home/desh/Yoru_bot_publication/evidence/phase3/runs/P3_JK/overlay.yaml --params-file /tmp/launch_params_l_b4h4ez'].
[ERROR] [nav2_goal_sender_node-19]: process has died [pid 151719, exit code 1, cmd '/home/desh/Yoru_bot_publication/install/yoru_core/lib/yoru_core/nav2_goal_sender_node --ros-args --params-file /home/desh/Yoru_bot_publication/install/yoru_bringup/share/yoru_bringup/config/yoru_sim.yaml --params-file /tmp/launch_params_dalsulv_ --params-file /home/desh/Yoru_bot_publication/evidence/phase3/runs/P3_JK/overlay.yaml --params-file /tmp/launch_params_ynavpq66'].
[yolo_detector_node-15] Traceback (most recent call last):
[yolo_detector_node-15]   File "/home/desh/Yoru_bot_publication/install/yoru_core/lib/yoru_core/yolo_detector_node", line 33, in <module>
[yolo_detector_node-15]     sys.exit(load_entry_point('yoru-core', 'console_scripts', 'yolo_detector_node')())
[yolo_detector_node-15]   File "/home/desh/Yoru_bot_publication/build/yoru_core/yoru_core/yolo_detector_node.py", line 289, in main
[yolo_detector_node-15]     rclpy.spin(node)
[yolo_detector_node-15]   File "/opt/ros/humble/local/lib/python3.10/dist-packages/rclpy/__init__.py", line 229, in spin
[yolo_detector_node-15]     executor.spin_once()
[yolo_detector_node-15]   File "/opt/ros/humble/local/lib/python3.10/dist-packages/rclpy/executors.py", line 773, in spin_once
[yolo_detector_node-15]     self._spin_once_impl(timeout_sec)
[yolo_detector_node-15]   File "/opt/ros/humble/local/lib/python3.10/dist-packages/rclpy/executors.py", line 770, in _spin_once_impl
[yolo_detector_node-15]     raise handler.exception()
[yolo_detector_node-15]   File "/opt/ros/humble/local/lib/python3.10/dist-packages/rclpy/task.py", line 254, in __call__
[yolo_detector_node-15]     self._handler.send(None)
[yolo_detector_node-15]   File "/opt/ros/humble/local/lib/python3.10/dist-packages/rclpy/executors.py", line 463, in handler
[yolo_detector_node-15]     await call_coroutine(entity, arg)
[yolo_detector_node-15]   File "/opt/ros/humble/local/lib/python3.10/dist-packages/rclpy/executors.py", line 371, in _execute_timer
[yolo_detector_node-15]     await await_or_execute(tmr.callback)
[yolo_detector_node-15]   File "/opt/ros/humble/local/lib/python3.10/dist-packages/rclpy/executors.py", line 107, in await_or_execute
[yolo_detector_node-15]     return callback(*args)
[yolo_detector_node-15]   File "/home/desh/Yoru_bot_publication/build/yoru_core/yoru_core/yolo_detector_node.py", line 239, in process_frame
[yolo_detector_node-15]     self.det_pub.publish(array)
[yolo_detector_node-15]   File "/opt/ros/humble/local/lib/python3.10/dist-packages/rclpy/publisher.py", line 70, in publish
[yolo_detector_node-15]     self.__publisher.publish(msg)
[yolo_detector_node-15] rclpy._rclpy_pybind11.RCLError: Failed to publish: publisher's context is invalid, at ./src/rcl/publisher.c:389
[ERROR] [dashboard_node-27]: process has died [pid 151745, exit code 1, cmd '/home/desh/Yoru_bot_publication/install/yoru_core/lib/yoru_core/dashboard_node --ros-args --params-file /home/desh/Yoru_bot_publication/install/yoru_bringup/share/yoru_bringup/config/yoru_sim.yaml --params-file /tmp/launch_params_6ov3vmom --params-file /home/desh/Yoru_bot_publication/evidence/phase3/runs/P3_JK/overlay.yaml'].
[ERROR] [human_actor_node-28]: process has died [pid 151747, exit code 1, cmd '/home/desh/Yoru_bot_publication/install/yoru_core/lib/yoru_core/human_actor_node --ros-args --params-file /home/desh/Yoru_bot_publication/install/yoru_bringup/share/yoru_bringup/config/yoru_sim.yaml --params-file /tmp/launch_params_hs50uzvv --params-file /home/desh/Yoru_bot_publication/evidence/phase3/runs/P3_JK/overlay.yaml'].
[ERROR] [scenario_publisher_node-11]: process has died [pid 151675, exit code 1, cmd '/home/desh/Yoru_bot_publication/install/yoru_core/lib/yoru_core/scenario_publisher_node --ros-args --params-file /home/desh/Yoru_bot_publication/install/yoru_bringup/share/yoru_bringup/config/yoru_sim.yaml --params-file /tmp/launch_params_q6pnucrp --params-file /home/desh/Yoru_bot_publication/evidence/phase3/runs/P3_JK/overlay.yaml --params-file /tmp/launch_params_xudpe6g2'].
[ERROR] [camera_target_node-18]: process has died [pid 151711, exit code 1, cmd '/home/desh/Yoru_bot_publication/install/yoru_core/lib/yoru_core/camera_target_node --ros-args -r __node:=camera_target_cctv2 --params-file /home/desh/Yoru_bot_publication/install/yoru_bringup/share/yoru_bringup/config/yoru_sim.yaml --params-file /tmp/launch_params_gi7dzldg --params-file /home/desh/Yoru_bot_publication/evidence/phase3/runs/P3_JK/overlay.yaml'].
[ERROR] [tracking_node-16]: process has died [pid 151685, exit code 1, cmd '/home/desh/Yoru_bot_publication/install/yoru_core/lib/yoru_core/tracking_node --ros-args -r __node:=tracking_cctv2 --params-file /home/desh/Yoru_bot_publication/install/yoru_bringup/share/yoru_bringup/config/yoru_sim.yaml --params-file /tmp/launch_params_7w7121gi --params-file /home/desh/Yoru_bot_publication/evidence/phase3/runs/P3_JK/overlay.yaml'].
[ERROR] [admin_joy_node-26]: process has died [pid 151743, exit code 1, cmd '/home/desh/Yoru_bot_publication/install/yoru_core/lib/yoru_core/admin_joy_node --ros-args --params-file /home/desh/Yoru_bot_publication/install/yoru_bringup/share/yoru_bringup/config/yoru_sim.yaml --params-file /tmp/launch_params_xucpl0hd --params-file /home/desh/Yoru_bot_publication/evidence/phase3/runs/P3_JK/overlay.yaml'].
[INFO] [gzserver-4]: process has finished cleanly [pid 151661]
[ERROR] [yolo_detector_node-10]: process has died [pid 151673, exit code 1, cmd '/home/desh/Yoru_bot_publication/install/yoru_core/lib/yoru_core/yolo_detector_node --ros-args -r __node:=yolo_cctv1 --params-file /home/desh/Yoru_bot_publication/install/yoru_bringup/share/yoru_bringup/config/yoru_sim.yaml --params-file /tmp/launch_params_9jwpacvk --params-file /home/desh/Yoru_bot_publication/evidence/phase3/runs/P3_JK/overlay.yaml'].
[ERROR] [yolo_detector_node-15]: process has died [pid 151683, exit code 1, cmd '/home/desh/Yoru_bot_publication/install/yoru_core/lib/yoru_core/yolo_detector_node --ros-args -r __node:=yolo_cctv2 --params-file /home/desh/Yoru_bot_publication/install/yoru_bringup/share/yoru_bringup/config/yoru_sim.yaml --params-file /tmp/launch_params_mnsiwl8x --params-file /home/desh/Yoru_bot_publication/evidence/phase3/runs/P3_JK/overlay.yaml'].
